Archive member included to satisfy reference by file (symbol)

/usr/lib/gcc/arm-none-eabi/12.2.1/../../../arm-none-eabi/lib/thumb/v7-m/nofp/libc.a(lib_a-memcpy.o)
                              canbox.vo (memcpy)
/usr/lib/gcc/arm-none-eabi/12.2.1/../../../arm-none-eabi/lib/thumb/v7-m/nofp/libc.a(lib_a-memset.o)
                              conf.vo (memset)
/usr/lib/gcc/arm-none-eabi/12.2.1/../../../arm-none-eabi/lib/thumb/v7-m/nofp/libc.a(lib_a-snprintf.o)
                              main.vo (snprintf)
/usr/lib/gcc/arm-none-eabi/12.2.1/../../../arm-none-eabi/lib/thumb/v7-m/nofp/libc.a(lib_a-strcpy.o)
                              main.vo (strcpy)
/usr/lib/gcc/arm-none-eabi/12.2.1/../../../arm-none-eabi/lib/thumb/v7-m/nofp/libc.a(lib_a-strlen-stub.o)
                              main.vo (strlen)
/usr/lib/gcc/arm-none-eabi/12.2.1/../../../arm-none-eabi/lib/thumb/v7-m/nofp/libc.a(lib_a-svfprintf.o)
                              /usr/lib/gcc/arm-none-eabi/12.2.1/../../../arm-none-eabi/lib/thumb/v7-m/nofp/libc.a(lib_a-snprintf.o) (_svfprintf_r)
/usr/lib/gcc/arm-none-eabi/12.2.1/../../../arm-none-eabi/lib/thumb/v7-m/nofp/libc.a(lib_a-dtoa.o)
                              /usr/lib/gcc/arm-none-eabi/12.2.1/../../../arm-none-eabi/lib/thumb/v7-m/nofp/libc.a(lib_a-svfprintf.o) (_dtoa_r)
/usr/lib/gcc/arm-none-eabi/12.2.1/../../../arm-none-eabi/lib/thumb/v7-m/nofp/libc.a(lib_a-impure.o)
                              /usr/lib/gcc/arm-none-eabi/12.2.1/../../../arm-none-eabi/lib/thumb/v7-m/nofp/libc.a(lib_a-snprintf.o) (_impure_ptr)
/usr/lib/gcc/arm-none-eabi/12.2.1/../../../arm-none-eabi/lib/thumb/v7-m/nofp/libc.a(lib_a-localeconv.o)
                              /usr/lib/gcc/arm-none-eabi/12.2.1/../../../arm-none-eabi/lib/thumb/v7-m/nofp/libc.a(lib_a-svfprintf.o) (_localeconv_r)
/usr/lib/gcc/arm-none-eabi/12.2.1/../../../arm-none-eabi/lib/thumb/v7-m/nofp/libc.a(lib_a-mallocr.o)
                              /usr/lib/gcc/arm-none-eabi/12.2.1/../../../arm-none-eabi/lib/thumb/v7-m/nofp/libc.a(lib_a-svfprintf.o) (_malloc_r)
/usr/lib/gcc/arm-none-eabi/12.2.1/../../../arm-none-eabi/lib/thumb/v7-m/nofp/libc.a(lib_a-memchr-stub.o)
                              /usr/lib/gcc/arm-none-eabi/12.2.1/../../../arm-none-eabi/lib/thumb/v7-m/nofp/libc.a(lib_a-svfprintf.o) (memchr)
/usr/lib/gcc/arm-none-eabi/12.2.1/../../../arm-none-eabi/lib/thumb/v7-m/nofp/libc.a(lib_a-mlock.o)
                              /usr/lib/gcc/arm-none-eabi/12.2.1/../../../arm-none-eabi/lib/thumb/v7-m/nofp/libc.a(lib_a-mallocr.o) (__malloc_lock)
/usr/lib/gcc/arm-none-eabi/12.2.1/../../../arm-none-eabi/lib/thumb/v7-m/nofp/libc.a(lib_a-mprec.o)
                              /usr/lib/gcc/arm-none-eabi/12.2.1/../../../arm-none-eabi/lib/thumb/v7-m/nofp/libc.a(lib_a-dtoa.o) (_Balloc)
/usr/lib/gcc/arm-none-eabi/12.2.1/../../../arm-none-eabi/lib/thumb/v7-m/nofp/libc.a(lib_a-svfiprintf.o)
                              /usr/lib/gcc/arm-none-eabi/12.2.1/../../../arm-none-eabi/lib/thumb/v7-m/nofp/libc.a(lib_a-svfprintf.o) (__ssprint_r)
/usr/lib/gcc/arm-none-eabi/12.2.1/../../../arm-none-eabi/lib/thumb/v7-m/nofp/libc.a(lib_a-assert.o)
                              /usr/lib/gcc/arm-none-eabi/12.2.1/../../../arm-none-eabi/lib/thumb/v7-m/nofp/libc.a(lib_a-dtoa.o) (__assert_func)
/usr/lib/gcc/arm-none-eabi/12.2.1/../../../arm-none-eabi/lib/thumb/v7-m/nofp/libc.a(lib_a-callocr.o)
                              /usr/lib/gcc/arm-none-eabi/12.2.1/../../../arm-none-eabi/lib/thumb/v7-m/nofp/libc.a(lib_a-mprec.o) (_calloc_r)
/usr/lib/gcc/arm-none-eabi/12.2.1/../../../arm-none-eabi/lib/thumb/v7-m/nofp/libc.a(lib_a-fiprintf.o)
                              /usr/lib/gcc/arm-none-eabi/12.2.1/../../../arm-none-eabi/lib/thumb/v7-m/nofp/libc.a(lib_a-assert.o) (fiprintf)
/usr/lib/gcc/arm-none-eabi/12.2.1/../../../arm-none-eabi/lib/thumb/v7-m/nofp/libc.a(lib_a-freer.o)
                              /usr/lib/gcc/arm-none-eabi/12.2.1/../../../arm-none-eabi/lib/thumb/v7-m/nofp/libc.a(lib_a-mallocr.o) (_free_r)
/usr/lib/gcc/arm-none-eabi/12.2.1/../../../arm-none-eabi/lib/thumb/v7-m/nofp/libc.a(lib_a-locale.o)
                              /usr/lib/gcc/arm-none-eabi/12.2.1/../../../arm-none-eabi/lib/thumb/v7-m/nofp/libc.a(lib_a-localeconv.o) (__global_locale)
/usr/lib/gcc/arm-none-eabi/12.2.1/../../../arm-none-eabi/lib/thumb/v7-m/nofp/libc.a(lib_a-mbtowc_r.o)
                              /usr/lib/gcc/arm-none-eabi/12.2.1/../../../arm-none-eabi/lib/thumb/v7-m/nofp/libc.a(lib_a-locale.o) (__ascii_mbtowc)
/usr/lib/gcc/arm-none-eabi/12.2.1/../../../arm-none-eabi/lib/thumb/v7-m/nofp/libc.a(lib_a-memmove.o)
                              /usr/lib/gcc/arm-none-eabi/12.2.1/../../../arm-none-eabi/lib/thumb/v7-m/nofp/libc.a(lib_a-svfiprintf.o) (memmove)
/usr/lib/gcc/arm-none-eabi/12.2.1/../../../arm-none-eabi/lib/thumb/v7-m/nofp/libc.a(lib_a-reallocr.o)
                              /usr/lib/gcc/arm-none-eabi/12.2.1/../../../arm-none-eabi/lib/thumb/v7-m/nofp/libc.a(lib_a-svfiprintf.o) (_realloc_r)
[...]
Memory Configuration

Name             Origin             Length             Attributes
rom              0x0000000008000000 0x0000000000010000 xr
ram              0x0000000020000000 0x0000000000004000 xrw
*default*        0x0000000000000000 0xffffffffffffffff

Linker script and memory map

LOAD main.vo
LOAD canbox.vo
LOAD ring.vo
LOAD conf.vo
LOAD car.vo
LOAD tick.vo
LOAD hw.vo
LOAD sbrk.vo
LOAD volvo_od2/fw/hw_clock.vo
LOAD volvo_od2/fw/hw_can.vo
LOAD volvo_od2/fw/hw_gpio.vo
LOAD volvo_od2/fw/hw_tick.vo
LOAD volvo_od2/fw/hw_usart.vo
LOAD volvo_od2/fw/hw_sleep.vo
LOAD volvo_od2/fw/hw_conf.vo
LOAD libopencm3/lib/stm32/f1/gpio.stm32f1
LOAD libopencm3/lib/stm32/f1/rcc.stm32f1
LOAD libopencm3/lib/stm32/f1/pwr.stm32f1
LOAD libopencm3/lib/stm32/f1/flash.stm32f1
LOAD libopencm3/lib/stm32/common/gpio_common_all.stm32f1
LOAD libopencm3/lib/stm32/common/usart_common_all.stm32f1
LOAD libopencm3/lib/stm32/common/usart_common_f124.stm32f1
LOAD libopencm3/lib/stm32/common/rcc_common_all.stm32f1
LOAD libopencm3/lib/stm32/common/pwr_common_all.stm32f1
LOAD libopencm3/lib/cm3/vector.stm32f1
LOAD libopencm3/lib/cm3/systick.stm32f1
LOAD libopencm3/lib/cm3/nvic.stm32f1
LOAD libopencm3/lib/cm3/sync.stm32f1
LOAD libopencm3/lib/stm32/common/flash_common_f01.stm32f1
LOAD libopencm3/lib/stm32/can.stm32f1
LOAD libopencm3/lib/stm32/common/iwdg_common_all.stm32f1
LOAD libopencm3/lib/stm32/common/exti_common_all.stm32f1
LOAD /usr/lib/gcc/arm-none-eabi/12.2.1/../../../arm-none-eabi/lib/thumb/v7-m/nofp/libc.a
LOAD /usr/lib/gcc/arm-none-eabi/12.2.1/../../../arm-none-eabi/lib/thumb/v7-m/nofp/libm.a
START GROUP
LOAD /usr/lib/gcc/arm-none-eabi/12.2.1/thumb/v7-m/nofp/libgcc.a
LOAD /usr/lib/gcc/arm-none-eabi/12.2.1/../../../arm-none-eabi/lib/thumb/v7-m/nofp/libc.a
END GROUP
START GROUP
LOAD /usr/lib/gcc/arm-none-eabi/12.2.1/thumb/v7-m/nofp/libgcc.a
LOAD /usr/lib/gcc/arm-none-eabi/12.2.1/../../../arm-none-eabi/lib/thumb/v7-m/nofp/libc.a
LOAD /usr/lib/gcc/arm-none-eabi/12.2.1/../../../arm-none-eabi/lib/thumb/v7-m/nofp/libnosys.a
END GROUP

.text           0x0000000008000000     0xce94
 *(.vectors)
 .vectors       0x0000000008000000      0x150 libopencm3/lib/cm3/vector.stm32f1
                0x0000000008000000                vector_table
 *(.text*)
 .text.clr_rscreen
                0x0000000008000150       0x3c main.vo
 .text.print_line
                0x000000000800018c       0x2c main.vo
 .text.clr_screen
                0x00000000080001b8       0x3c main.vo
 .text.get_rear_delay_state
                0x00000000080001f4       0x30 main.vo
                0x00000000080001f4                get_rear_delay_state
 .text.print_sniffer
                0x0000000008000224      0x134 main.vo
                0x0000000008000224                print_sniffer
 .text.print_debug
                0x0000000008000358      0x418 main.vo
                0x0000000008000358                print_debug
 .text.startup.main
                0x0000000008000770      0x354 main.vo
                0x0000000008000770                main
 .text.snd_canbox_msg
                0x0000000008000ac4       0x62 canbox.vo
 .text.snd_canbox_hiworld_msg
                0x0000000008000b26       0x6a canbox.vo
 .text.canbox_raise_vw_radar_process
                0x0000000008000b90      0x2d0 canbox.vo
                0x0000000008000b90                canbox_raise_vw_radar_process
 .text.canbox_raise_vw_wheel_process
                0x0000000008000e60       0x74 canbox.vo
                0x0000000008000e60                canbox_raise_vw_wheel_process
 .text.canbox_raise_vw_door_process
                0x0000000008000ed4       0xbc canbox.vo
                0x0000000008000ed4                canbox_raise_vw_door_process
 .text.canbox_raise_vw_vehicle_info
                0x0000000008000f90       0xd0 canbox.vo
                0x0000000008000f90                canbox_raise_vw_vehicle_info
 .text.canbox_raise_vw_ac_process
                0x0000000008001060      0x220 canbox.vo
                0x0000000008001060                canbox_raise_vw_ac_process
 .text.canbox_raise_vw_mqb_door_process
                0x0000000008001280       0x8c canbox.vo
                0x0000000008001280                canbox_raise_vw_mqb_door_process
 .text.canbox_hiworld_vw_mqb_wheel_process
                0x000000000800130c       0xac canbox.vo
                0x000000000800130c                canbox_hiworld_vw_mqb_wheel_process
 .text.canbox_hiworld_vw_mqb_radar_process
                0x00000000080013b8      0x1bc canbox.vo
                0x00000000080013b8                canbox_hiworld_vw_mqb_radar_process
 .text.canbox_hiworld_vw_mqb_door_process
                0x0000000008001574       0x76 canbox.vo
                0x0000000008001574                canbox_hiworld_vw_mqb_door_process
 .text.canbox_inc_volume
                0x00000000080015ea       0x3a canbox.vo
                0x00000000080015ea                canbox_inc_volume
 .text.canbox_dec_volume
                0x0000000008001624       0x3a canbox.vo
                0x0000000008001624                canbox_dec_volume
 .text.canbox_prev
                0x000000000800165e       0x50 canbox.vo
                0x000000000800165e                canbox_prev
 .text.canbox_next
                0x00000000080016ae       0x50 canbox.vo
                0x00000000080016ae                canbox_next
 .text.canbox_mode
                0x00000000080016fe       0x3a canbox.vo
                0x00000000080016fe                canbox_mode
 .text.canbox_cont
                0x0000000008001738       0x3a canbox.vo
                0x0000000008001738                canbox_cont
 .text.canbox_mici
                0x0000000008001772       0x3a canbox.vo
                0x0000000008001772                canbox_mici
 .text.canbox_enter
                0x00000000080017ac        0x4 canbox.vo
                0x00000000080017ac                canbox_enter
 .text.canbox_exit
                0x00000000080017b0       0x3a canbox.vo
                0x00000000080017b0                canbox_exit
 .text.canbox_cruise
                0x00000000080017ea       0x12 canbox.vo
                0x00000000080017ea                canbox_cruise
 .text.canbox_nav_enter
                0x00000000080017fc       0x3a canbox.vo
                0x00000000080017fc                canbox_nav_enter
 .text.canbox_nav_back
                0x0000000008001836       0x3a canbox.vo
                0x0000000008001836                canbox_nav_back
 .text.canbox_nav_up
                0x0000000008001870        0x4 canbox.vo
                0x0000000008001870                canbox_nav_up
 .text.canbox_nav_down
                0x0000000008001874       0x3a canbox.vo
                0x0000000008001874                canbox_nav_down
 .text.canbox_nav_left
                0x00000000080018ae        0x4 canbox.vo
                0x00000000080018ae                canbox_nav_left
 .text.canbox_nav_right
                0x00000000080018b2        0x4 canbox.vo
                0x00000000080018b2                canbox_nav_right
 *fill*         0x00000000080018b6        0x2 
 .text.canbox_cmd_process
                0x00000000080018b8       0xdc canbox.vo
                0x00000000080018b8                canbox_cmd_process
 .text.canbox_process
                0x0000000008001994       0x74 canbox.vo
                0x0000000008001994                canbox_process
 .text.canbox_park_process
                0x0000000008001a08       0x54 canbox.vo
                0x0000000008001a08                canbox_park_process
 .text.ring_init
                0x0000000008001a5c        0xe ring.vo
                0x0000000008001a5c                ring_init
 .text.ring_write_ch
                0x0000000008001a6a       0x40 ring.vo
                0x0000000008001a6a                ring_write_ch
 .text.ring_write
                0x0000000008001aaa       0x24 ring.vo
                0x0000000008001aaa                ring_write
 .text.ring_read_ch
                0x0000000008001ace       0x2c ring.vo
                0x0000000008001ace                ring_read_ch
 *fill*         0x0000000008001afa        0x2 
 .text.conf_write
                0x0000000008001afc       0xa8 conf.vo
                0x0000000008001afc                conf_write
 .text.conf_read
                0x0000000008001ba4       0xc8 conf.vo
                0x0000000008001ba4                conf_read
 .text.conf_get_car
                0x0000000008001c6c        0xc conf.vo
                0x0000000008001c6c                conf_get_car
 .text.conf_set_car
                0x0000000008001c78       0x10 conf.vo
                0x0000000008001c78                conf_set_car
 .text.conf_get_illum
                0x0000000008001c88        0xc conf.vo
                0x0000000008001c88                conf_get_illum
 .text.conf_set_illum
                0x0000000008001c94       0x10 conf.vo
                0x0000000008001c94                conf_set_illum
 .text.conf_get_rear_delay
                0x0000000008001ca4        0xc conf.vo
                0x0000000008001ca4                conf_get_rear_delay
 .text.conf_set_rear_delay
                0x0000000008001cb0       0x10 conf.vo
                0x0000000008001cb0                conf_set_rear_delay
 .text.conf_get_canbox
                0x0000000008001cc0        0xc conf.vo
                0x0000000008001cc0                conf_get_canbox
 .text.conf_set_canbox
                0x0000000008001ccc       0x10 conf.vo
                0x0000000008001ccc                conf_set_canbox
 .text.conf_get_idx
                0x0000000008001cdc        0xc conf.vo
                0x0000000008001cdc                conf_get_idx
 .text.in_process
                0x0000000008001ce8       0xa6 car.vo
 .text.is_timeout
                0x0000000008001d8e       0x14 car.vo
                0x0000000008001d8e                is_timeout
 *fill*         0x0000000008001da2        0x2 
 .text.anymsg_handler
                0x0000000008001da4       0x1c car.vo
 .text.lr2_2013my_ms_4a6_handler
                0x0000000008001dc0      0x16c car.vo
 .text.lr2_2013my_ms_b8_handler
                0x0000000008001f2c       0x80 car.vo
 .text.lr2_2013my_ms_10_handler
                0x0000000008001fac       0x48 car.vo
 .text.xc90_2007my_ms_temp_handler
                0x0000000008001ff4       0x38 car.vo
 .text.xc90_2007my_ms_acc_handler
                0x000000000800202c       0x2c car.vo
 .text.xc90_2007my_ms_gear_handler
                0x0000000008002058       0x38 car.vo
 .text.xc90_2007my_ms_lsm1_handler
                0x0000000008002090       0x44 car.vo
 .text.xc90_2007my_ms_wheel_handler
                0x00000000080020d4       0x54 car.vo
 .text.xc90_2007my_ms_swm_handler
                0x0000000008002128      0x16c car.vo
 .text.xc90_2007my_ms_lsm0_handler
                0x0000000008002294       0x30 car.vo
 .text.skoda_fabia_ms_taho_handler
                0x00000000080022c4       0x20 car.vo
 .text.skoda_fabia_ms_aircon_handler
                0x00000000080022e4       0x20 car.vo
 .text.skoda_fabia_ms_acc_handler
                0x0000000008002304       0x34 car.vo
 .text.skoda_fabia_ms_gear_handler
                0x0000000008002338       0x38 car.vo
 .text.skoda_fabia_ms_park_handler
                0x0000000008002370       0x24 car.vo
 .text.skoda_fabia_ms_wheel_handler
                0x0000000008002394       0x20 car.vo
 .text.skoda_fabia_ms_swm_handler
                0x00000000080023b4       0x5c car.vo
 .text.skoda_fabia_ms_illum_handler
                0x0000000008002410       0x28 car.vo
 .text.toyota_premio_26x_ms_temp_handler
                0x0000000008002438       0x20 car.vo
 .text.toyota_premio_26x_ms_tacho_handler
                0x0000000008002458       0x28 car.vo
 .text.toyota_premio_26x_ms_odometer
                0x0000000008002480       0x28 car.vo
 .text.toyota_premio_26x_ms_drive_mode_handler
                0x00000000080024a8       0x4c car.vo
 .text.toyota_premio_26x_ms_light_handler
                0x00000000080024f4       0x44 car.vo
 .text.toyota_premio_26x_ms_ign_brake_doors_handler
                0x0000000008002538       0x84 car.vo
 .text.toyota_premio_26x_ms_speed_handler
                0x00000000080025bc       0x2c car.vo
 .text.toyota_premio_26x_ms_wheel_handler
                0x00000000080025e8       0x68 car.vo
 .text.q3_2015_ms_3E3_handler
                0x0000000008002650       0x4c car.vo
 .text.q3_2015_ms_3E1_handler
                0x000000000800269c       0x34 car.vo
 .text.q3_2015_ms_6DA_handler
                0x00000000080026d0      0x1bc car.vo
 .text.q3_2015_ms_621_handler
                0x000000000800288c       0x54 car.vo
 .text.q3_2015_ms_35b_handler
                0x00000000080028e0       0x50 car.vo
 .text.q3_2015_ms_3c3_handler
                0x0000000008002930       0x50 car.vo
 .text.q3_2015_ms_635_handler
                0x0000000008002980       0x44 car.vo
 .text.q3_2015_ms_5BF_handler
                0x00000000080029c4      0x124 car.vo
 .text.q3_2015_ms_359_handler
                0x0000000008002ae8       0x64 car.vo
 .text.q3_2015_ms_470_handler
                0x0000000008002b4c       0x60 car.vo
 *fill*         0x0000000008002bac        0x4 
 .text.q3_2015_ms_571_handler
                0x0000000008002bb0       0x48 car.vo
 .text.q3_2015_ms_65D_handler
                0x0000000008002bf8       0x2c car.vo
 .text.q3_2015_ms_65F_handler
                0x0000000008002c24       0x64 car.vo
 .text.q3_2015_ms_2c3_handler
                0x0000000008002c88       0x2c car.vo
 .text.lr2_2007my_ms_405_handler
                0x0000000008002cb4       0x68 car.vo
 .text.lr2_2013my_ms_405_handler
                0x0000000008002d1c        0x4 car.vo
 .text.lr2_2007my_ms_2a0_handler
                0x0000000008002d20       0x48 car.vo
 .text.lr2_2007my_ms_188_handler
                0x0000000008002d68      0x16c car.vo
 .text.lr2_2007my_ms_110_handler
                0x0000000008002ed4       0x38 car.vo
 .text.lr2_2007my_ms_fd_handler
                0x0000000008002f0c       0x28 car.vo
 .text.lr2_2007my_ms_7e_handler
                0x0000000008002f34       0x5c car.vo
 .text.lr2_2007my_ms_6c_handler
                0x0000000008002f90       0x44 car.vo
 .text.xc90_2007my_ms_rem_handler
                0x0000000008002fd4       0xc8 car.vo
 .text.skoda_fabia_ms_rem_handler
                0x000000000800309c       0xc0 car.vo
 .text.car_get_next_car
                0x000000000800315c       0x14 car.vo
                0x000000000800315c                car_get_next_car
 .text.car_init
                0x0000000008003170       0x54 car.vo
                0x0000000008003170                car_init
 .text.car_get_car
                0x00000000080031c4        0xc car.vo
                0x00000000080031c4                car_get_car
 .text.car_process
                0x00000000080031d0       0x78 car.vo
                0x00000000080031d0                car_process
 .text.car_get_acc
                0x0000000008003248       0x10 car.vo
                0x0000000008003248                car_get_acc
 .text.car_get_ign
                0x0000000008003258       0x10 car.vo
                0x0000000008003258                car_get_ign
 .text.car_get_illum
                0x0000000008003268       0x14 car.vo
                0x0000000008003268                car_get_illum
 .text.car_get_park_lights
                0x000000000800327c       0x14 car.vo
                0x000000000800327c                car_get_park_lights
 .text.car_get_near_lights
                0x0000000008003290       0x14 car.vo
                0x0000000008003290                car_get_near_lights
 .text.car_get_radar
                0x00000000080032a4       0x1c car.vo
                0x00000000080032a4                car_get_radar
 .text.car_get_wheel
                0x00000000080032c0       0x10 car.vo
                0x00000000080032c0                car_get_wheel
 .text.car_get_vin
                0x00000000080032d0       0x3c car.vo
                0x00000000080032d0                car_get_vin
 .text.car_get_odometer
                0x000000000800330c        0xc car.vo
                0x000000000800330c                car_get_odometer
 .text.car_get_selector
                0x0000000008003318        0xc car.vo
                0x0000000008003318                car_get_selector
 .text.car_get_door_fl
                0x0000000008003324       0x14 car.vo
                0x0000000008003324                car_get_door_fl
 .text.car_get_door_fr
                0x0000000008003338       0x14 car.vo
                0x0000000008003338                car_get_door_fr
 .text.car_get_door_rl
                0x000000000800334c       0x14 car.vo
                0x000000000800334c                car_get_door_rl
 .text.car_get_door_rr
                0x0000000008003360       0x14 car.vo
                0x0000000008003360                car_get_door_rr
 .text.car_get_bonnet
                0x0000000008003374       0x14 car.vo
                0x0000000008003374                car_get_bonnet
 .text.car_get_tailgate
                0x0000000008003388       0x14 car.vo
                0x0000000008003388                car_get_tailgate
 .text.car_get_park_break
                0x000000000800339c       0x14 car.vo
                0x000000000800339c                car_get_park_break
 .text.car_get_low_washer
                0x00000000080033b0       0x14 car.vo
                0x00000000080033b0                car_get_low_washer
 .text.car_get_ds_belt
                0x00000000080033c4       0x14 car.vo
                0x00000000080033c4                car_get_ds_belt
 .text.car_get_taho
                0x00000000080033d8        0xc car.vo
                0x00000000080033d8                car_get_taho
 .text.car_get_speed
                0x00000000080033e4        0xc car.vo
                0x00000000080033e4                car_get_speed
 .text.car_get_voltage
                0x00000000080033f0        0xc car.vo
                0x00000000080033f0                car_get_voltage
 .text.car_get_temp
                0x00000000080033fc        0xc car.vo
                0x00000000080033fc                car_get_temp
 .text.car_get_low_voltage
                0x0000000008003408       0x14 car.vo
                0x0000000008003408                car_get_low_voltage
 .text.car_get_low_fuel_level
                0x000000000800341c       0x14 car.vo
                0x000000000800341c                car_get_low_fuel_level
 .text.car_get_air_ac
                0x0000000008003430       0x10 car.vo
                0x0000000008003430                car_get_air_ac
 .text.car_get_air_ac_max
                0x0000000008003440       0x10 car.vo
                0x0000000008003440                car_get_air_ac_max
 .text.car_get_air_recycling
                0x0000000008003450       0x10 car.vo
                0x0000000008003450                car_get_air_recycling
 .text.car_get_air_recycling_max
                0x0000000008003460       0x10 car.vo
                0x0000000008003460                car_get_air_recycling_max
 .text.car_get_air_recycling_min
                0x0000000008003470       0x10 car.vo
                0x0000000008003470                car_get_air_recycling_min
 .text.car_get_air_dual
                0x0000000008003480       0x10 car.vo
                0x0000000008003480                car_get_air_dual
 .text.car_get_air_rear
                0x0000000008003490       0x10 car.vo
                0x0000000008003490                car_get_air_rear
 .text.car_get_air_rear_lock
                0x00000000080034a0       0x10 car.vo
                0x00000000080034a0                car_get_air_rear_lock
 .text.car_get_air_aqs
                0x00000000080034b0       0x10 car.vo
                0x00000000080034b0                car_get_air_aqs
 .text.car_get_air_wind
                0x00000000080034c0       0x10 car.vo
                0x00000000080034c0                car_get_air_wind
 .text.car_get_air_middle
                0x00000000080034d0       0x10 car.vo
                0x00000000080034d0                car_get_air_middle
 .text.car_get_air_floor
                0x00000000080034e0       0x10 car.vo
                0x00000000080034e0                car_get_air_floor
 .text.car_get_air_powerfull
                0x00000000080034f0       0x10 car.vo
                0x00000000080034f0                car_get_air_powerfull
 .text.car_get_air_fanspeed
                0x0000000008003500       0x10 car.vo
                0x0000000008003500                car_get_air_fanspeed
 .text.car_get_air_l_temp
                0x0000000008003510       0x10 car.vo
                0x0000000008003510                car_get_air_l_temp
 .text.car_get_air_r_temp
                0x0000000008003520       0x10 car.vo
                0x0000000008003520                car_get_air_r_temp
 .text.car_get_air_l_seat
                0x0000000008003530       0x10 car.vo
                0x0000000008003530                car_get_air_l_seat
 .text.car_get_air_r_seat
                0x0000000008003540       0x10 car.vo
                0x0000000008003540                car_get_air_r_seat
 .text.hw_systick_callback
                0x0000000008003550       0x90 tick.vo
                0x0000000008003550                hw_systick_callback
 .text.hw_setup
                0x00000000080035e0       0x48 hw.vo
                0x00000000080035e0                hw_setup
 .text.hw_sleep
                0x0000000008003628       0x26 hw.vo
                0x0000000008003628                hw_sleep
 *fill*         0x000000000800364e        0x2 
 .text.__local_ram
                0x0000000008003650       0x14 sbrk.vo
                0x0000000008003650                local_heap_setup
 .text._sbrk_r  0x0000000008003664       0x34 sbrk.vo
                0x0000000008003664                _sbrk_r
 .text.hw_clock_setup
                0x0000000008003698       0x12 volvo_od2/fw/hw_clock.vo
                0x0000000008003698                hw_clock_setup
 *fill*         0x00000000080036aa        0x2 
 .text.hw_can_get_mscan
                0x00000000080036ac        0x8 volvo_od2/fw/hw_can.vo
                0x00000000080036ac                hw_can_get_mscan
 .text.hw_can_set_speed
                0x00000000080036b4       0x7c volvo_od2/fw/hw_can.vo
                0x00000000080036b4                hw_can_set_speed
 .text.hw_can_setup
                0x0000000008003730       0x7a volvo_od2/fw/hw_can.vo
                0x0000000008003730                hw_can_setup
 .text.hw_can_disable
                0x00000000080037aa       0x5c volvo_od2/fw/hw_can.vo
                0x00000000080037aa                hw_can_disable
 .text.hw_can_get_msg_nums
                0x0000000008003806        0x6 volvo_od2/fw/hw_can.vo
                0x0000000008003806                hw_can_get_msg_nums
 .text.hw_can_get_pack_nums
                0x000000000800380c        0x4 volvo_od2/fw/hw_can.vo
                0x000000000800380c                hw_can_get_pack_nums
 .text.hw_can_get_msg
                0x0000000008003810       0x2c volvo_od2/fw/hw_can.vo
                0x0000000008003810                hw_can_get_msg
 .text.usb_lp_can_rx0_isr
                0x000000000800383c       0xf4 volvo_od2/fw/hw_can.vo
                0x000000000800383c                usb_lp_can_rx0_isr
 .text.hw_can_clr
                0x0000000008003930        0xa volvo_od2/fw/hw_can.vo
                0x0000000008003930                hw_can_clr
 .text.hw_can_sleep
                0x000000000800393a       0x6a volvo_od2/fw/hw_can.vo
                0x000000000800393a                hw_can_sleep
 .text.exti15_10_isr
                0x00000000080039a4        0x8 volvo_od2/fw/hw_can.vo
                0x00000000080039a4                exti15_10_isr
 .text.hw_gpio_set
                0x00000000080039ac        0x8 volvo_od2/fw/hw_gpio.vo
                0x00000000080039ac                hw_gpio_set
 .text.hw_gpio_clr
                0x00000000080039b4        0x8 volvo_od2/fw/hw_gpio.vo
                0x00000000080039b4                hw_gpio_clr
 .text.hw_gpio_set_float
                0x00000000080039bc        0xc volvo_od2/fw/hw_gpio.vo
                0x00000000080039bc                hw_gpio_set_float
 .text.hw_gpio_setup
                0x00000000080039c8       0x88 volvo_od2/fw/hw_gpio.vo
                0x00000000080039c8                hw_gpio_setup
 .text.hw_gpio_disable
                0x0000000008003a50       0x30 volvo_od2/fw/hw_gpio.vo
                0x0000000008003a50                hw_gpio_disable
 .text.hw_gpio_rear_on
                0x0000000008003a80        0xc volvo_od2/fw/hw_gpio.vo
                0x0000000008003a80                hw_gpio_rear_on
 .text.hw_gpio_rear_off
                0x0000000008003a8c        0xc volvo_od2/fw/hw_gpio.vo
                0x0000000008003a8c                hw_gpio_rear_off
 .text.hw_gpio_acc_on
                0x0000000008003a98        0xc volvo_od2/fw/hw_gpio.vo
                0x0000000008003a98                hw_gpio_acc_on
 .text.hw_gpio_acc_off
                0x0000000008003aa4        0xc volvo_od2/fw/hw_gpio.vo
                0x0000000008003aa4                hw_gpio_acc_off
 .text.hw_gpio_ill_on
                0x0000000008003ab0        0xc volvo_od2/fw/hw_gpio.vo
                0x0000000008003ab0                hw_gpio_ill_on
 .text.hw_gpio_ill_off
                0x0000000008003abc        0xc volvo_od2/fw/hw_gpio.vo
                0x0000000008003abc                hw_gpio_ill_off
 .text.hw_systick_disable
                0x0000000008003ac8        0xe volvo_od2/fw/hw_tick.vo
                0x0000000008003ac8                hw_systick_disable
 .text.hw_systick_setup
                0x0000000008003ad6       0x24 volvo_od2/fw/hw_tick.vo
                0x0000000008003ad6                hw_systick_setup
 .text.sys_tick_handler
                0x0000000008003afa        0x4 volvo_od2/fw/hw_tick.vo
                0x0000000008003afa                sys_tick_handler
 *fill*         0x0000000008003afe        0x2 
 .text.hw_usart_get
                0x0000000008003b00        0x8 volvo_od2/fw/hw_usart.vo
                0x0000000008003b00                hw_usart_get
 .text.hw_usart_setup
                0x0000000008003b08       0x96 volvo_od2/fw/hw_usart.vo
                0x0000000008003b08                hw_usart_setup
 *fill*         0x0000000008003b9e        0x2 
 .text.usart_isr
                0x0000000008003ba0       0x74 volvo_od2/fw/hw_usart.vo
                0x0000000008003ba0                usart_isr
 .text.usart1_isr
                0x0000000008003c14        0xc volvo_od2/fw/hw_usart.vo
                0x0000000008003c14                usart1_isr
 .text.hw_usart_write
                0x0000000008003c20       0x1c volvo_od2/fw/hw_usart.vo
                0x0000000008003c20                hw_usart_write
 .text.hw_usart_disable
                0x0000000008003c3c       0x20 volvo_od2/fw/hw_usart.vo
                0x0000000008003c3c                hw_usart_disable
 .text.hw_usart_read_ch
                0x0000000008003c5c        0x6 volvo_od2/fw/hw_usart.vo
                0x0000000008003c5c                hw_usart_read_ch
 .text.hw_cpu_sleep
                0x0000000008003c62       0x4e volvo_od2/fw/hw_sleep.vo
                0x0000000008003c62                hw_cpu_sleep
 .text.hw_conf_get_addr
                0x0000000008003cb0        0x8 volvo_od2/fw/hw_conf.vo
                0x0000000008003cb0                hw_conf_get_addr
 .text.hw_conf_get_sz
                0x0000000008003cb8        0x6 volvo_od2/fw/hw_conf.vo
                0x0000000008003cb8                hw_conf_get_sz
 .text.hw_conf_unlock
                0x0000000008003cbe        0x6 volvo_od2/fw/hw_conf.vo
                0x0000000008003cbe                hw_conf_unlock
 .text.hw_conf_lock
                0x0000000008003cc4        0xa volvo_od2/fw/hw_conf.vo
                0x0000000008003cc4                hw_conf_lock
 *fill*         0x0000000008003cce        0x2 
 .text.hw_conf_erase
                0x0000000008003cd0       0x18 volvo_od2/fw/hw_conf.vo
                0x0000000008003cd0                hw_conf_erase
 .text.hw_conf_setup
                0x0000000008003ce8        0x2 volvo_od2/fw/hw_conf.vo
                0x0000000008003ce8                hw_conf_setup
 .text.hw_conf_read_word
                0x0000000008003cea        0x4 volvo_od2/fw/hw_conf.vo
                0x0000000008003cea                hw_conf_read_word
 .text.hw_conf_write_word
                0x0000000008003cee        0x4 volvo_od2/fw/hw_conf.vo
                0x0000000008003cee                hw_conf_write_word
 .text.gpio_set_mode
                0x0000000008003cf2       0x6a libopencm3/lib/stm32/f1/gpio.stm32f1
                0x0000000008003cf2                gpio_set_mode
 .text.rcc_wait_for_osc_ready
                0x0000000008003d5c       0x5c libopencm3/lib/stm32/f1/rcc.stm32f1
                0x0000000008003d5c                rcc_wait_for_osc_ready
 .text.rcc_osc_on
                0x0000000008003db8       0x60 libopencm3/lib/stm32/f1/rcc.stm32f1
                0x0000000008003db8                rcc_osc_on
 .text.rcc_set_sysclk_source
                0x0000000008003e18       0x14 libopencm3/lib/stm32/f1/rcc.stm32f1
                0x0000000008003e18                rcc_set_sysclk_source
 .text.rcc_set_pll_multiplication_factor
                0x0000000008003e2c       0x14 libopencm3/lib/stm32/f1/rcc.stm32f1
                0x0000000008003e2c                rcc_set_pll_multiplication_factor
 .text.rcc_set_pll_source
                0x0000000008003e40       0x14 libopencm3/lib/stm32/f1/rcc.stm32f1
                0x0000000008003e40                rcc_set_pll_source
 .text.rcc_set_pllxtpre
                0x0000000008003e54       0x14 libopencm3/lib/stm32/f1/rcc.stm32f1
                0x0000000008003e54                rcc_set_pllxtpre
 .text.rcc_set_adcpre
                0x0000000008003e68       0x14 libopencm3/lib/stm32/f1/rcc.stm32f1
                0x0000000008003e68                rcc_set_adcpre
 .text.rcc_set_ppre2
                0x0000000008003e7c       0x14 libopencm3/lib/stm32/f1/rcc.stm32f1
                0x0000000008003e7c                rcc_set_ppre2
 .text.rcc_set_ppre1
                0x0000000008003e90       0x14 libopencm3/lib/stm32/f1/rcc.stm32f1
                0x0000000008003e90                rcc_set_ppre1
 .text.rcc_set_hpre
                0x0000000008003ea4       0x14 libopencm3/lib/stm32/f1/rcc.stm32f1
                0x0000000008003ea4                rcc_set_hpre
 .text.rcc_clock_setup_in_hse_8mhz_out_72mhz
                0x0000000008003eb8       0x88 libopencm3/lib/stm32/f1/rcc.stm32f1
                0x0000000008003eb8                rcc_clock_setup_in_hse_8mhz_out_72mhz
 .text.flash_get_status_flags
                0x0000000008003f40       0x24 libopencm3/lib/stm32/f1/flash.stm32f1
                0x0000000008003f40                flash_get_status_flags
 .text.flash_program_half_word
                0x0000000008003f64       0x7c libopencm3/lib/stm32/f1/flash.stm32f1
                0x0000000008003f64                flash_program_half_word
 .text.flash_erase_page
                0x0000000008003fe0       0x88 libopencm3/lib/stm32/f1/flash.stm32f1
                0x0000000008003fe0                flash_erase_page
 .text.gpio_set
                0x0000000008004068        0x4 libopencm3/lib/stm32/common/gpio_common_all.stm32f1
                0x0000000008004068                gpio_set
 .text.gpio_clear
                0x000000000800406c        0x6 libopencm3/lib/stm32/common/gpio_common_all.stm32f1
                0x000000000800406c                gpio_clear
 *fill*         0x0000000008004072        0x2 
 .text.usart_set_baudrate
                0x0000000008004074       0x28 libopencm3/lib/stm32/common/usart_common_all.stm32f1
                0x0000000008004074                usart_set_baudrate
 .text.usart_set_databits
                0x000000000800409c       0x12 libopencm3/lib/stm32/common/usart_common_all.stm32f1
                0x000000000800409c                usart_set_databits
 .text.usart_set_stopbits
                0x00000000080040ae        0xc libopencm3/lib/stm32/common/usart_common_all.stm32f1
                0x00000000080040ae                usart_set_stopbits
 .text.usart_set_parity
                0x00000000080040ba        0xc libopencm3/lib/stm32/common/usart_common_all.stm32f1
                0x00000000080040ba                usart_set_parity
 .text.usart_set_mode
                0x00000000080040c6        0xc libopencm3/lib/stm32/common/usart_common_all.stm32f1
                0x00000000080040c6                usart_set_mode
 .text.usart_set_flow_control
                0x00000000080040d2        0xc libopencm3/lib/stm32/common/usart_common_all.stm32f1
                0x00000000080040d2                usart_set_flow_control
 .text.usart_enable
                0x00000000080040de        0xa libopencm3/lib/stm32/common/usart_common_all.stm32f1
                0x00000000080040de                usart_enable
 .text.usart_disable
                0x00000000080040e8        0xa libopencm3/lib/stm32/common/usart_common_all.stm32f1
                0x00000000080040e8                usart_disable
 .text.usart_send
                0x00000000080040f2        0x8 libopencm3/lib/stm32/common/usart_common_f124.stm32f1
                0x00000000080040f2                usart_send
 .text.usart_recv
                0x00000000080040fa        0x8 libopencm3/lib/stm32/common/usart_common_f124.stm32f1
                0x00000000080040fa                usart_recv
 .text.rcc_peripheral_reset
                0x0000000008004102        0x8 libopencm3/lib/stm32/common/rcc_common_all.stm32f1
                0x0000000008004102                rcc_peripheral_reset
 .text.rcc_peripheral_clear_reset
                0x000000000800410a        0xa libopencm3/lib/stm32/common/rcc_common_all.stm32f1
                0x000000000800410a                rcc_peripheral_clear_reset
 .text.rcc_periph_clock_enable
                0x0000000008004114       0x1a libopencm3/lib/stm32/common/rcc_common_all.stm32f1
                0x0000000008004114                rcc_periph_clock_enable
 .text.rcc_periph_clock_disable
                0x000000000800412e       0x1c libopencm3/lib/stm32/common/rcc_common_all.stm32f1
                0x000000000800412e                rcc_periph_clock_disable
 *fill*         0x000000000800414a        0x2 
 .text.pwr_clear_wakeup_flag
                0x000000000800414c       0x10 libopencm3/lib/stm32/common/pwr_common_all.stm32f1
                0x000000000800414c                pwr_clear_wakeup_flag
 .text.pwr_set_stop_mode
                0x000000000800415c       0x10 libopencm3/lib/stm32/common/pwr_common_all.stm32f1
                0x000000000800415c                pwr_set_stop_mode
 .text.pwr_voltage_regulator_low_power_in_stop
                0x000000000800416c       0x10 libopencm3/lib/stm32/common/pwr_common_all.stm32f1
                0x000000000800416c                pwr_voltage_regulator_low_power_in_stop
 .text.blocking_handler
                0x000000000800417c        0x2 libopencm3/lib/cm3/vector.stm32f1
                0x000000000800417c                usart3_isr
                0x000000000800417c                rtc_isr
                0x000000000800417c                tim7_isr
                0x000000000800417c                adc1_2_isr
                0x000000000800417c                tim1_trg_com_isr
                0x000000000800417c                usb_hp_can_tx_isr
                0x000000000800417c                tim6_isr
                0x000000000800417c                usb_wakeup_isr
                0x000000000800417c                blocking_handler
                0x000000000800417c                tim5_isr
                0x000000000800417c                otg_fs_isr
                0x000000000800417c                spi1_isr
                0x000000000800417c                exti2_isr
                0x000000000800417c                dma1_channel6_isr
                0x000000000800417c                can_rx1_isr
                0x000000000800417c                dma1_channel5_isr
                0x000000000800417c                dma2_channel5_isr
                0x000000000800417c                usage_fault_handler
                0x000000000800417c                tim8_trg_com_isr
                0x000000000800417c                can2_rx0_isr
                0x000000000800417c                tim1_brk_isr
                0x000000000800417c                can2_rx1_isr
                0x000000000800417c                tim1_cc_isr
                0x000000000800417c                sdio_isr
                0x000000000800417c                eth_isr
                0x000000000800417c                dma1_channel4_isr
                0x000000000800417c                tim8_brk_isr
                0x000000000800417c                dma2_channel4_5_isr
                0x000000000800417c                pvd_isr
                0x000000000800417c                rcc_isr
                0x000000000800417c                flash_isr
                0x000000000800417c                uart4_isr
                0x000000000800417c                rtc_alarm_isr
                0x000000000800417c                hard_fault_handler
                0x000000000800417c                exti1_isr
                0x000000000800417c                i2c1_ev_isr
                0x000000000800417c                dma2_channel1_isr
                0x000000000800417c                spi2_isr
                0x000000000800417c                tim8_up_isr
                0x000000000800417c                dma2_channel2_isr
                0x000000000800417c                exti3_isr
                0x000000000800417c                adc3_isr
                0x000000000800417c                tim3_isr
                0x000000000800417c                usart2_isr
                0x000000000800417c                i2c2_er_isr
                0x000000000800417c                i2c2_ev_isr
                0x000000000800417c                uart5_isr
                0x000000000800417c                fsmc_isr
                0x000000000800417c                dma1_channel1_isr
                0x000000000800417c                exti4_isr
                0x000000000800417c                mem_manage_handler
                0x000000000800417c                can2_tx_isr
                0x000000000800417c                exti9_5_isr
                0x000000000800417c                dma2_channel3_isr
                0x000000000800417c                dma1_channel7_isr
                0x000000000800417c                tim1_up_isr
                0x000000000800417c                can2_sce_isr
                0x000000000800417c                tim4_isr
                0x000000000800417c                dma1_channel2_isr
                0x000000000800417c                i2c1_er_isr
                0x000000000800417c                can_sce_isr
                0x000000000800417c                tim8_cc_isr
                0x000000000800417c                tamper_isr
                0x000000000800417c                eth_wkup_isr
                0x000000000800417c                bus_fault_handler
                0x000000000800417c                wwdg_isr
                0x000000000800417c                dma1_channel3_isr
                0x000000000800417c                spi3_isr
                0x000000000800417c                tim2_isr
                0x000000000800417c                exti0_isr
 .text.null_handler
                0x000000000800417e        0x2 libopencm3/lib/cm3/vector.stm32f1
                0x000000000800417e                null_handler
                0x000000000800417e                sv_call_handler
                0x000000000800417e                pend_sv_handler
                0x000000000800417e                debug_monitor_handler
                0x000000000800417e                nmi_handler
 .text.reset_handler
                0x0000000008004180       0x90 libopencm3/lib/cm3/vector.stm32f1
                0x0000000008004180                reset_handler
 .text.systick_set_reload
                0x0000000008004210        0xc libopencm3/lib/cm3/systick.stm32f1
                0x0000000008004210                systick_set_reload
 .text.systick_set_clocksource
                0x000000000800421c       0x14 libopencm3/lib/cm3/systick.stm32f1
                0x000000000800421c                systick_set_clocksource
 .text.systick_interrupt_enable
                0x0000000008004230        0xe libopencm3/lib/cm3/systick.stm32f1
                0x0000000008004230                systick_interrupt_enable
 .text.systick_interrupt_disable
                0x000000000800423e        0xe libopencm3/lib/cm3/systick.stm32f1
                0x000000000800423e                systick_interrupt_disable
 .text.systick_counter_enable
                0x000000000800424c        0xe libopencm3/lib/cm3/systick.stm32f1
                0x000000000800424c                systick_counter_enable
 .text.systick_counter_disable
                0x000000000800425a        0xe libopencm3/lib/cm3/systick.stm32f1
                0x000000000800425a                systick_counter_disable
 .text.nvic_enable_irq
                0x0000000008004268       0x18 libopencm3/lib/cm3/nvic.stm32f1
                0x0000000008004268                nvic_enable_irq
 .text.nvic_disable_irq
                0x0000000008004280       0x18 libopencm3/lib/cm3/nvic.stm32f1
                0x0000000008004280                nvic_disable_irq
 .text.nvic_set_priority
                0x0000000008004298       0x20 libopencm3/lib/cm3/nvic.stm32f1
                0x0000000008004298                nvic_set_priority
 .text.flash_set_ws
                0x00000000080042b8       0x14 libopencm3/lib/stm32/common/flash_common_f01.stm32f1
                0x00000000080042b8                flash_set_ws
 .text.flash_unlock
                0x00000000080042cc       0x20 libopencm3/lib/stm32/common/flash_common_f01.stm32f1
                0x00000000080042cc                flash_unlock
 .text.flash_lock
                0x00000000080042ec       0x10 libopencm3/lib/stm32/common/flash_common_f01.stm32f1
                0x00000000080042ec                flash_lock
 .text.flash_wait_for_last_operation
                0x00000000080042fc        0xc libopencm3/lib/stm32/common/flash_common_f01.stm32f1
                0x00000000080042fc                flash_wait_for_last_operation
 .text.flash_program_word
                0x0000000008004308       0x18 libopencm3/lib/stm32/common/flash_common_f01.stm32f1
                0x0000000008004308                flash_program_word
 .text.can_reset
                0x0000000008004320       0x38 libopencm3/lib/stm32/can.stm32f1
                0x0000000008004320                can_reset
 .text.can_init
                0x0000000008004358      0x12a libopencm3/lib/stm32/can.stm32f1
                0x0000000008004358                can_init
 .text.can_filter_init
                0x0000000008004482       0x90 libopencm3/lib/stm32/can.stm32f1
                0x0000000008004482                can_filter_init
 .text.can_filter_id_mask_32bit_init
                0x0000000008004512       0x1c libopencm3/lib/stm32/can.stm32f1
                0x0000000008004512                can_filter_id_mask_32bit_init
 .text.can_enable_irq
                0x000000000800452e        0x8 libopencm3/lib/stm32/can.stm32f1
                0x000000000800452e                can_enable_irq
 .text.can_disable_irq
                0x0000000008004536        0xa libopencm3/lib/stm32/can.stm32f1
                0x0000000008004536                can_disable_irq
 .text.can_fifo_release
                0x0000000008004540       0x16 libopencm3/lib/stm32/can.stm32f1
                0x0000000008004540                can_fifo_release
 .text.can_receive
                0x0000000008004556       0xa0 libopencm3/lib/stm32/can.stm32f1
                0x0000000008004556                can_receive
 *fill*         0x00000000080045f6        0x2 
 .text.exti_set_trigger
                0x00000000080045f8       0x48 libopencm3/lib/stm32/common/exti_common_all.stm32f1
                0x00000000080045f8                exti_set_trigger
 .text.exti_enable_request
                0x0000000008004640       0x1c libopencm3/lib/stm32/common/exti_common_all.stm32f1
                0x0000000008004640                exti_enable_request
 .text.exti_disable_request
                0x000000000800465c       0x20 libopencm3/lib/stm32/common/exti_common_all.stm32f1
                0x000000000800465c                exti_disable_request
 .text.exti_reset_request
                0x000000000800467c        0xc libopencm3/lib/stm32/common/exti_common_all.stm32f1
                0x000000000800467c                exti_reset_request
 .text.exti_select_source
                0x0000000008004688       0xa0 libopencm3/lib/stm32/common/exti_common_all.stm32f1
                0x0000000008004688                exti_select_source
 .text          0x0000000008004728       0xec /usr/lib/gcc/arm-none-eabi/12.2.1/../../../arm-none-eabi/lib/thumb/v7-m/nofp/libc.a(lib_a-memcpy.o)
                0x0000000008004728                memcpy
 .text          0x0000000008004814       0xa4 /usr/lib/gcc/arm-none-eabi/12.2.1/../../../arm-none-eabi/lib/thumb/v7-m/nofp/libc.a(lib_a-memset.o)
                0x0000000008004814                memset
 .text          0x00000000080048b8      0x100 /usr/lib/gcc/arm-none-eabi/12.2.1/../../../arm-none-eabi/lib/thumb/v7-m/nofp/libc.a(lib_a-snprintf.o)
                0x00000000080048b8                _snprintf_r
                0x0000000008004934                snprintf
 .text          0x00000000080049b8       0xbc /usr/lib/gcc/arm-none-eabi/12.2.1/../../../arm-none-eabi/lib/thumb/v7-m/nofp/libc.a(lib_a-strcpy.o)
                0x00000000080049b8                strcpy
 .text          0x0000000008004a74       0x5c /usr/lib/gcc/arm-none-eabi/12.2.1/../../../arm-none-eabi/lib/thumb/v7-m/nofp/libc.a(lib_a-strlen-stub.o)
                0x0000000008004a74                strlen
 .text          0x0000000008004ad0     0x1498 /usr/lib/gcc/arm-none-eabi/12.2.1/../../../arm-none-eabi/lib/thumb/v7-m/nofp/libc.a(lib_a-svfprintf.o)
                0x0000000008004ad0                _svfprintf_r
 .text          0x0000000008005f68      0xff4 /usr/lib/gcc/arm-none-eabi/12.2.1/../../../arm-none-eabi/lib/thumb/v7-m/nofp/libc.a(lib_a-dtoa.o)
                0x0000000008006094                _dtoa_r
 .text          0x0000000008006f5c       0x14 /usr/lib/gcc/arm-none-eabi/12.2.1/../../../arm-none-eabi/lib/thumb/v7-m/nofp/libc.a(lib_a-localeconv.o)
                0x0000000008006f5c                __localeconv_l
                0x0000000008006f60                _localeconv_r
                0x0000000008006f68                localeconv
 .text          0x0000000008006f70      0x54c /usr/lib/gcc/arm-none-eabi/12.2.1/../../../arm-none-eabi/lib/thumb/v7-m/nofp/libc.a(lib_a-mallocr.o)
                0x0000000008006f70                _malloc_r
 .text          0x00000000080074bc       0x90 /usr/lib/gcc/arm-none-eabi/12.2.1/../../../arm-none-eabi/lib/thumb/v7-m/nofp/libc.a(lib_a-memchr-stub.o)
                0x00000000080074bc                memchr
 .text          0x000000000800754c        0x8 /usr/lib/gcc/arm-none-eabi/12.2.1/../../../arm-none-eabi/lib/thumb/v7-m/nofp/libc.a(lib_a-mlock.o)
                0x000000000800754c                __malloc_lock
                0x0000000008007550                __malloc_unlock
 .text          0x0000000008007554      0xa68 /usr/lib/gcc/arm-none-eabi/12.2.1/../../../arm-none-eabi/lib/thumb/v7-m/nofp/libc.a(lib_a-mprec.o)
                0x0000000008007554                _Balloc
                0x00000000080075a0                _Bfree
                0x00000000080075b4                __multadd
                0x0000000008007658                __s2b
                0x000000000800770c                __hi0bits
                0x000000000800774c                __lo0bits
                0x00000000080077a4                __i2b
                0x0000000008007800                __multiply
                0x000000000800795c                __pow5mult
                0x0000000008007a14                __lshift
                0x0000000008007b00                __mcmp
                0x0000000008007b40                __mdiff
                0x0000000008007c8c                __ulp
                0x0000000008007cd0                __b2d
                0x0000000008007da0                __d2b
                0x0000000008007e64                __ratio
                0x0000000008007ec4                _mprec_log10
                0x0000000008007efc                __copybits
                0x0000000008007f5c                __any_on
 .text          0x0000000008007fbc      0xb7c /usr/lib/gcc/arm-none-eabi/12.2.1/../../../arm-none-eabi/lib/thumb/v7-m/nofp/libc.a(lib_a-svfiprintf.o)
                0x0000000008007fbc                __ssprint_r
                0x00000000080080b8                _svfiprintf_r
 .text          0x0000000008008b38       0x4c /usr/lib/gcc/arm-none-eabi/12.2.1/../../../arm-none-eabi/lib/thumb/v7-m/nofp/libc.a(lib_a-assert.o)
                0x0000000008008b38                __assert_func
                0x0000000008008b78                __assert
 .text          0x0000000008008b84       0x60 /usr/lib/gcc/arm-none-eabi/12.2.1/../../../arm-none-eabi/lib/thumb/v7-m/nofp/libc.a(lib_a-callocr.o)
                0x0000000008008b84                _calloc_r
 .text          0x0000000008008be4       0x44 /usr/lib/gcc/arm-none-eabi/12.2.1/../../../arm-none-eabi/lib/thumb/v7-m/nofp/libc.a(lib_a-fiprintf.o)
                0x0000000008008be4                _fiprintf_r
                0x0000000008008c00                fiprintf
 .text          0x0000000008008c28      0x2a0 /usr/lib/gcc/arm-none-eabi/12.2.1/../../../arm-none-eabi/lib/thumb/v7-m/nofp/libc.a(lib_a-freer.o)
                0x0000000008008c28                _malloc_trim_r
                0x0000000008008cc8                _free_r
 .text          0x0000000008008ec8       0x8c /usr/lib/gcc/arm-none-eabi/12.2.1/../../../arm-none-eabi/lib/thumb/v7-m/nofp/libc.a(lib_a-locale.o)
                0x0000000008008ec8                _setlocale_r
                0x0000000008008f08                __locale_mb_cur_max
                0x0000000008008f14                setlocale
 .text          0x0000000008008f54       0x40 /usr/lib/gcc/arm-none-eabi/12.2.1/../../../arm-none-eabi/lib/thumb/v7-m/nofp/libc.a(lib_a-mbtowc_r.o)
                0x0000000008008f54                _mbtowc_r
                0x0000000008008f68                __ascii_mbtowc
 .text          0x0000000008008f94       0xf8 /usr/lib/gcc/arm-none-eabi/12.2.1/../../../arm-none-eabi/lib/thumb/v7-m/nofp/libc.a(lib_a-memmove.o)
                0x0000000008008f94                memmove
 .text          0x000000000800908c      0x3dc /usr/lib/gcc/arm-none-eabi/12.2.1/../../../arm-none-eabi/lib/thumb/v7-m/nofp/libc.a(lib_a-reallocr.o)
                0x000000000800908c                _realloc_r
 .text          0x0000000008009468      0x1bc /usr/lib/gcc/arm-none-eabi/12.2.1/../../../arm-none-eabi/lib/thumb/v7-m/nofp/libc.a(lib_a-strcmp.o)
                0x0000000008009468                strcmp
 .text          0x0000000008009624      0xd48 /usr/lib/gcc/arm-none-eabi/12.2.1/../../../arm-none-eabi/lib/thumb/v7-m/nofp/libc.a(lib_a-vfiprintf.o)
                0x000000000800969c                __sprint_r
                0x00000000080096b0                _vfiprintf_r
                0x000000000800a2e4                vfiprintf
 .text          0x000000000800a36c       0x30 /usr/lib/gcc/arm-none-eabi/12.2.1/../../../arm-none-eabi/lib/thumb/v7-m/nofp/libc.a(lib_a-wctomb_r.o)
                0x000000000800a36c                _wctomb_r
                0x000000000800a380                __ascii_wctomb
 .text          0x000000000800a39c       0xd4 /usr/lib/gcc/arm-none-eabi/12.2.1/../../../arm-none-eabi/lib/thumb/v7-m/nofp/libc.a(lib_a-wsetup.o)
                0x000000000800a39c                __swsetup_r
 .text          0x000000000800a470       0x10 /usr/lib/gcc/arm-none-eabi/12.2.1/../../../arm-none-eabi/lib/thumb/v7-m/nofp/libc.a(lib_a-abort.o)
                0x000000000800a470                abort
 .text          0x000000000800a480      0x1a0 /usr/lib/gcc/arm-none-eabi/12.2.1/../../../arm-none-eabi/lib/thumb/v7-m/nofp/libc.a(lib_a-fflush.o)
                0x000000000800a480                __sflush_r
                0x000000000800a5a4                _fflush_r
                0x000000000800a5d0                fflush
 .text          0x000000000800a620      0x214 /usr/lib/gcc/arm-none-eabi/12.2.1/../../../arm-none-eabi/lib/thumb/v7-m/nofp/libc.a(lib_a-findfp.o)
                0x000000000800a624                _cleanup_r
                0x000000000800a708                __sfmoreglue
                0x000000000800a738                __sfp
                0x000000000800a7e0                _cleanup
                0x000000000800a7f4                __sinit
                0x000000000800a7fc                __sfp_lock_acquire
                0x000000000800a800                __sfp_lock_release
                0x000000000800a804                __sinit_lock_acquire
                0x000000000800a808                __sinit_lock_release
                0x000000000800a80c                __fp_lock_all
                0x000000000800a820                __fp_unlock_all
 .text          0x000000000800a834      0x104 /usr/lib/gcc/arm-none-eabi/12.2.1/../../../arm-none-eabi/lib/thumb/v7-m/nofp/libc.a(lib_a-fputwc.o)
                0x000000000800a834                __fputwc
                0x000000000800a8d4                _fputwc_r
                0x000000000800a8f8                fputwc
 .text          0x000000000800a938      0x2f0 /usr/lib/gcc/arm-none-eabi/12.2.1/../../../arm-none-eabi/lib/thumb/v7-m/nofp/libc.a(lib_a-fvwrite.o)
                0x000000000800a938                __sfvwrite_r
 .text          0x000000000800ac28       0x88 /usr/lib/gcc/arm-none-eabi/12.2.1/../../../arm-none-eabi/lib/thumb/v7-m/nofp/libc.a(lib_a-fwalk.o)
                0x000000000800ac28                _fwalk
                0x000000000800ac68                _fwalk_reent
 .text          0x000000000800acb0      0x140 /usr/lib/gcc/arm-none-eabi/12.2.1/../../../arm-none-eabi/lib/thumb/v7-m/nofp/libc.a(lib_a-makebuf.o)
                0x000000000800acb0                __smakebuf_r
                0x000000000800ad90                __swhatbuf_r
 .text          0x000000000800adf0      0x28c /usr/lib/gcc/arm-none-eabi/12.2.1/../../../arm-none-eabi/lib/thumb/v7-m/nofp/libc.a(lib_a-signal.o)
                0x000000000800adf0                _init_signal_r
                0x000000000800ae20                _signal_r
                0x000000000800ae6c                _raise_r
                0x000000000800aec4                __sigtramp_r
                0x000000000800af2c                raise
                0x000000000800af88                signal
                0x000000000800afdc                _init_signal
                0x000000000800b014                __sigtramp
 .text          0x000000000800b07c       0x2c /usr/lib/gcc/arm-none-eabi/12.2.1/../../../arm-none-eabi/lib/thumb/v7-m/nofp/libc.a(lib_a-signalr.o)
                0x000000000800b07c                _kill_r
                0x000000000800b0a4                _getpid_r
 .text          0x000000000800b0a8       0x90 /usr/lib/gcc/arm-none-eabi/12.2.1/../../../arm-none-eabi/lib/thumb/v7-m/nofp/libc.a(lib_a-stdio.o)
                0x000000000800b0a8                __sread
                0x000000000800b0cc                __seofread
                0x000000000800b0d0                __swrite
                0x000000000800b110                __sseek
                0x000000000800b130                __sclose
 .text          0x000000000800b138       0xc4 /usr/lib/gcc/arm-none-eabi/12.2.1/../../../arm-none-eabi/lib/thumb/v7-m/nofp/libc.a(lib_a-wbuf.o)
                0x000000000800b138                __swbuf_r
                0x000000000800b1e8                __swbuf
 .text          0x000000000800b1fc       0x88 /usr/lib/gcc/arm-none-eabi/12.2.1/../../../arm-none-eabi/lib/thumb/v7-m/nofp/libc.a(lib_a-wcrtomb.o)
                0x000000000800b1fc                _wcrtomb_r
                0x000000000800b238                wcrtomb
 .text          0x000000000800b284       0x2c /usr/lib/gcc/arm-none-eabi/12.2.1/../../../arm-none-eabi/lib/thumb/v7-m/nofp/libc.a(lib_a-writer.o)
                0x000000000800b284                _write_r
 .text          0x000000000800b2b0       0x24 /usr/lib/gcc/arm-none-eabi/12.2.1/../../../arm-none-eabi/lib/thumb/v7-m/nofp/libc.a(lib_a-closer.o)
                0x000000000800b2b0                _close_r
 .text          0x000000000800b2d4       0xd4 /usr/lib/gcc/arm-none-eabi/12.2.1/../../../arm-none-eabi/lib/thumb/v7-m/nofp/libc.a(lib_a-fclose.o)
                0x000000000800b338                _fclose_r
                0x000000000800b36c                fclose
 .text          0x000000000800b3a8       0x28 /usr/lib/gcc/arm-none-eabi/12.2.1/../../../arm-none-eabi/lib/thumb/v7-m/nofp/libc.a(lib_a-fstatr.o)
                0x000000000800b3a8                _fstat_r
 .text          0x000000000800b3d0       0x24 /usr/lib/gcc/arm-none-eabi/12.2.1/../../../arm-none-eabi/lib/thumb/v7-m/nofp/libc.a(lib_a-isattyr.o)
                0x000000000800b3d0                _isatty_r
 .text          0x000000000800b3f4       0x2c /usr/lib/gcc/arm-none-eabi/12.2.1/../../../arm-none-eabi/lib/thumb/v7-m/nofp/libc.a(lib_a-lseekr.o)
                0x000000000800b3f4                _lseek_r
 .text          0x000000000800b420       0x2c /usr/lib/gcc/arm-none-eabi/12.2.1/../../../arm-none-eabi/lib/thumb/v7-m/nofp/libc.a(lib_a-readr.o)
                0x000000000800b420                _read_r
 .text          0x000000000800b44c      0x378 /usr/lib/gcc/arm-none-eabi/12.2.1/thumb/v7-m/nofp/libgcc.a(_arm_addsubdf3.o)
                0x000000000800b44c                __aeabi_drsub
                0x000000000800b454                __aeabi_dsub
                0x000000000800b454                __subdf3
                0x000000000800b458                __adddf3
                0x000000000800b458                __aeabi_dadd
                0x000000000800b6d0                __aeabi_ui2d
                0x000000000800b6d0                __floatunsidf
                0x000000000800b6f0                __floatsidf
                0x000000000800b6f0                __aeabi_i2d
                0x000000000800b714                __extendsfdf2
                0x000000000800b714                __aeabi_f2d
                0x000000000800b758                __aeabi_ul2d
                0x000000000800b758                __floatundidf
                0x000000000800b768                __floatdidf
                0x000000000800b768                __aeabi_l2d
 .text          0x000000000800b7c4      0x424 /usr/lib/gcc/arm-none-eabi/12.2.1/thumb/v7-m/nofp/libgcc.a(_arm_muldivdf3.o)
                0x000000000800b7c4                __aeabi_dmul
                0x000000000800b7c4                __muldf3
                0x000000000800ba18                __aeabi_ddiv
                0x000000000800ba18                __divdf3
 .text          0x000000000800bbe8      0x110 /usr/lib/gcc/arm-none-eabi/12.2.1/thumb/v7-m/nofp/libgcc.a(_arm_cmpdf2.o)
                0x000000000800bbe8                __gtdf2
                0x000000000800bbe8                __gedf2
                0x000000000800bbf0                __ltdf2
                0x000000000800bbf0                __ledf2
                0x000000000800bbf8                __cmpdf2
                0x000000000800bbf8                __eqdf2
                0x000000000800bbf8                __nedf2
                0x000000000800bc74                __aeabi_cdrcmple
                0x000000000800bc84                __aeabi_cdcmple
                0x000000000800bc84                __aeabi_cdcmpeq
                0x000000000800bc94                __aeabi_dcmpeq
                0x000000000800bca8                __aeabi_dcmplt
                0x000000000800bcbc                __aeabi_dcmple
                0x000000000800bcd0                __aeabi_dcmpge
                0x000000000800bce4                __aeabi_dcmpgt
 .text          0x000000000800bcf8       0x2c /usr/lib/gcc/arm-none-eabi/12.2.1/thumb/v7-m/nofp/libgcc.a(_arm_unorddf2.o)
                0x000000000800bcf8                __aeabi_dcmpun
                0x000000000800bcf8                __unorddf2
 .text          0x000000000800bd24       0x50 /usr/lib/gcc/arm-none-eabi/12.2.1/thumb/v7-m/nofp/libgcc.a(_arm_fixdfsi.o)
                0x000000000800bd24                __fixdfsi
                0x000000000800bd24                __aeabi_d2iz
 .text          0x000000000800bd74       0x40 /usr/lib/gcc/arm-none-eabi/12.2.1/thumb/v7-m/nofp/libgcc.a(_arm_fixunsdfsi.o)
                0x000000000800bd74                __fixunsdfsi
                0x000000000800bd74                __aeabi_d2uiz
 .text          0x000000000800bdb4      0x21c /usr/lib/gcc/arm-none-eabi/12.2.1/thumb/v7-m/nofp/libgcc.a(_arm_addsubsf3.o)
                0x000000000800bdb4                __aeabi_frsub
                0x000000000800bdbc                __subsf3
                0x000000000800bdbc                __aeabi_fsub
                0x000000000800bdc0                __aeabi_fadd
                0x000000000800bdc0                __addsf3
                0x000000000800bf20                __aeabi_ui2f
                0x000000000800bf20                __floatunsisf
                0x000000000800bf28                __aeabi_i2f
                0x000000000800bf28                __floatsisf
                0x000000000800bf44                __floatundisf
                0x000000000800bf44                __aeabi_ul2f
                0x000000000800bf54                __floatdisf
                0x000000000800bf54                __aeabi_l2f
 .text          0x000000000800bfd0      0x2a0 /usr/lib/gcc/arm-none-eabi/12.2.1/thumb/v7-m/nofp/libgcc.a(_arm_muldivsf3.o)
                0x000000000800bfd0                __mulsf3
                0x000000000800bfd0                __aeabi_fmul
                0x000000000800c138                __divsf3
                0x000000000800c138                __aeabi_fdiv
 .text          0x000000000800c270       0x4c /usr/lib/gcc/arm-none-eabi/12.2.1/thumb/v7-m/nofp/libgcc.a(_arm_fixsfsi.o)
                0x000000000800c270                __fixsfsi
                0x000000000800c270                __aeabi_f2iz
 .text          0x000000000800c2bc       0x40 /usr/lib/gcc/arm-none-eabi/12.2.1/thumb/v7-m/nofp/libgcc.a(_arm_fixunssfsi.o)
                0x000000000800c2bc                __aeabi_f2uiz
                0x000000000800c2bc                __fixunssfsi
 .text          0x000000000800c2fc       0x30 /usr/lib/gcc/arm-none-eabi/12.2.1/thumb/v7-m/nofp/libgcc.a(_aeabi_uldivmod.o)
                0x000000000800c2fc                __aeabi_uldivmod
 .text          0x000000000800c32c      0x2c0 /usr/lib/gcc/arm-none-eabi/12.2.1/thumb/v7-m/nofp/libgcc.a(_udivmoddi4.o)
                0x000000000800c32c                __udivmoddi4
 .text          0x000000000800c5ec        0x4 /usr/lib/gcc/arm-none-eabi/12.2.1/thumb/v7-m/nofp/libgcc.a(_dvmd_tls.o)
                0x000000000800c5ec                __aeabi_ldiv0
                0x000000000800c5ec                __aeabi_idiv0
 .text          0x000000000800c5f0       0x10 /usr/lib/gcc/arm-none-eabi/12.2.1/../../../arm-none-eabi/lib/thumb/v7-m/nofp/libnosys.a(close.o)
                0x000000000800c5f0                _close
 .text          0x000000000800c600       0x10 /usr/lib/gcc/arm-none-eabi/12.2.1/../../../arm-none-eabi/lib/thumb/v7-m/nofp/libnosys.a(fstat.o)
                0x000000000800c600                _fstat
 .text          0x000000000800c610       0x10 /usr/lib/gcc/arm-none-eabi/12.2.1/../../../arm-none-eabi/lib/thumb/v7-m/nofp/libnosys.a(getpid.o)
                0x000000000800c610                _getpid
 .text          0x000000000800c620       0x10 /usr/lib/gcc/arm-none-eabi/12.2.1/../../../arm-none-eabi/lib/thumb/v7-m/nofp/libnosys.a(isatty.o)
                0x000000000800c620                _isatty
 .text          0x000000000800c630       0x10 /usr/lib/gcc/arm-none-eabi/12.2.1/../../../arm-none-eabi/lib/thumb/v7-m/nofp/libnosys.a(kill.o)
                0x000000000800c630                _kill
 .text          0x000000000800c640       0x10 /usr/lib/gcc/arm-none-eabi/12.2.1/../../../arm-none-eabi/lib/thumb/v7-m/nofp/libnosys.a(lseek.o)
                0x000000000800c640                _lseek
 .text          0x000000000800c650       0x10 /usr/lib/gcc/arm-none-eabi/12.2.1/../../../arm-none-eabi/lib/thumb/v7-m/nofp/libnosys.a(read.o)
                0x000000000800c650                _read
 .text          0x000000000800c660       0x10 /usr/lib/gcc/arm-none-eabi/12.2.1/../../../arm-none-eabi/lib/thumb/v7-m/nofp/libnosys.a(write.o)
                0x000000000800c660                _write
 .text          0x000000000800c670        0x4 /usr/lib/gcc/arm-none-eabi/12.2.1/../../../arm-none-eabi/lib/thumb/v7-m/nofp/libnosys.a(_exit.o)
                0x000000000800c670                _exit
                0x000000000800c674                . = ALIGN (0x4)
 *(.rodata*)
 .rodata.clr_rscreen.str1.1
                0x000000000800c674        0x5 main.vo
 .rodata.print_line.str1.1
                0x000000000800c679       0x17 main.vo
 .rodata.clr_screen.str1.1
                0x000000000800c690        0x5 main.vo
 .rodata.print_sniffer.str1.1
                0x000000000800c695       0x85 main.vo
                                         0x96 (size before relaxing)
 .rodata.print_debug.str1.1
                0x000000000800c71a      0x24f main.vo
                                        0x252 (size before relaxing)
 .rodata.main.str1.1
                0x000000000800c969        0x7 main.vo
 .rodata.str1.1
                0x000000000800c970       0xa7 main.vo
 *fill*         0x000000000800ca17        0x1 
 .rodata.CSWTCH.48
                0x000000000800ca18       0x20 main.vo
 .rodata.CSWTCH.47
                0x000000000800ca38       0x10 main.vo
 .rodata.CSWTCH.46
                0x000000000800ca48       0x1c main.vo
 .rodata.canbox_cmd_process.str1.1
                0x000000000800ca64       0x11 canbox.vo
 .rodata        0x000000000800ca75       0x1b canbox.vo
 .rodata.speeds
                0x000000000800ca90       0x50 volvo_od2/fw/hw_can.vo
 .rodata.str1.4
                0x000000000800cae0       0x42 /usr/lib/gcc/arm-none-eabi/12.2.1/../../../arm-none-eabi/lib/thumb/v7-m/nofp/libc.a(lib_a-svfprintf.o)
 *fill*         0x000000000800cb22        0x2 
 .rodata        0x000000000800cb24       0x20 /usr/lib/gcc/arm-none-eabi/12.2.1/../../../arm-none-eabi/lib/thumb/v7-m/nofp/libc.a(lib_a-svfprintf.o)
 .rodata.str1.4
                0x000000000800cb44       0x56 /usr/lib/gcc/arm-none-eabi/12.2.1/../../../arm-none-eabi/lib/thumb/v7-m/nofp/libc.a(lib_a-dtoa.o)
                                         0x5a (size before relaxing)
 *fill*         0x000000000800cb9a        0x2 
 .rodata        0x000000000800cb9c        0x4 /usr/lib/gcc/arm-none-eabi/12.2.1/../../../arm-none-eabi/lib/thumb/v7-m/nofp/libc.a(lib_a-impure.o)
                0x000000000800cb9c                _global_impure_ptr
 .rodata.str1.4
                0x000000000800cba0       0x33 /usr/lib/gcc/arm-none-eabi/12.2.1/../../../arm-none-eabi/lib/thumb/v7-m/nofp/libc.a(lib_a-mprec.o)
                                         0x47 (size before relaxing)
 *fill*         0x000000000800cbd3        0x5 
 .rodata        0x000000000800cbd8      0x128 /usr/lib/gcc/arm-none-eabi/12.2.1/../../../arm-none-eabi/lib/thumb/v7-m/nofp/libc.a(lib_a-mprec.o)
                0x000000000800cbe8                __mprec_tens
                0x000000000800ccb0                __mprec_tinytens
                0x000000000800ccd8                __mprec_bigtens
 .rodata.str1.4
                0x000000000800cd00       0x2f /usr/lib/gcc/arm-none-eabi/12.2.1/../../../arm-none-eabi/lib/thumb/v7-m/nofp/libc.a(lib_a-svfiprintf.o)
 .rodata        0x000000000800cd00       0x20 /usr/lib/gcc/arm-none-eabi/12.2.1/../../../arm-none-eabi/lib/thumb/v7-m/nofp/libc.a(lib_a-svfiprintf.o)
 .rodata.str1.4
                0x000000000800cd20       0x3f /usr/lib/gcc/arm-none-eabi/12.2.1/../../../arm-none-eabi/lib/thumb/v7-m/nofp/libc.a(lib_a-assert.o)
                                         0x43 (size before relaxing)
 *fill*         0x000000000800cd5f        0x1 
 .rodata.str1.4
                0x000000000800cd60        0xe /usr/lib/gcc/arm-none-eabi/12.2.1/../../../arm-none-eabi/lib/thumb/v7-m/nofp/libc.a(lib_a-locale.o)
                                         0x12 (size before relaxing)
 .rodata.str1.4
                0x000000000800cd6e       0x2f /usr/lib/gcc/arm-none-eabi/12.2.1/../../../arm-none-eabi/lib/thumb/v7-m/nofp/libc.a(lib_a-vfiprintf.o)
 *fill*         0x000000000800cd6e        0x2 
 .rodata        0x000000000800cd70       0x20 /usr/lib/gcc/arm-none-eabi/12.2.1/../../../arm-none-eabi/lib/thumb/v7-m/nofp/libc.a(lib_a-vfiprintf.o)
 .rodata        0x000000000800cd90      0x101 /usr/lib/gcc/arm-none-eabi/12.2.1/../../../arm-none-eabi/lib/thumb/v7-m/nofp/libc.a(lib_a-ctype_.o)
                0x000000000800cd90                _ctype_
                0x000000000800ce94                . = ALIGN (0x4)
 *fill*         0x000000000800ce91        0x3 

.glue_7         0x000000000800ce94        0x0
 .glue_7        0x000000000800ce94        0x0 linker stubs

.glue_7t        0x000000000800ce94        0x0
 .glue_7t       0x000000000800ce94        0x0 linker stubs

.vfp11_veneer   0x000000000800ce94        0x0
 .vfp11_veneer  0x000000000800ce94        0x0 linker stubs

.v4_bx          0x000000000800ce94        0x0
 .v4_bx         0x000000000800ce94        0x0 linker stubs

.iplt           0x000000000800ce94        0x0
 .iplt          0x000000000800ce94        0x0 main.vo

.preinit_array  0x000000000800ce94        0x0
                0x000000000800ce94                . = ALIGN (0x4)
                0x000000000800ce94                __preinit_array_start = .
 *(.preinit_array)
                0x000000000800ce94                __preinit_array_end = .

.init_array     0x000000000800ce94        0x0
                0x000000000800ce94                . = ALIGN (0x4)
                0x000000000800ce94                __init_array_start = .
 *(SORT_BY_NAME(.init_array.*))
 *(.init_array)
                0x000000000800ce94                __init_array_end = .

.fini_array     0x000000000800ce94        0x0
                0x000000000800ce94                . = ALIGN (0x4)
                0x000000000800ce94                __fini_array_start = .
 *(.fini_array)
 *(SORT_BY_NAME(.fini_array.*))
                0x000000000800ce94                __fini_array_end = .

.ARM.extab
 *(.ARM.extab*)

.ARM.exidx      0x000000000800ce94        0x8
                0x000000000800ce94                __exidx_start = .
 *(.ARM.exidx*)
 .ARM.exidx     0x000000000800ce94        0x8 /usr/lib/gcc/arm-none-eabi/12.2.1/thumb/v7-m/nofp/libgcc.a(_udivmoddi4.o)
                0x000000000800ce9c                __exidx_end = .

.rel.dyn        0x000000000800ce9c        0x0
 .rel.iplt      0x000000000800ce9c        0x0 main.vo
                0x000000000800ce9c                . = ALIGN (0x4)
                0x000000000800ce9c                _etext = .

.data           0x0000000020000000     0x146c load address 0x000000000800ce9c
                0x0000000020000000                _data = .
 *(.data*)
 .data.max_show_sniff_num
                0x0000000020000000        0x4 main.vo
                0x0000000020000000                max_show_sniff_num
 .data.key_cb   0x0000000020000004       0x44 main.vo
                0x0000000020000004                key_cb
 .data.conf     0x0000000020000048       0x10 conf.vo
                0x0000000020000048                conf
 .data.toyota_premio_26x_ms
                0x0000000020000058       0x80 car.vo
                0x0000000020000058                toyota_premio_26x_ms
 .data.q3_2015_ms
                0x00000000200000d8       0xe0 car.vo
 .data.skoda_fabia_ms
                0x00000000200001b8       0x90 car.vo
                0x00000000200001b8                skoda_fabia_ms
 .data.xc90_2007my_ms
                0x0000000020000248       0xd0 car.vo
                0x0000000020000248                xc90_2007my_ms
 .data.lr2_2013my_ms
                0x0000000020000318       0x40 car.vo
                0x0000000020000318                lr2_2013my_ms
 .data.lr2_2007my_ms
                0x0000000020000358       0x70 car.vo
 .data.anymsg_desc
                0x00000000200003c8       0x10 car.vo
                0x00000000200003c8                anymsg_desc
 .data.key_state
                0x00000000200003d8       0x14 car.vo
 .data.car_air_state
                0x00000000200003ec       0x12 car.vo
 *fill*         0x00000000200003fe        0x2 
 .data.carstate
                0x0000000020000400       0x4c car.vo
 .data.can1     0x000000002000044c      0x5dc volvo_od2/fw/hw_can.vo
 .data.ill      0x0000000020000a28        0xc volvo_od2/fw/hw_gpio.vo
 .data.acc      0x0000000020000a34        0xc volvo_od2/fw/hw_gpio.vo
 .data.park     0x0000000020000a40        0xc volvo_od2/fw/hw_gpio.vo
 .data.rear     0x0000000020000a4c        0xc volvo_od2/fw/hw_gpio.vo
 .data.usart1   0x0000000020000a58       0x58 volvo_od2/fw/hw_usart.vo
 .data.rcc_ahb_frequency
                0x0000000020000ab0        0x4 libopencm3/lib/stm32/f1/rcc.stm32f1
                0x0000000020000ab0                rcc_ahb_frequency
 .data.rcc_apb2_frequency
                0x0000000020000ab4        0x4 libopencm3/lib/stm32/f1/rcc.stm32f1
                0x0000000020000ab4                rcc_apb2_frequency
 .data.rcc_apb1_frequency
                0x0000000020000ab8        0x4 libopencm3/lib/stm32/f1/rcc.stm32f1
                0x0000000020000ab8                rcc_apb1_frequency
 *fill*         0x0000000020000abc        0x4 
 .data          0x0000000020000ac0      0x430 /usr/lib/gcc/arm-none-eabi/12.2.1/../../../arm-none-eabi/lib/thumb/v7-m/nofp/libc.a(lib_a-impure.o)
                0x0000000020000ac0                _impure_ptr
 .data          0x0000000020000ef0      0x410 /usr/lib/gcc/arm-none-eabi/12.2.1/../../../arm-none-eabi/lib/thumb/v7-m/nofp/libc.a(lib_a-mallocr.o)
                0x0000000020000ef0                __malloc_av_
                0x00000000200012f8                __malloc_sbrk_base
                0x00000000200012fc                __malloc_trim_threshold
 .data          0x0000000020001300      0x16c /usr/lib/gcc/arm-none-eabi/12.2.1/../../../arm-none-eabi/lib/thumb/v7-m/nofp/libc.a(lib_a-locale.o)
                0x0000000020001300                __global_locale
                0x000000002000146c                . = ALIGN (0x4)
                0x000000002000146c                _edata = .
                0x000000000800ce9c                _data_loadaddr = LOADADDR (.data)

.igot.plt       0x000000002000146c        0x0 load address 0x000000000800e308
 .igot.plt      0x000000002000146c        0x0 main.vo

.bss            0x000000002000146c      0x2c4 load address 0x000000000800e308
 *(.bss*)
 .bss.wakeups   0x000000002000146c        0x4 main.vo
                0x000000002000146c                wakeups
 .bss.sniffer_on
                0x0000000020001470        0x1 main.vo
                0x0000000020001470                sniffer_on
 .bss.msg_idx   0x0000000020001471        0x1 main.vo
                0x0000000020001471                msg_idx
 *fill*         0x0000000020001472        0x2 
 .bss.debug_on_cnt
                0x0000000020001474        0x4 main.vo
                0x0000000020001474                debug_on_cnt
 .bss.debug_on  0x0000000020001478        0x1 main.vo
                0x0000000020001478                debug_on
 *fill*         0x0000000020001479        0x3 
 .bss.rear_on_delay
                0x000000002000147c        0x4 main.vo
 .bss.rear_off_delay
                0x0000000020001480        0x4 main.vo
 .bss.park_is_on.0
                0x0000000020001484        0x1 canbox.vo
 .bss.low_state.1
                0x0000000020001485        0x1 canbox.vo
 .bss.park_is_on.2
                0x0000000020001486        0x1 canbox.vo
 .bss.rx_state  0x0000000020001487        0x1 canbox.vo
 .bss.rx_idx    0x0000000020001488        0x1 canbox.vo
 .bss.rx_buffer
                0x0000000020001489       0x20 canbox.vo
 *fill*         0x00000000200014a9        0x1 
 .bss.div_5ms.0
                0x00000000200014aa        0x2 tick.vo
 .bss.div_100ms.1
                0x00000000200014ac        0x2 tick.vo
 .bss.div_250ms.2
                0x00000000200014ae        0x2 tick.vo
 .bss.div_1000ms.3
                0x00000000200014b0        0x2 tick.vo
 *fill*         0x00000000200014b2        0x2 
 .bss.timer     0x00000000200014b4       0x14 tick.vo
                0x00000000200014b4                timer
 .bss.usart_rx_ring_buffer
                0x00000000200014c8       0x20 hw.vo
 .bss.usart_tx_ring_buffer
                0x00000000200014e8      0x200 hw.vo
 .bss._heap_end
                0x00000000200016e8        0x4 sbrk.vo
 .bss._cur_brk  0x00000000200016ec        0x4 sbrk.vo
 .bss.can_isr_cnt
                0x00000000200016f0        0x4 volvo_od2/fw/hw_can.vo
                0x00000000200016f0                can_isr_cnt
 .bss.usart_isr_cnt
                0x00000000200016f4        0x4 volvo_od2/fw/hw_usart.vo
                0x00000000200016f4                usart_isr_cnt
 .bss           0x00000000200016f8       0x34 /usr/lib/gcc/arm-none-eabi/12.2.1/../../../arm-none-eabi/lib/thumb/v7-m/nofp/libc.a(lib_a-mallocr.o)
                0x00000000200016f8                __malloc_top_pad
                0x00000000200016fc                __malloc_current_mallinfo
                0x0000000020001724                __malloc_max_sbrked_mem
                0x0000000020001728                __malloc_max_total_mem
 .bss           0x000000002000172c        0x4 /usr/lib/gcc/arm-none-eabi/12.2.1/../../../arm-none-eabi/lib/thumb/v7-m/nofp/libc.a(lib_a-reent.o)
                0x000000002000172c                errno
 *(COMMON)
                0x0000000020001730                . = ALIGN (0x4)
                0x0000000020001730                _ebss = .

/DISCARD/
 *(.eh_frame)
                0x0000000020001730                . = ALIGN (0x4)
                0x0000000020001730                end = .
                0x0000000020004000                PROVIDE (_stack = (ORIGIN (ram) + LENGTH (ram)))
OUTPUT(volvo_od2.elf elf32-littlearm)
LOAD linker stubs

.comment        0x0000000000000000       0x59
 .comment       0x0000000000000000       0x26 main.vo
                                         0x27 (size before relaxing)
 .comment       0x0000000000000026       0x27 canbox.vo
 .comment       0x0000000000000026       0x27 ring.vo
 .comment       0x0000000000000026       0x27 conf.vo
 .comment       0x0000000000000026       0x27 car.vo
 .comment       0x0000000000000026       0x27 tick.vo
 .comment       0x0000000000000026       0x27 hw.vo
 .comment       0x0000000000000026       0x27 sbrk.vo
 .comment       0x0000000000000026       0x27 volvo_od2/fw/hw_clock.vo
 .comment       0x0000000000000026       0x27 volvo_od2/fw/hw_can.vo
 .comment       0x0000000000000026       0x27 volvo_od2/fw/hw_gpio.vo
 .comment       0x0000000000000026       0x27 volvo_od2/fw/hw_tick.vo
 .comment       0x0000000000000026       0x27 volvo_od2/fw/hw_usart.vo
 .comment       0x0000000000000026       0x27 volvo_od2/fw/hw_sleep.vo
 .comment       0x0000000000000026       0x27 volvo_od2/fw/hw_conf.vo
 .comment       0x0000000000000026       0x27 libopencm3/lib/stm32/f1/gpio.stm32f1
 .comment       0x0000000000000026       0x27 libopencm3/lib/stm32/f1/rcc.stm32f1
 .comment       0x0000000000000026       0x27 libopencm3/lib/stm32/f1/flash.stm32f1
 .comment       0x0000000000000026       0x27 libopencm3/lib/stm32/common/gpio_common_all.stm32f1
 .comment       0x0000000000000026       0x27 libopencm3/lib/stm32/common/usart_common_all.stm32f1
 .comment       0x0000000000000026       0x27 libopencm3/lib/stm32/common/usart_common_f124.stm32f1
 .comment       0x0000000000000026       0x27 libopencm3/lib/stm32/common/rcc_common_all.stm32f1
 .comment       0x0000000000000026       0x27 libopencm3/lib/stm32/common/pwr_common_all.stm32f1
 .comment       0x0000000000000026       0x27 libopencm3/lib/cm3/vector.stm32f1
 .comment       0x0000000000000026       0x27 libopencm3/lib/cm3/systick.stm32f1
 .comment       0x0000000000000026       0x27 libopencm3/lib/cm3/nvic.stm32f1
 .comment       0x0000000000000026       0x27 libopencm3/lib/stm32/common/flash_common_f01.stm32f1
 .comment       0x0000000000000026       0x27 libopencm3/lib/stm32/can.stm32f1
 .comment       0x0000000000000026       0x27 libopencm3/lib/stm32/common/exti_common_all.stm32f1
 .comment       0x0000000000000026       0x33 /usr/lib/gcc/arm-none-eabi/12.2.1/../../../arm-none-eabi/lib/thumb/v7-m/nofp/libc.a(lib_a-memset.o)
                                         0x34 (size before relaxing)
 .comment       0x0000000000000059       0x34 /usr/lib/gcc/arm-none-eabi/12.2.1/../../../arm-none-eabi/lib/thumb/v7-m/nofp/libc.a(lib_a-snprintf.o)
 .comment       0x0000000000000059       0x34 /usr/lib/gcc/arm-none-eabi/12.2.1/../../../arm-none-eabi/lib/thumb/v7-m/nofp/libc.a(lib_a-strcpy.o)
 .comment       0x0000000000000059       0x34 /usr/lib/gcc/arm-none-eabi/12.2.1/../../../arm-none-eabi/lib/thumb/v7-m/nofp/libc.a(lib_a-strlen-stub.o)
 .comment       0x0000000000000059       0x34 /usr/lib/gcc/arm-none-eabi/12.2.1/../../../arm-none-eabi/lib/thumb/v7-m/nofp/libc.a(lib_a-svfprintf.o)
 .comment       0x0000000000000059       0x34 /usr/lib/gcc/arm-none-eabi/12.2.1/../../../arm-none-eabi/lib/thumb/v7-m/nofp/libc.a(lib_a-dtoa.o)
 .comment       0x0000000000000059       0x34 /usr/lib/gcc/arm-none-eabi/12.2.1/../../../arm-none-eabi/lib/thumb/v7-m/nofp/libc.a(lib_a-impure.o)
 .comment       0x0000000000000059       0x34 /usr/lib/gcc/arm-none-eabi/12.2.1/../../../arm-none-eabi/lib/thumb/v7-m/nofp/libc.a(lib_a-localeconv.o)
 .comment       0x0000000000000059       0x34 /usr/lib/gcc/arm-none-eabi/12.2.1/../../../arm-none-eabi/lib/thumb/v7-m/nofp/libc.a(lib_a-mallocr.o)
 .comment       0x0000000000000059       0x34 /usr/lib/gcc/arm-none-eabi/12.2.1/../../../arm-none-eabi/lib/thumb/v7-m/nofp/libc.a(lib_a-memchr-stub.o)
 .comment       0x0000000000000059       0x34 /usr/lib/gcc/arm-none-eabi/12.2.1/../../../arm-none-eabi/lib/thumb/v7-m/nofp/libc.a(lib_a-mlock.o)
 .comment       0x0000000000000059       0x34 /usr/lib/gcc/arm-none-eabi/12.2.1/../../../arm-none-eabi/lib/thumb/v7-m/nofp/libc.a(lib_a-mprec.o)
 .comment       0x0000000000000059       0x34 /usr/lib/gcc/arm-none-eabi/12.2.1/../../../arm-none-eabi/lib/thumb/v7-m/nofp/libc.a(lib_a-svfiprintf.o)
 .comment       0x0000000000000059       0x34 /usr/lib/gcc/arm-none-eabi/12.2.1/../../../arm-none-eabi/lib/thumb/v7-m/nofp/libc.a(lib_a-assert.o)
 .comment       0x0000000000000059       0x34 /usr/lib/gcc/arm-none-eabi/12.2.1/../../../arm-none-eabi/lib/thumb/v7-m/nofp/libc.a(lib_a-callocr.o)
 .comment       0x0000000000000059       0x34 /usr/lib/gcc/arm-none-eabi/12.2.1/../../../arm-none-eabi/lib/thumb/v7-m/nofp/libc.a(lib_a-fiprintf.o)
 .comment       0x0000000000000059       0x34 /usr/lib/gcc/arm-none-eabi/12.2.1/../../../arm-none-eabi/lib/thumb/v7-m/nofp/libc.a(lib_a-freer.o)
 .comment       0x0000000000000059       0x34 /usr/lib/gcc/arm-none-eabi/12.2.1/../../../arm-none-eabi/lib/thumb/v7-m/nofp/libc.a(lib_a-locale.o)
 .comment       0x0000000000000059       0x34 /usr/lib/gcc/arm-none-eabi/12.2.1/../../../arm-none-eabi/lib/thumb/v7-m/nofp/libc.a(lib_a-mbtowc_r.o)
 .comment       0x0000000000000059       0x34 /usr/lib/gcc/arm-none-eabi/12.2.1/../../../arm-none-eabi/lib/thumb/v7-m/nofp/libc.a(lib_a-memmove.o)
 .comment       0x0000000000000059       0x34 /usr/lib/gcc/arm-none-eabi/12.2.1/../../../arm-none-eabi/lib/thumb/v7-m/nofp/libc.a(lib_a-reallocr.o)
 .comment       0x0000000000000059       0x34 /usr/lib/gcc/arm-none-eabi/12.2.1/../../../arm-none-eabi/lib/thumb/v7-m/nofp/libc.a(lib_a-vfiprintf.o)
 .comment       0x0000000000000059       0x34 /usr/lib/gcc/arm-none-eabi/12.2.1/../../../arm-none-eabi/lib/thumb/v7-m/nofp/libc.a(lib_a-wctomb_r.o)
 .comment       0x0000000000000059       0x34 /usr/lib/gcc/arm-none-eabi/12.2.1/../../../arm-none-eabi/lib/thumb/v7-m/nofp/libc.a(lib_a-wsetup.o)
 .comment       0x0000000000000059       0x34 /usr/lib/gcc/arm-none-eabi/12.2.1/../../../arm-none-eabi/lib/thumb/v7-m/nofp/libc.a(lib_a-abort.o)
 .comment       0x0000000000000059       0x34 /usr/lib/gcc/arm-none-eabi/12.2.1/../../../arm-none-eabi/lib/thumb/v7-m/nofp/libc.a(lib_a-ctype_.o)
 .comment       0x0000000000000059       0x34 /usr/lib/gcc/arm-none-eabi/12.2.1/../../../arm-none-eabi/lib/thumb/v7-m/nofp/libc.a(lib_a-fflush.o)
 .comment       0x0000000000000059       0x34 /usr/lib/gcc/arm-none-eabi/12.2.1/../../../arm-none-eabi/lib/thumb/v7-m/nofp/libc.a(lib_a-findfp.o)
 .comment       0x0000000000000059       0x34 /usr/lib/gcc/arm-none-eabi/12.2.1/../../../arm-none-eabi/lib/thumb/v7-m/nofp/libc.a(lib_a-fputwc.o)
 .comment       0x0000000000000059       0x34 /usr/lib/gcc/arm-none-eabi/12.2.1/../../../arm-none-eabi/lib/thumb/v7-m/nofp/libc.a(lib_a-fvwrite.o)
 .comment       0x0000000000000059       0x34 /usr/lib/gcc/arm-none-eabi/12.2.1/../../../arm-none-eabi/lib/thumb/v7-m/nofp/libc.a(lib_a-fwalk.o)
 .comment       0x0000000000000059       0x34 /usr/lib/gcc/arm-none-eabi/12.2.1/../../../arm-none-eabi/lib/thumb/v7-m/nofp/libc.a(lib_a-makebuf.o)
 .comment       0x0000000000000059       0x34 /usr/lib/gcc/arm-none-eabi/12.2.1/../../../arm-none-eabi/lib/thumb/v7-m/nofp/libc.a(lib_a-signal.o)
 .comment       0x0000000000000059       0x34 /usr/lib/gcc/arm-none-eabi/12.2.1/../../../arm-none-eabi/lib/thumb/v7-m/nofp/libc.a(lib_a-signalr.o)
 .comment       0x0000000000000059       0x34 /usr/lib/gcc/arm-none-eabi/12.2.1/../../../arm-none-eabi/lib/thumb/v7-m/nofp/libc.a(lib_a-stdio.o)
 .comment       0x0000000000000059       0x34 /usr/lib/gcc/arm-none-eabi/12.2.1/../../../arm-none-eabi/lib/thumb/v7-m/nofp/libc.a(lib_a-wbuf.o)
 .comment       0x0000000000000059       0x34 /usr/lib/gcc/arm-none-eabi/12.2.1/../../../arm-none-eabi/lib/thumb/v7-m/nofp/libc.a(lib_a-wcrtomb.o)
 .comment       0x0000000000000059       0x34 /usr/lib/gcc/arm-none-eabi/12.2.1/../../../arm-none-eabi/lib/thumb/v7-m/nofp/libc.a(lib_a-writer.o)
 .comment       0x0000000000000059       0x34 /usr/lib/gcc/arm-none-eabi/12.2.1/../../../arm-none-eabi/lib/thumb/v7-m/nofp/libc.a(lib_a-closer.o)
 .comment       0x0000000000000059       0x34 /usr/lib/gcc/arm-none-eabi/12.2.1/../../../arm-none-eabi/lib/thumb/v7-m/nofp/libc.a(lib_a-fclose.o)
 .comment       0x0000000000000059       0x34 /usr/lib/gcc/arm-none-eabi/12.2.1/../../../arm-none-eabi/lib/thumb/v7-m/nofp/libc.a(lib_a-fstatr.o)
 .comment       0x0000000000000059       0x34 /usr/lib/gcc/arm-none-eabi/12.2.1/../../../arm-none-eabi/lib/thumb/v7-m/nofp/libc.a(lib_a-isattyr.o)
 .comment       0x0000000000000059       0x34 /usr/lib/gcc/arm-none-eabi/12.2.1/../../../arm-none-eabi/lib/thumb/v7-m/nofp/libc.a(lib_a-lseekr.o)
 .comment       0x0000000000000059       0x34 /usr/lib/gcc/arm-none-eabi/12.2.1/../../../arm-none-eabi/lib/thumb/v7-m/nofp/libc.a(lib_a-readr.o)
 .comment       0x0000000000000059       0x34 /usr/lib/gcc/arm-none-eabi/12.2.1/../../../arm-none-eabi/lib/thumb/v7-m/nofp/libc.a(lib_a-reent.o)
 .comment       0x0000000000000059       0x27 /usr/lib/gcc/arm-none-eabi/12.2.1/thumb/v7-m/nofp/libgcc.a(_udivmoddi4.o)
 .comment       0x0000000000000059       0x34 /usr/lib/gcc/arm-none-eabi/12.2.1/../../../arm-none-eabi/lib/thumb/v7-m/nofp/libnosys.a(close.o)
 .comment       0x0000000000000059       0x34 /usr/lib/gcc/arm-none-eabi/12.2.1/../../../arm-none-eabi/lib/thumb/v7-m/nofp/libnosys.a(fstat.o)
 .comment       0x0000000000000059       0x34 /usr/lib/gcc/arm-none-eabi/12.2.1/../../../arm-none-eabi/lib/thumb/v7-m/nofp/libnosys.a(getpid.o)
 .comment       0x0000000000000059       0x34 /usr/lib/gcc/arm-none-eabi/12.2.1/../../../arm-none-eabi/lib/thumb/v7-m/nofp/libnosys.a(isatty.o)
 .comment       0x0000000000000059       0x34 /usr/lib/gcc/arm-none-eabi/12.2.1/../../../arm-none-eabi/lib/thumb/v7-m/nofp/libnosys.a(kill.o)
 .comment       0x0000000000000059       0x34 /usr/lib/gcc/arm-none-eabi/12.2.1/../../../arm-none-eabi/lib/thumb/v7-m/nofp/libnosys.a(lseek.o)
 .comment       0x0000000000000059       0x34 /usr/lib/gcc/arm-none-eabi/12.2.1/../../../arm-none-eabi/lib/thumb/v7-m/nofp/libnosys.a(read.o)
 .comment       0x0000000000000059       0x34 /usr/lib/gcc/arm-none-eabi/12.2.1/../../../arm-none-eabi/lib/thumb/v7-m/nofp/libnosys.a(write.o)
 .comment       0x0000000000000059       0x34 /usr/lib/gcc/arm-none-eabi/12.2.1/../../../arm-none-eabi/lib/thumb/v7-m/nofp/libnosys.a(_exit.o)

.ARM.attributes
                0x0000000000000000       0x2b
 .ARM.attributes
                0x0000000000000000       0x2d main.vo
 .ARM.attributes
                0x000000000000002d       0x2d canbox.vo
 .ARM.attributes
                0x000000000000005a       0x2d ring.vo
 .ARM.attributes
                0x0000000000000087       0x2d conf.vo
 .ARM.attributes
                0x00000000000000b4       0x2d car.vo
 .ARM.attributes
                0x00000000000000e1       0x2d tick.vo
 .ARM.attributes
                0x000000000000010e       0x2d hw.vo
 .ARM.attributes
                0x000000000000013b       0x2d sbrk.vo
 .ARM.attributes
                0x0000000000000168       0x2d volvo_od2/fw/hw_clock.vo
 .ARM.attributes
                0x0000000000000195       0x2d volvo_od2/fw/hw_can.vo
 .ARM.attributes
                0x00000000000001c2       0x2d volvo_od2/fw/hw_gpio.vo
 .ARM.attributes
                0x00000000000001ef       0x2d volvo_od2/fw/hw_tick.vo
 .ARM.attributes
                0x000000000000021c       0x2d volvo_od2/fw/hw_usart.vo
 .ARM.attributes
                0x0000000000000249       0x2d volvo_od2/fw/hw_sleep.vo
 .ARM.attributes
                0x0000000000000276       0x2d volvo_od2/fw/hw_conf.vo
 .ARM.attributes
                0x00000000000002a3       0x2d libopencm3/lib/stm32/f1/gpio.stm32f1
 .ARM.attributes
                0x00000000000002d0       0x2d libopencm3/lib/stm32/f1/rcc.stm32f1
 .ARM.attributes
                0x00000000000002fd       0x2d libopencm3/lib/stm32/f1/flash.stm32f1
 .ARM.attributes
                0x000000000000032a       0x2d libopencm3/lib/stm32/common/gpio_common_all.stm32f1
 .ARM.attributes
                0x0000000000000357       0x2d libopencm3/lib/stm32/common/usart_common_all.stm32f1
 .ARM.attributes
                0x0000000000000384       0x2d libopencm3/lib/stm32/common/usart_common_f124.stm32f1
 .ARM.attributes
                0x00000000000003b1       0x2d libopencm3/lib/stm32/common/rcc_common_all.stm32f1
 .ARM.attributes
                0x00000000000003de       0x2d libopencm3/lib/stm32/common/pwr_common_all.stm32f1
 .ARM.attributes
                0x000000000000040b       0x2d libopencm3/lib/cm3/vector.stm32f1
 .ARM.attributes
                0x0000000000000438       0x2d libopencm3/lib/cm3/systick.stm32f1
 .ARM.attributes
                0x0000000000000465       0x2d libopencm3/lib/cm3/nvic.stm32f1
 .ARM.attributes
                0x0000000000000492       0x2d libopencm3/lib/stm32/common/flash_common_f01.stm32f1
 .ARM.attributes
                0x00000000000004bf       0x2d libopencm3/lib/stm32/can.stm32f1
 .ARM.attributes
                0x00000000000004ec       0x2d libopencm3/lib/stm32/common/exti_common_all.stm32f1
 .ARM.attributes
                0x0000000000000519       0x1b /usr/lib/gcc/arm-none-eabi/12.2.1/../../../arm-none-eabi/lib/thumb/v7-m/nofp/libc.a(lib_a-memcpy.o)
 .ARM.attributes
                0x0000000000000534       0x2d /usr/lib/gcc/arm-none-eabi/12.2.1/../../../arm-none-eabi/lib/thumb/v7-m/nofp/libc.a(lib_a-memset.o)
 .ARM.attributes
                0x0000000000000561       0x2d /usr/lib/gcc/arm-none-eabi/12.2.1/../../../arm-none-eabi/lib/thumb/v7-m/nofp/libc.a(lib_a-snprintf.o)
 .ARM.attributes
                0x000000000000058e       0x2d /usr/lib/gcc/arm-none-eabi/12.2.1/../../../arm-none-eabi/lib/thumb/v7-m/nofp/libc.a(lib_a-strcpy.o)
 .ARM.attributes
                0x00000000000005bb       0x2d /usr/lib/gcc/arm-none-eabi/12.2.1/../../../arm-none-eabi/lib/thumb/v7-m/nofp/libc.a(lib_a-strlen-stub.o)
 .ARM.attributes
                0x00000000000005e8       0x2d /usr/lib/gcc/arm-none-eabi/12.2.1/../../../arm-none-eabi/lib/thumb/v7-m/nofp/libc.a(lib_a-svfprintf.o)
 .ARM.attributes
                0x0000000000000615       0x2d /usr/lib/gcc/arm-none-eabi/12.2.1/../../../arm-none-eabi/lib/thumb/v7-m/nofp/libc.a(lib_a-dtoa.o)
 .ARM.attributes
                0x0000000000000642       0x2d /usr/lib/gcc/arm-none-eabi/12.2.1/../../../arm-none-eabi/lib/thumb/v7-m/nofp/libc.a(lib_a-impure.o)
 .ARM.attributes
                0x000000000000066f       0x2d /usr/lib/gcc/arm-none-eabi/12.2.1/../../../arm-none-eabi/lib/thumb/v7-m/nofp/libc.a(lib_a-localeconv.o)
 .ARM.attributes
                0x000000000000069c       0x2d /usr/lib/gcc/arm-none-eabi/12.2.1/../../../arm-none-eabi/lib/thumb/v7-m/nofp/libc.a(lib_a-mallocr.o)
 .ARM.attributes
                0x00000000000006c9       0x2d /usr/lib/gcc/arm-none-eabi/12.2.1/../../../arm-none-eabi/lib/thumb/v7-m/nofp/libc.a(lib_a-memchr-stub.o)
 .ARM.attributes
                0x00000000000006f6       0x2d /usr/lib/gcc/arm-none-eabi/12.2.1/../../../arm-none-eabi/lib/thumb/v7-m/nofp/libc.a(lib_a-mlock.o)
 .ARM.attributes
                0x0000000000000723       0x2d /usr/lib/gcc/arm-none-eabi/12.2.1/../../../arm-none-eabi/lib/thumb/v7-m/nofp/libc.a(lib_a-mprec.o)
 .ARM.attributes
                0x0000000000000750       0x2d /usr/lib/gcc/arm-none-eabi/12.2.1/../../../arm-none-eabi/lib/thumb/v7-m/nofp/libc.a(lib_a-svfiprintf.o)
 .ARM.attributes
                0x000000000000077d       0x2d /usr/lib/gcc/arm-none-eabi/12.2.1/../../../arm-none-eabi/lib/thumb/v7-m/nofp/libc.a(lib_a-assert.o)
 .ARM.attributes
                0x00000000000007aa       0x2d /usr/lib/gcc/arm-none-eabi/12.2.1/../../../arm-none-eabi/lib/thumb/v7-m/nofp/libc.a(lib_a-callocr.o)
 .ARM.attributes
                0x00000000000007d7       0x2d /usr/lib/gcc/arm-none-eabi/12.2.1/../../../arm-none-eabi/lib/thumb/v7-m/nofp/libc.a(lib_a-fiprintf.o)
 .ARM.attributes