Archive member included to satisfy reference by file (symbol)

/usr/lib/gcc/arm-none-eabi/12.2.1/../../../arm-none-eabi/lib/thumb/v7-m/nofp/libc.a(lib_a-memcpy.o)
                              canbox.vo (memcpy)
/usr/lib/gcc/arm-none-eabi/12.2.1/../../../arm-none-eabi/lib/thumb/v7-m/nofp/libc.a(lib_a-memset.o)
                              conf.vo (memset)
/usr/lib/gcc/arm-none-eabi/12.2.1/../../../arm-none-eabi/lib/thumb/v7-m/nofp/libc.a(lib_a-snprintf.o)
                              main.vo (snprintf)
/usr/lib/gcc/arm-none-eabi/12.2.1/../../../arm-none-eabi/lib/thumb/v7-m/nofp/libc.a(lib_a-strcpy.o)
                              main.vo (strcpy)
/usr/lib/gcc/arm-none-eabi/12.2.1/../../../arm-none-eabi/lib/thumb/v7-m/nofp/libc.a(lib_a-strlen-stub.o)
                              main.vo (strlen)
/usr/lib/gcc/arm-none-eabi/12.2.1/../../../arm-none-eabi/lib/thumb/v7-m/nofp/libc.a(lib_a-svfprintf.o)
                              /usr/lib/gcc/arm-none-eabi/12.2.1/../../../arm-none-eabi/lib/thumb/v7-m/nofp/libc.a(lib_a-snprintf.o) (_svfprintf_r)
/usr/lib/gcc/arm-none-eabi/12.2.1/../../../arm-none-eabi/lib/thumb/v7-m/nofp/libc.a(lib_a-dtoa.o)
                              /usr/lib/gcc/arm-none-eabi/12.2.1/../../../arm-none-eabi/lib/thumb/v7-m/nofp/libc.a(lib_a-svfprintf.o) (_dtoa_r)
/usr/lib/gcc/arm-none-eabi/12.2.1/../../../arm-none-eabi/lib/thumb/v7-m/nofp/libc.a(lib_a-impure.o)
                              /usr/lib/gcc/arm-none-eabi/12.2.1/../../../arm-none-eabi/lib/thumb/v7-m/nofp/libc.a(lib_a-snprintf.o) (_impure_ptr)
/usr/lib/gcc/arm-none-eabi/12.2.1/../../../arm-none-eabi/lib/thumb/v7-m/nofp/libc.a(lib_a-localeconv.o)
                              /usr/lib/gcc/arm-none-eabi/12.2.1/../../../arm-none-eabi/lib/thumb/v7-m/nofp/libc.a(lib_a-svfprintf.o) (_localeconv_r)
/usr/lib/gcc/arm-none-eabi/12.2.1/../../../arm-none-eabi/lib/thumb/v7-m/nofp/libc.a(lib_a-mallocr.o)
                              /usr/lib/gcc/arm-none-eabi/12.2.1/../../../arm-none-eabi/lib/thumb/v7-m/nofp/libc.a(lib_a-svfprintf.o) (_malloc_r)
/usr/lib/gcc/arm-none-eabi/12.2.1/../../../arm-none-eabi/lib/thumb/v7-m/nofp/libc.a(lib_a-memchr-stub.o)
                              /usr/lib/gcc/arm-none-eabi/12.2.1/../../../arm-none-eabi/lib/thumb/v7-m/nofp/libc.a(lib_a-svfprintf.o) (memchr)
/usr/lib/gcc/arm-none-eabi/12.2.1/../../../arm-none-eabi/lib/thumb/v7-m/nofp/libc.a(lib_a-mlock.o)
                              /usr/lib/gcc/arm-none-eabi/12.2.1/../../../arm-none-eabi/lib/thumb/v7-m/nofp/libc.a(lib_a-mallocr.o) (__malloc_lock)
/usr/lib/gcc/arm-none-eabi/12.2.1/../../../arm-none-eabi/lib/thumb/v7-m/nofp/libc.a(lib_a-mprec.o)
                              /usr/lib/gcc/arm-none-eabi/12.2.1/../../../arm-none-eabi/lib/thumb/v7-m/nofp/libc.a(lib_a-dtoa.o) (_Balloc)
/usr/lib/gcc/arm-none-eabi/12.2.1/../../../arm-none-eabi/lib/thumb/v7-m/nofp/libc.a(lib_a-svfiprintf.o)
                              /usr/lib/gcc/arm-none-eabi/12.2.1/../../../arm-none-eabi/lib/thumb/v7-m/nofp/libc.a(lib_a-svfprintf.o) (__ssprint_r)
/usr/lib/gcc/arm-none-eabi/12.2.1/../../../arm-none-eabi/lib/thumb/v7-m/nofp/libc.a(lib_a-assert.o)
                              /usr/lib/gcc/arm-none-eabi/12.2.1/../../../arm-none-eabi/lib/thumb/v7-m/nofp/libc.a(lib_a-dtoa.o) (__assert_func)
/usr/lib/gcc/arm-none-eabi/12.2.1/../../../arm-none-eabi/lib/thumb/v7-m/nofp/libc.a(lib_a-callocr.o)
                              /usr/lib/gcc/arm-none-eabi/12.2.1/../../../arm-none-eabi/lib/thumb/v7-m/nofp/libc.a(lib_a-mprec.o) (_calloc_r)
/usr/lib/gcc/arm-none-eabi/12.2.1/../../../arm-none-eabi/lib/thumb/v7-m/nofp/libc.a(lib_a-fiprintf.o)
                              /usr/lib/gcc/arm-none-eabi/12.2.1/../../../arm-none-eabi/lib/thumb/v7-m/nofp/libc.a(lib_a-assert.o) (fiprintf)
/usr/lib/gcc/arm-none-eabi/12.2.1/../../../arm-none-eabi/lib/thumb/v7-m/nofp/libc.a(lib_a-freer.o)
                              /usr/lib/gcc/arm-none-eabi/12.2.1/../../../arm-none-eabi/lib/thumb/v7-m/nofp/libc.a(lib_a-mallocr.o) (_free_r)
/usr/lib/gcc/arm-none-eabi/12.2.1/../../../arm-none-eabi/lib/thumb/v7-m/nofp/libc.a(lib_a-locale.o)
                              /usr/lib/gcc/arm-none-eabi/12.2.1/../../../arm-none-eabi/lib/thumb/v7-m/nofp/libc.a(lib_a-localeconv.o) (__global_locale)
/usr/lib/gcc/arm-none-eabi/12.2.1/../../../arm-none-eabi/lib/thumb/v7-m/nofp/libc.a(lib_a-mbtowc_r.o)
                              /usr/lib/gcc/arm-none-eabi/12.2.1/../../../arm-none-eabi/lib/thumb/v7-m/nofp/libc.a(lib_a-locale.o) (__ascii_mbtowc)
/usr/lib/gcc/arm-none-eabi/12.2.1/../../../arm-none-eabi/lib/thumb/v7-m/nofp/libc.a(lib_a-memmove.o)
                              /usr/lib/gcc/arm-none-eabi/12.2.1/../../../arm-none-eabi/lib/thumb/v7-m/nofp/libc.a(lib_a-svfiprintf.o) (memmove)
/usr/lib/gcc/arm-none-eabi/12.2.1/../../../arm-none-eabi/lib/thumb/v7-m/nofp/libc.a(lib_a-reallocr.o)
                              /usr/lib/gcc/arm-none-eabi/12.2.1/../../../arm-none-eabi/lib/thumb/v7-m/nofp/libc.a(lib_a-svfiprintf.o) (_realloc_r)
[...]
Memory Configuration

Name             Origin             Length             Attributes
rom              0x0000000008000000 0x0000000000010000 xr
ram              0x0000000020000000 0x0000000000004000 xrw
*default*        0x0000000000000000 0xffffffffffffffff

Linker script and memory map

LOAD main.vo
LOAD canbox.vo
LOAD ring.vo
LOAD conf.vo
LOAD car.vo
LOAD tick.vo
LOAD hw.vo
LOAD sbrk.vo
LOAD volvo_od2/fw/hw_clock.vo
LOAD volvo_od2/fw/hw_can.vo
LOAD volvo_od2/fw/hw_gpio.vo
LOAD volvo_od2/fw/hw_tick.vo
LOAD volvo_od2/fw/hw_usart.vo
LOAD volvo_od2/fw/hw_sleep.vo
LOAD volvo_od2/fw/hw_conf.vo
LOAD libopencm3/lib/stm32/f1/gpio.stm32f1
LOAD libopencm3/lib/stm32/f1/rcc.stm32f1
LOAD libopencm3/lib/stm32/f1/pwr.stm32f1
LOAD libopencm3/lib/stm32/f1/flash.stm32f1
LOAD libopencm3/lib/stm32/common/gpio_common_all.stm32f1
LOAD libopencm3/lib/stm32/common/usart_common_all.stm32f1
LOAD libopencm3/lib/stm32/common/usart_common_f124.stm32f1
LOAD libopencm3/lib/stm32/common/rcc_common_all.stm32f1
LOAD libopencm3/lib/stm32/common/pwr_common_all.stm32f1
LOAD libopencm3/lib/cm3/vector.stm32f1
LOAD libopencm3/lib/cm3/systick.stm32f1
LOAD libopencm3/lib/cm3/nvic.stm32f1
LOAD libopencm3/lib/cm3/sync.stm32f1
LOAD libopencm3/lib/stm32/common/flash_common_f01.stm32f1
LOAD libopencm3/lib/stm32/can.stm32f1
LOAD libopencm3/lib/stm32/common/iwdg_common_all.stm32f1
LOAD libopencm3/lib/stm32/common/exti_common_all.stm32f1
LOAD /usr/lib/gcc/arm-none-eabi/12.2.1/../../../arm-none-eabi/lib/thumb/v7-m/nofp/libc.a
LOAD /usr/lib/gcc/arm-none-eabi/12.2.1/../../../arm-none-eabi/lib/thumb/v7-m/nofp/libm.a
START GROUP
LOAD /usr/lib/gcc/arm-none-eabi/12.2.1/thumb/v7-m/nofp/libgcc.a
LOAD /usr/lib/gcc/arm-none-eabi/12.2.1/../../../arm-none-eabi/lib/thumb/v7-m/nofp/libc.a
END GROUP
START GROUP
LOAD /usr/lib/gcc/arm-none-eabi/12.2.1/thumb/v7-m/nofp/libgcc.a
LOAD /usr/lib/gcc/arm-none-eabi/12.2.1/../../../arm-none-eabi/lib/thumb/v7-m/nofp/libc.a
LOAD /usr/lib/gcc/arm-none-eabi/12.2.1/../../../arm-none-eabi/lib/thumb/v7-m/nofp/libnosys.a
END GROUP

.text           0x0000000008000000     0xceac
 *(.vectors)
 .vectors       0x0000000008000000      0x150 libopencm3/lib/cm3/vector.stm32f1
                0x0000000008000000                vector_table
 *(.text*)
 .text.clr_rscreen
                0x0000000008000150       0x3c main.vo
 .text.print_line
                0x000000000800018c       0x2c main.vo
 .text.clr_screen
                0x00000000080001b8       0x3c main.vo
 .text.get_rear_delay_state
                0x00000000080001f4       0x30 main.vo
                0x00000000080001f4                get_rear_delay_state
 .text.print_sniffer
                0x0000000008000224      0x134 main.vo
                0x0000000008000224                print_sniffer
 .text.print_debug
                0x0000000008000358      0x418 main.vo
                0x0000000008000358                print_debug
 .text.startup.main
                0x0000000008000770      0x354 main.vo
                0x0000000008000770                main
 .text.snd_canbox_msg
                0x0000000008000ac4       0x62 canbox.vo
 .text.snd_canbox_hiworld_msg
                0x0000000008000b26       0x6a canbox.vo
 .text.canbox_raise_vw_radar_process
                0x0000000008000b90      0x2d0 canbox.vo
                0x0000000008000b90                canbox_raise_vw_radar_process
 .text.canbox_raise_vw_wheel_process
                0x0000000008000e60       0x74 canbox.vo
                0x0000000008000e60                canbox_raise_vw_wheel_process
 .text.canbox_raise_vw_door_process
                0x0000000008000ed4       0xbc canbox.vo
                0x0000000008000ed4                canbox_raise_vw_door_process
 .text.canbox_raise_vw_vehicle_info
                0x0000000008000f90       0xd0 canbox.vo
                0x0000000008000f90                canbox_raise_vw_vehicle_info
 .text.canbox_raise_vw_ac_process
                0x0000000008001060      0x220 canbox.vo
                0x0000000008001060                canbox_raise_vw_ac_process
 .text.canbox_raise_vw_mqb_door_process
                0x0000000008001280       0x8c canbox.vo
                0x0000000008001280                canbox_raise_vw_mqb_door_process
 .text.canbox_hiworld_vw_mqb_wheel_process
                0x000000000800130c       0xac canbox.vo
                0x000000000800130c                canbox_hiworld_vw_mqb_wheel_process
 .text.canbox_hiworld_vw_mqb_radar_process
                0x00000000080013b8      0x1bc canbox.vo
                0x00000000080013b8                canbox_hiworld_vw_mqb_radar_process
 .text.canbox_hiworld_vw_mqb_door_process
                0x0000000008001574       0x76 canbox.vo
                0x0000000008001574                canbox_hiworld_vw_mqb_door_process
 .text.canbox_inc_volume
                0x00000000080015ea       0x3a canbox.vo
                0x00000000080015ea                canbox_inc_volume
 .text.canbox_dec_volume
                0x0000000008001624       0x3a canbox.vo
                0x0000000008001624                canbox_dec_volume
 .text.canbox_prev
                0x000000000800165e       0x50 canbox.vo
                0x000000000800165e                canbox_prev
 .text.canbox_next
                0x00000000080016ae       0x50 canbox.vo
                0x00000000080016ae                canbox_next
 .text.canbox_mode
                0x00000000080016fe       0x3a canbox.vo
                0x00000000080016fe                canbox_mode
 .text.canbox_cont
                0x0000000008001738       0x3a canbox.vo
                0x0000000008001738                canbox_cont
 .text.canbox_mici
                0x0000000008001772       0x3a canbox.vo
                0x0000000008001772                canbox_mici
 .text.canbox_pickup
                0x00000000080017ac        0x4 canbox.vo
                0x00000000080017ac                canbox_pickup
 .text.canbox_hangup
                0x00000000080017b0        0x4 canbox.vo
                0x00000000080017b0                canbox_hangup
 .text.canbox_nav_enter
                0x00000000080017b4       0x3a canbox.vo
                0x00000000080017b4                canbox_nav_enter
 .text.canbox_nav_back
                0x00000000080017ee       0x3a canbox.vo
                0x00000000080017ee                canbox_nav_back
 .text.canbox_nav_up
                0x0000000008001828        0x4 canbox.vo
                0x0000000008001828                canbox_nav_up
 .text.canbox_nav_down
                0x000000000800182c       0x3a canbox.vo
                0x000000000800182c                canbox_nav_down
 .text.canbox_nav_left
                0x0000000008001866       0x12 canbox.vo
                0x0000000008001866                canbox_nav_left
 .text.canbox_nav_right
                0x0000000008001878        0x4 canbox.vo
                0x0000000008001878                canbox_nav_right
 .text.canbox_cmd_process
                0x000000000800187c       0xdc canbox.vo
                0x000000000800187c                canbox_cmd_process
 .text.canbox_process
                0x0000000008001958       0x74 canbox.vo
                0x0000000008001958                canbox_process
 .text.canbox_park_process
                0x00000000080019cc       0x54 canbox.vo
                0x00000000080019cc                canbox_park_process
 .text.ring_init
                0x0000000008001a20        0xe ring.vo
                0x0000000008001a20                ring_init
 .text.ring_write_ch
                0x0000000008001a2e       0x40 ring.vo
                0x0000000008001a2e                ring_write_ch
 .text.ring_write
                0x0000000008001a6e       0x24 ring.vo
                0x0000000008001a6e                ring_write
 .text.ring_read_ch
                0x0000000008001a92       0x2c ring.vo
                0x0000000008001a92                ring_read_ch
 *fill*         0x0000000008001abe        0x2 
 .text.conf_write
                0x0000000008001ac0       0xa8 conf.vo
                0x0000000008001ac0                conf_write
 .text.conf_read
                0x0000000008001b68       0xc8 conf.vo
                0x0000000008001b68                conf_read
 .text.conf_get_car
                0x0000000008001c30        0xc conf.vo
                0x0000000008001c30                conf_get_car
 .text.conf_set_car
                0x0000000008001c3c       0x10 conf.vo
                0x0000000008001c3c                conf_set_car
 .text.conf_get_illum
                0x0000000008001c4c        0xc conf.vo
                0x0000000008001c4c                conf_get_illum
 .text.conf_set_illum
                0x0000000008001c58       0x10 conf.vo
                0x0000000008001c58                conf_set_illum
 .text.conf_get_rear_delay
                0x0000000008001c68        0xc conf.vo
                0x0000000008001c68                conf_get_rear_delay
 .text.conf_set_rear_delay
                0x0000000008001c74       0x10 conf.vo
                0x0000000008001c74                conf_set_rear_delay
 .text.conf_get_canbox
                0x0000000008001c84        0xc conf.vo
                0x0000000008001c84                conf_get_canbox
 .text.conf_set_canbox
                0x0000000008001c90       0x10 conf.vo
                0x0000000008001c90                conf_set_canbox
 .text.conf_get_idx
                0x0000000008001ca0        0xc conf.vo
                0x0000000008001ca0                conf_get_idx
 .text.in_process
                0x0000000008001cac       0xa6 car.vo
 .text.is_timeout
                0x0000000008001d52       0x14 car.vo
                0x0000000008001d52                is_timeout
 *fill*         0x0000000008001d66        0x2 
 .text.anymsg_handler
                0x0000000008001d68       0x1c car.vo
 .text.lr2_2013my_ms_4a6_handler
                0x0000000008001d84      0x16c car.vo
 .text.lr2_2013my_ms_b8_handler
                0x0000000008001ef0       0x80 car.vo
 .text.lr2_2013my_ms_10_handler
                0x0000000008001f70       0x48 car.vo
 .text.xc90_2007my_ms_ccm_handler
                0x0000000008001fb8       0x84 car.vo
 .text.xc90_2007my_ms_acc_handler
                0x000000000800203c       0x2c car.vo
 .text.xc90_2007my_ms_gear_handler
                0x0000000008002068       0x38 car.vo
 .text.xc90_2007my_ms_lsm1_handler
                0x00000000080020a0       0x44 car.vo
 .text.xc90_2007my_ms_wheel_handler
                0x00000000080020e4       0x54 car.vo
 .text.xc90_2007my_ms_swm_handler
                0x0000000008002138      0x174 car.vo
 .text.xc90_2007my_ms_lsm0_handler
                0x00000000080022ac       0x30 car.vo
 .text.skoda_fabia_ms_taho_handler
                0x00000000080022dc       0x20 car.vo
 .text.skoda_fabia_ms_aircon_handler
                0x00000000080022fc       0x20 car.vo
 .text.skoda_fabia_ms_acc_handler
                0x000000000800231c       0x34 car.vo
 .text.skoda_fabia_ms_gear_handler
                0x0000000008002350       0x38 car.vo
 .text.skoda_fabia_ms_park_handler
                0x0000000008002388       0x24 car.vo
 .text.skoda_fabia_ms_wheel_handler
                0x00000000080023ac       0x20 car.vo
 .text.skoda_fabia_ms_swm_handler
                0x00000000080023cc       0x5c car.vo
 .text.skoda_fabia_ms_illum_handler
                0x0000000008002428       0x28 car.vo
 .text.toyota_premio_26x_ms_temp_handler
                0x0000000008002450       0x20 car.vo
 .text.toyota_premio_26x_ms_tacho_handler
                0x0000000008002470       0x28 car.vo
 .text.toyota_premio_26x_ms_odometer
                0x0000000008002498       0x28 car.vo
 .text.toyota_premio_26x_ms_drive_mode_handler
                0x00000000080024c0       0x4c car.vo
 .text.toyota_premio_26x_ms_light_handler
                0x000000000800250c       0x44 car.vo
 .text.toyota_premio_26x_ms_ign_brake_doors_handler
                0x0000000008002550       0x84 car.vo
 .text.toyota_premio_26x_ms_speed_handler
                0x00000000080025d4       0x2c car.vo
 .text.toyota_premio_26x_ms_wheel_handler
                0x0000000008002600       0x68 car.vo
 .text.q3_2015_ms_3E3_handler
                0x0000000008002668       0x4c car.vo
 .text.q3_2015_ms_3E1_handler
                0x00000000080026b4       0x34 car.vo
 .text.q3_2015_ms_6DA_handler
                0x00000000080026e8      0x1bc car.vo
 .text.q3_2015_ms_621_handler
                0x00000000080028a4       0x54 car.vo
 .text.q3_2015_ms_35b_handler
                0x00000000080028f8       0x50 car.vo
 .text.q3_2015_ms_3c3_handler
                0x0000000008002948       0x50 car.vo
 .text.q3_2015_ms_635_handler
                0x0000000008002998       0x44 car.vo
 .text.q3_2015_ms_5BF_handler
                0x00000000080029dc      0x124 car.vo
 .text.q3_2015_ms_359_handler
                0x0000000008002b00       0x64 car.vo
 .text.q3_2015_ms_470_handler
                0x0000000008002b64       0x60 car.vo
 *fill*         0x0000000008002bc4        0x4 
 .text.q3_2015_ms_571_handler
                0x0000000008002bc8       0x48 car.vo
 .text.q3_2015_ms_65D_handler
                0x0000000008002c10       0x2c car.vo
 .text.q3_2015_ms_65F_handler
                0x0000000008002c3c       0x64 car.vo
 .text.q3_2015_ms_2c3_handler
                0x0000000008002ca0       0x2c car.vo
 .text.lr2_2007my_ms_405_handler
                0x0000000008002ccc       0x68 car.vo
 .text.lr2_2013my_ms_405_handler
                0x0000000008002d34        0x4 car.vo
 .text.lr2_2007my_ms_2a0_handler
                0x0000000008002d38       0x48 car.vo
 .text.lr2_2007my_ms_188_handler
                0x0000000008002d80      0x16c car.vo
 .text.lr2_2007my_ms_110_handler
                0x0000000008002eec       0x38 car.vo
 .text.lr2_2007my_ms_fd_handler
                0x0000000008002f24       0x28 car.vo
 .text.lr2_2007my_ms_7e_handler
                0x0000000008002f4c       0x5c car.vo
 .text.lr2_2007my_ms_6c_handler
                0x0000000008002fa8       0x44 car.vo
 .text.xc90_2007my_ms_rem_handler
                0x0000000008002fec       0xc8 car.vo
 .text.skoda_fabia_ms_rem_handler
                0x00000000080030b4       0xc0 car.vo
 .text.car_get_next_car
                0x0000000008003174       0x14 car.vo
                0x0000000008003174                car_get_next_car
 .text.car_init
                0x0000000008003188       0x54 car.vo
                0x0000000008003188                car_init
 .text.car_get_car
                0x00000000080031dc        0xc car.vo
                0x00000000080031dc                car_get_car
 .text.car_process
                0x00000000080031e8       0x78 car.vo
                0x00000000080031e8                car_process
 .text.car_get_acc
                0x0000000008003260       0x10 car.vo
                0x0000000008003260                car_get_acc
 .text.car_get_ign
                0x0000000008003270       0x10 car.vo
                0x0000000008003270                car_get_ign
 .text.car_get_illum
                0x0000000008003280       0x14 car.vo
                0x0000000008003280                car_get_illum
 .text.car_get_park_lights
                0x0000000008003294       0x14 car.vo
                0x0000000008003294                car_get_park_lights
 .text.car_get_near_lights
                0x00000000080032a8       0x14 car.vo
                0x00000000080032a8                car_get_near_lights
 .text.car_get_radar
                0x00000000080032bc       0x1c car.vo
                0x00000000080032bc                car_get_radar
 .text.car_get_wheel
                0x00000000080032d8       0x10 car.vo
                0x00000000080032d8                car_get_wheel
 .text.car_get_vin
                0x00000000080032e8       0x3c car.vo
                0x00000000080032e8                car_get_vin
 .text.car_get_odometer
                0x0000000008003324        0xc car.vo
                0x0000000008003324                car_get_odometer
 .text.car_get_selector
                0x0000000008003330        0xc car.vo
                0x0000000008003330                car_get_selector
 .text.car_get_door_fl
                0x000000000800333c       0x14 car.vo
                0x000000000800333c                car_get_door_fl
 .text.car_get_door_fr
                0x0000000008003350       0x14 car.vo
                0x0000000008003350                car_get_door_fr
 .text.car_get_door_rl
                0x0000000008003364       0x14 car.vo
                0x0000000008003364                car_get_door_rl
 .text.car_get_door_rr
                0x0000000008003378       0x14 car.vo
                0x0000000008003378                car_get_door_rr
 .text.car_get_bonnet
                0x000000000800338c       0x14 car.vo
                0x000000000800338c                car_get_bonnet
 .text.car_get_tailgate
                0x00000000080033a0       0x14 car.vo
                0x00000000080033a0                car_get_tailgate
 .text.car_get_park_break
                0x00000000080033b4       0x14 car.vo
                0x00000000080033b4                car_get_park_break
 .text.car_get_low_washer
                0x00000000080033c8       0x14 car.vo
                0x00000000080033c8                car_get_low_washer
 .text.car_get_ds_belt
                0x00000000080033dc       0x14 car.vo
                0x00000000080033dc                car_get_ds_belt
 .text.car_get_taho
                0x00000000080033f0        0xc car.vo
                0x00000000080033f0                car_get_taho
 .text.car_get_speed
                0x00000000080033fc        0xc car.vo
                0x00000000080033fc                car_get_speed
 .text.car_get_voltage
                0x0000000008003408        0xc car.vo
                0x0000000008003408                car_get_voltage
 .text.car_get_temp
                0x0000000008003414        0xc car.vo
                0x0000000008003414                car_get_temp
 .text.car_get_low_voltage
                0x0000000008003420       0x14 car.vo
                0x0000000008003420                car_get_low_voltage
 .text.car_get_low_fuel_level
                0x0000000008003434       0x14 car.vo
                0x0000000008003434                car_get_low_fuel_level
 .text.car_get_air_ac
                0x0000000008003448       0x10 car.vo
                0x0000000008003448                car_get_air_ac
 .text.car_get_air_ac_max
                0x0000000008003458       0x10 car.vo
                0x0000000008003458                car_get_air_ac_max
 .text.car_get_air_recycling
                0x0000000008003468       0x10 car.vo
                0x0000000008003468                car_get_air_recycling
 .text.car_get_air_recycling_max
                0x0000000008003478       0x10 car.vo
                0x0000000008003478                car_get_air_recycling_max
 .text.car_get_air_recycling_min
                0x0000000008003488       0x10 car.vo
                0x0000000008003488                car_get_air_recycling_min
 .text.car_get_air_dual
                0x0000000008003498       0x10 car.vo
                0x0000000008003498                car_get_air_dual
 .text.car_get_air_rear
                0x00000000080034a8       0x10 car.vo
                0x00000000080034a8                car_get_air_rear
 .text.car_get_air_rear_lock
                0x00000000080034b8       0x10 car.vo
                0x00000000080034b8                car_get_air_rear_lock
 .text.car_get_air_aqs
                0x00000000080034c8       0x10 car.vo
                0x00000000080034c8                car_get_air_aqs
 .text.car_get_air_wind
                0x00000000080034d8       0x10 car.vo
                0x00000000080034d8                car_get_air_wind
 .text.car_get_air_middle
                0x00000000080034e8       0x10 car.vo
                0x00000000080034e8                car_get_air_middle
 .text.car_get_air_floor
                0x00000000080034f8       0x10 car.vo
                0x00000000080034f8                car_get_air_floor
 .text.car_get_air_powerfull
                0x0000000008003508       0x10 car.vo
                0x0000000008003508                car_get_air_powerfull
 .text.car_get_air_fanspeed
                0x0000000008003518       0x10 car.vo
                0x0000000008003518                car_get_air_fanspeed
 .text.car_get_air_l_temp
                0x0000000008003528       0x10 car.vo
                0x0000000008003528                car_get_air_l_temp
 .text.car_get_air_r_temp
                0x0000000008003538       0x10 car.vo
                0x0000000008003538                car_get_air_r_temp
 .text.car_get_air_l_seat
                0x0000000008003548       0x10 car.vo
                0x0000000008003548                car_get_air_l_seat
 .text.car_get_air_r_seat
                0x0000000008003558       0x10 car.vo
                0x0000000008003558                car_get_air_r_seat
 .text.hw_systick_callback
                0x0000000008003568       0x90 tick.vo
                0x0000000008003568                hw_systick_callback
 .text.hw_setup
                0x00000000080035f8       0x48 hw.vo
                0x00000000080035f8                hw_setup
 .text.hw_sleep
                0x0000000008003640       0x26 hw.vo
                0x0000000008003640                hw_sleep
 *fill*         0x0000000008003666        0x2 
 .text.__local_ram
                0x0000000008003668       0x14 sbrk.vo
                0x0000000008003668                local_heap_setup
 .text._sbrk_r  0x000000000800367c       0x34 sbrk.vo
                0x000000000800367c                _sbrk_r
 .text.hw_clock_setup
                0x00000000080036b0       0x12 volvo_od2/fw/hw_clock.vo
                0x00000000080036b0                hw_clock_setup
 *fill*         0x00000000080036c2        0x2 
 .text.hw_can_get_mscan
                0x00000000080036c4        0x8 volvo_od2/fw/hw_can.vo
                0x00000000080036c4                hw_can_get_mscan
 .text.hw_can_set_speed
                0x00000000080036cc       0x7c volvo_od2/fw/hw_can.vo
                0x00000000080036cc                hw_can_set_speed
 .text.hw_can_setup
                0x0000000008003748       0x7a volvo_od2/fw/hw_can.vo
                0x0000000008003748                hw_can_setup
 .text.hw_can_disable
                0x00000000080037c2       0x5c volvo_od2/fw/hw_can.vo
                0x00000000080037c2                hw_can_disable
 .text.hw_can_get_msg_nums
                0x000000000800381e        0x6 volvo_od2/fw/hw_can.vo
                0x000000000800381e                hw_can_get_msg_nums
 .text.hw_can_get_pack_nums
                0x0000000008003824        0x4 volvo_od2/fw/hw_can.vo
                0x0000000008003824                hw_can_get_pack_nums
 .text.hw_can_get_msg
                0x0000000008003828       0x2c volvo_od2/fw/hw_can.vo
                0x0000000008003828                hw_can_get_msg
 .text.usb_lp_can_rx0_isr
                0x0000000008003854       0xf4 volvo_od2/fw/hw_can.vo
                0x0000000008003854                usb_lp_can_rx0_isr
 .text.hw_can_clr
                0x0000000008003948        0xa volvo_od2/fw/hw_can.vo
                0x0000000008003948                hw_can_clr
 .text.hw_can_sleep
                0x0000000008003952       0x6a volvo_od2/fw/hw_can.vo
                0x0000000008003952                hw_can_sleep
 .text.exti15_10_isr
                0x00000000080039bc        0x8 volvo_od2/fw/hw_can.vo
                0x00000000080039bc                exti15_10_isr
 .text.hw_gpio_set
                0x00000000080039c4        0x8 volvo_od2/fw/hw_gpio.vo
                0x00000000080039c4                hw_gpio_set
 .text.hw_gpio_clr
                0x00000000080039cc        0x8 volvo_od2/fw/hw_gpio.vo
                0x00000000080039cc                hw_gpio_clr
 .text.hw_gpio_set_float
                0x00000000080039d4        0xc volvo_od2/fw/hw_gpio.vo
                0x00000000080039d4                hw_gpio_set_float
 .text.hw_gpio_setup
                0x00000000080039e0       0x88 volvo_od2/fw/hw_gpio.vo
                0x00000000080039e0                hw_gpio_setup
 .text.hw_gpio_disable
                0x0000000008003a68       0x30 volvo_od2/fw/hw_gpio.vo
                0x0000000008003a68                hw_gpio_disable
 .text.hw_gpio_rear_on
                0x0000000008003a98        0xc volvo_od2/fw/hw_gpio.vo
                0x0000000008003a98                hw_gpio_rear_on
 .text.hw_gpio_rear_off
                0x0000000008003aa4        0xc volvo_od2/fw/hw_gpio.vo
                0x0000000008003aa4                hw_gpio_rear_off
 .text.hw_gpio_acc_on
                0x0000000008003ab0        0xc volvo_od2/fw/hw_gpio.vo
                0x0000000008003ab0                hw_gpio_acc_on
 .text.hw_gpio_acc_off
                0x0000000008003abc        0xc volvo_od2/fw/hw_gpio.vo
                0x0000000008003abc                hw_gpio_acc_off
 .text.hw_gpio_ill_on
                0x0000000008003ac8        0xc volvo_od2/fw/hw_gpio.vo
                0x0000000008003ac8                hw_gpio_ill_on
 .text.hw_gpio_ill_off
                0x0000000008003ad4        0xc volvo_od2/fw/hw_gpio.vo
                0x0000000008003ad4                hw_gpio_ill_off
 .text.hw_systick_disable
                0x0000000008003ae0        0xe volvo_od2/fw/hw_tick.vo
                0x0000000008003ae0                hw_systick_disable
 .text.hw_systick_setup
                0x0000000008003aee       0x24 volvo_od2/fw/hw_tick.vo
                0x0000000008003aee                hw_systick_setup
 .text.sys_tick_handler
                0x0000000008003b12        0x4 volvo_od2/fw/hw_tick.vo
                0x0000000008003b12                sys_tick_handler
 *fill*         0x0000000008003b16        0x2 
 .text.hw_usart_get
                0x0000000008003b18        0x8 volvo_od2/fw/hw_usart.vo
                0x0000000008003b18                hw_usart_get
 .text.hw_usart_setup
                0x0000000008003b20       0x96 volvo_od2/fw/hw_usart.vo
                0x0000000008003b20                hw_usart_setup
 *fill*         0x0000000008003bb6        0x2 
 .text.usart_isr
                0x0000000008003bb8       0x74 volvo_od2/fw/hw_usart.vo
                0x0000000008003bb8                usart_isr
 .text.usart1_isr
                0x0000000008003c2c        0xc volvo_od2/fw/hw_usart.vo
                0x0000000008003c2c                usart1_isr
 .text.hw_usart_write
                0x0000000008003c38       0x1c volvo_od2/fw/hw_usart.vo
                0x0000000008003c38                hw_usart_write
 .text.hw_usart_disable
                0x0000000008003c54       0x20 volvo_od2/fw/hw_usart.vo
                0x0000000008003c54                hw_usart_disable
 .text.hw_usart_read_ch
                0x0000000008003c74        0x6 volvo_od2/fw/hw_usart.vo
                0x0000000008003c74                hw_usart_read_ch
 .text.hw_cpu_sleep
                0x0000000008003c7a       0x4e volvo_od2/fw/hw_sleep.vo
                0x0000000008003c7a                hw_cpu_sleep
 .text.hw_conf_get_addr
                0x0000000008003cc8        0x8 volvo_od2/fw/hw_conf.vo
                0x0000000008003cc8                hw_conf_get_addr
 .text.hw_conf_get_sz
                0x0000000008003cd0        0x6 volvo_od2/fw/hw_conf.vo
                0x0000000008003cd0                hw_conf_get_sz
 .text.hw_conf_unlock
                0x0000000008003cd6        0x6 volvo_od2/fw/hw_conf.vo
                0x0000000008003cd6                hw_conf_unlock
 .text.hw_conf_lock
                0x0000000008003cdc        0xa volvo_od2/fw/hw_conf.vo
                0x0000000008003cdc                hw_conf_lock
 *fill*         0x0000000008003ce6        0x2 
 .text.hw_conf_erase
                0x0000000008003ce8       0x18 volvo_od2/fw/hw_conf.vo
                0x0000000008003ce8                hw_conf_erase
 .text.hw_conf_setup
                0x0000000008003d00        0x2 volvo_od2/fw/hw_conf.vo
                0x0000000008003d00                hw_conf_setup
 .text.hw_conf_read_word
                0x0000000008003d02        0x4 volvo_od2/fw/hw_conf.vo
                0x0000000008003d02                hw_conf_read_word
 .text.hw_conf_write_word
                0x0000000008003d06        0x4 volvo_od2/fw/hw_conf.vo
                0x0000000008003d06                hw_conf_write_word
 .text.gpio_set_mode
                0x0000000008003d0a       0x6a libopencm3/lib/stm32/f1/gpio.stm32f1
                0x0000000008003d0a                gpio_set_mode
 .text.rcc_wait_for_osc_ready
                0x0000000008003d74       0x5c libopencm3/lib/stm32/f1/rcc.stm32f1
                0x0000000008003d74                rcc_wait_for_osc_ready
 .text.rcc_osc_on
                0x0000000008003dd0       0x60 libopencm3/lib/stm32/f1/rcc.stm32f1
                0x0000000008003dd0                rcc_osc_on
 .text.rcc_set_sysclk_source
                0x0000000008003e30       0x14 libopencm3/lib/stm32/f1/rcc.stm32f1
                0x0000000008003e30                rcc_set_sysclk_source
 .text.rcc_set_pll_multiplication_factor
                0x0000000008003e44       0x14 libopencm3/lib/stm32/f1/rcc.stm32f1
                0x0000000008003e44                rcc_set_pll_multiplication_factor
 .text.rcc_set_pll_source
                0x0000000008003e58       0x14 libopencm3/lib/stm32/f1/rcc.stm32f1
                0x0000000008003e58                rcc_set_pll_source
 .text.rcc_set_pllxtpre
                0x0000000008003e6c       0x14 libopencm3/lib/stm32/f1/rcc.stm32f1
                0x0000000008003e6c                rcc_set_pllxtpre
 .text.rcc_set_adcpre
                0x0000000008003e80       0x14 libopencm3/lib/stm32/f1/rcc.stm32f1
                0x0000000008003e80                rcc_set_adcpre
 .text.rcc_set_ppre2
                0x0000000008003e94       0x14 libopencm3/lib/stm32/f1/rcc.stm32f1
                0x0000000008003e94                rcc_set_ppre2
 .text.rcc_set_ppre1
                0x0000000008003ea8       0x14 libopencm3/lib/stm32/f1/rcc.stm32f1
                0x0000000008003ea8                rcc_set_ppre1
 .text.rcc_set_hpre
                0x0000000008003ebc       0x14 libopencm3/lib/stm32/f1/rcc.stm32f1
                0x0000000008003ebc                rcc_set_hpre
 .text.rcc_clock_setup_in_hse_8mhz_out_72mhz
                0x0000000008003ed0       0x88 libopencm3/lib/stm32/f1/rcc.stm32f1
                0x0000000008003ed0                rcc_clock_setup_in_hse_8mhz_out_72mhz
 .text.flash_get_status_flags
                0x0000000008003f58       0x24 libopencm3/lib/stm32/f1/flash.stm32f1
                0x0000000008003f58                flash_get_status_flags
 .text.flash_program_half_word
                0x0000000008003f7c       0x7c libopencm3/lib/stm32/f1/flash.stm32f1
                0x0000000008003f7c                flash_program_half_word
 .text.flash_erase_page
                0x0000000008003ff8       0x88 libopencm3/lib/stm32/f1/flash.stm32f1
                0x0000000008003ff8                flash_erase_page
 .text.gpio_set
                0x0000000008004080        0x4 libopencm3/lib/stm32/common/gpio_common_all.stm32f1
                0x0000000008004080                gpio_set
 .text.gpio_clear
                0x0000000008004084        0x6 libopencm3/lib/stm32/common/gpio_common_all.stm32f1
                0x0000000008004084                gpio_clear
 *fill*         0x000000000800408a        0x2 
 .text.usart_set_baudrate
                0x000000000800408c       0x28 libopencm3/lib/stm32/common/usart_common_all.stm32f1
                0x000000000800408c                usart_set_baudrate
 .text.usart_set_databits
                0x00000000080040b4       0x12 libopencm3/lib/stm32/common/usart_common_all.stm32f1
                0x00000000080040b4                usart_set_databits
 .text.usart_set_stopbits
                0x00000000080040c6        0xc libopencm3/lib/stm32/common/usart_common_all.stm32f1
                0x00000000080040c6                usart_set_stopbits
 .text.usart_set_parity
                0x00000000080040d2        0xc libopencm3/lib/stm32/common/usart_common_all.stm32f1
                0x00000000080040d2                usart_set_parity
 .text.usart_set_mode
                0x00000000080040de        0xc libopencm3/lib/stm32/common/usart_common_all.stm32f1
                0x00000000080040de                usart_set_mode
 .text.usart_set_flow_control
                0x00000000080040ea        0xc libopencm3/lib/stm32/common/usart_common_all.stm32f1
                0x00000000080040ea                usart_set_flow_control
 .text.usart_enable
                0x00000000080040f6        0xa libopencm3/lib/stm32/common/usart_common_all.stm32f1
                0x00000000080040f6                usart_enable
 .text.usart_disable
                0x0000000008004100        0xa libopencm3/lib/stm32/common/usart_common_all.stm32f1
                0x0000000008004100                usart_disable
 .text.usart_send
                0x000000000800410a        0x8 libopencm3/lib/stm32/common/usart_common_f124.stm32f1
                0x000000000800410a                usart_send
 .text.usart_recv
                0x0000000008004112        0x8 libopencm3/lib/stm32/common/usart_common_f124.stm32f1
                0x0000000008004112                usart_recv
 .text.rcc_peripheral_reset
                0x000000000800411a        0x8 libopencm3/lib/stm32/common/rcc_common_all.stm32f1
                0x000000000800411a                rcc_peripheral_reset
 .text.rcc_peripheral_clear_reset
                0x0000000008004122        0xa libopencm3/lib/stm32/common/rcc_common_all.stm32f1
                0x0000000008004122                rcc_peripheral_clear_reset
 .text.rcc_periph_clock_enable
                0x000000000800412c       0x1a libopencm3/lib/stm32/common/rcc_common_all.stm32f1
                0x000000000800412c                rcc_periph_clock_enable
 .text.rcc_periph_clock_disable
                0x0000000008004146       0x1c libopencm3/lib/stm32/common/rcc_common_all.stm32f1
                0x0000000008004146                rcc_periph_clock_disable
 *fill*         0x0000000008004162        0x2 
 .text.pwr_clear_wakeup_flag
                0x0000000008004164       0x10 libopencm3/lib/stm32/common/pwr_common_all.stm32f1
                0x0000000008004164                pwr_clear_wakeup_flag
 .text.pwr_set_stop_mode
                0x0000000008004174       0x10 libopencm3/lib/stm32/common/pwr_common_all.stm32f1
                0x0000000008004174                pwr_set_stop_mode
 .text.pwr_voltage_regulator_low_power_in_stop
                0x0000000008004184       0x10 libopencm3/lib/stm32/common/pwr_common_all.stm32f1
                0x0000000008004184                pwr_voltage_regulator_low_power_in_stop
 .text.blocking_handler
                0x0000000008004194        0x2 libopencm3/lib/cm3/vector.stm32f1
                0x0000000008004194                usart3_isr
                0x0000000008004194                rtc_isr
                0x0000000008004194                tim7_isr
                0x0000000008004194                adc1_2_isr
                0x0000000008004194                tim1_trg_com_isr
                0x0000000008004194                usb_hp_can_tx_isr
                0x0000000008004194                tim6_isr
                0x0000000008004194                usb_wakeup_isr
                0x0000000008004194                blocking_handler
                0x0000000008004194                tim5_isr
                0x0000000008004194                otg_fs_isr
                0x0000000008004194                spi1_isr
                0x0000000008004194                exti2_isr
                0x0000000008004194                dma1_channel6_isr
                0x0000000008004194                can_rx1_isr
                0x0000000008004194                dma1_channel5_isr
                0x0000000008004194                dma2_channel5_isr
                0x0000000008004194                usage_fault_handler
                0x0000000008004194                tim8_trg_com_isr
                0x0000000008004194                can2_rx0_isr
                0x0000000008004194                tim1_brk_isr
                0x0000000008004194                can2_rx1_isr
                0x0000000008004194                tim1_cc_isr
                0x0000000008004194                sdio_isr
                0x0000000008004194                eth_isr
                0x0000000008004194                dma1_channel4_isr
                0x0000000008004194                tim8_brk_isr
                0x0000000008004194                dma2_channel4_5_isr
                0x0000000008004194                pvd_isr
                0x0000000008004194                rcc_isr
                0x0000000008004194                flash_isr
                0x0000000008004194                uart4_isr
                0x0000000008004194                rtc_alarm_isr
                0x0000000008004194                hard_fault_handler
                0x0000000008004194                exti1_isr
                0x0000000008004194                i2c1_ev_isr
                0x0000000008004194                dma2_channel1_isr
                0x0000000008004194                spi2_isr
                0x0000000008004194                tim8_up_isr
                0x0000000008004194                dma2_channel2_isr
                0x0000000008004194                exti3_isr
                0x0000000008004194                adc3_isr
                0x0000000008004194                tim3_isr
                0x0000000008004194                usart2_isr
                0x0000000008004194                i2c2_er_isr
                0x0000000008004194                i2c2_ev_isr
                0x0000000008004194                uart5_isr
                0x0000000008004194                fsmc_isr
                0x0000000008004194                dma1_channel1_isr
                0x0000000008004194                exti4_isr
                0x0000000008004194                mem_manage_handler
                0x0000000008004194                can2_tx_isr
                0x0000000008004194                exti9_5_isr
                0x0000000008004194                dma2_channel3_isr
                0x0000000008004194                dma1_channel7_isr
                0x0000000008004194                tim1_up_isr
                0x0000000008004194                can2_sce_isr
                0x0000000008004194                tim4_isr
                0x0000000008004194                dma1_channel2_isr
                0x0000000008004194                i2c1_er_isr
                0x0000000008004194                can_sce_isr
                0x0000000008004194                tim8_cc_isr
                0x0000000008004194                tamper_isr
                0x0000000008004194                eth_wkup_isr
                0x0000000008004194                bus_fault_handler
                0x0000000008004194                wwdg_isr
                0x0000000008004194                dma1_channel3_isr
                0x0000000008004194                spi3_isr
                0x0000000008004194                tim2_isr
                0x0000000008004194                exti0_isr
 .text.null_handler
                0x0000000008004196        0x2 libopencm3/lib/cm3/vector.stm32f1
                0x0000000008004196                null_handler
                0x0000000008004196                sv_call_handler
                0x0000000008004196                pend_sv_handler
                0x0000000008004196                debug_monitor_handler
                0x0000000008004196                nmi_handler
 .text.reset_handler
                0x0000000008004198       0x90 libopencm3/lib/cm3/vector.stm32f1
                0x0000000008004198                reset_handler
 .text.systick_set_reload
                0x0000000008004228        0xc libopencm3/lib/cm3/systick.stm32f1
                0x0000000008004228                systick_set_reload
 .text.systick_set_clocksource
                0x0000000008004234       0x14 libopencm3/lib/cm3/systick.stm32f1
                0x0000000008004234                systick_set_clocksource
 .text.systick_interrupt_enable
                0x0000000008004248        0xe libopencm3/lib/cm3/systick.stm32f1
                0x0000000008004248                systick_interrupt_enable
 .text.systick_interrupt_disable
                0x0000000008004256        0xe libopencm3/lib/cm3/systick.stm32f1
                0x0000000008004256                systick_interrupt_disable
 .text.systick_counter_enable
                0x0000000008004264        0xe libopencm3/lib/cm3/systick.stm32f1
                0x0000000008004264                systick_counter_enable
 .text.systick_counter_disable
                0x0000000008004272        0xe libopencm3/lib/cm3/systick.stm32f1
                0x0000000008004272                systick_counter_disable
 .text.nvic_enable_irq
                0x0000000008004280       0x18 libopencm3/lib/cm3/nvic.stm32f1
                0x0000000008004280                nvic_enable_irq
 .text.nvic_disable_irq
                0x0000000008004298       0x18 libopencm3/lib/cm3/nvic.stm32f1
                0x0000000008004298                nvic_disable_irq
 .text.nvic_set_priority
                0x00000000080042b0       0x20 libopencm3/lib/cm3/nvic.stm32f1
                0x00000000080042b0                nvic_set_priority
 .text.flash_set_ws
                0x00000000080042d0       0x14 libopencm3/lib/stm32/common/flash_common_f01.stm32f1
                0x00000000080042d0                flash_set_ws
 .text.flash_unlock
                0x00000000080042e4       0x20 libopencm3/lib/stm32/common/flash_common_f01.stm32f1
                0x00000000080042e4                flash_unlock
 .text.flash_lock
                0x0000000008004304       0x10 libopencm3/lib/stm32/common/flash_common_f01.stm32f1
                0x0000000008004304                flash_lock
 .text.flash_wait_for_last_operation
                0x0000000008004314        0xc libopencm3/lib/stm32/common/flash_common_f01.stm32f1
                0x0000000008004314                flash_wait_for_last_operation
 .text.flash_program_word
                0x0000000008004320       0x18 libopencm3/lib/stm32/common/flash_common_f01.stm32f1
                0x0000000008004320                flash_program_word
 .text.can_reset
                0x0000000008004338       0x38 libopencm3/lib/stm32/can.stm32f1
                0x0000000008004338                can_reset
 .text.can_init
                0x0000000008004370      0x12a libopencm3/lib/stm32/can.stm32f1
                0x0000000008004370                can_init
 .text.can_filter_init
                0x000000000800449a       0x90 libopencm3/lib/stm32/can.stm32f1
                0x000000000800449a                can_filter_init
 .text.can_filter_id_mask_32bit_init
                0x000000000800452a       0x1c libopencm3/lib/stm32/can.stm32f1
                0x000000000800452a                can_filter_id_mask_32bit_init
 .text.can_enable_irq
                0x0000000008004546        0x8 libopencm3/lib/stm32/can.stm32f1
                0x0000000008004546                can_enable_irq
 .text.can_disable_irq
                0x000000000800454e        0xa libopencm3/lib/stm32/can.stm32f1
                0x000000000800454e                can_disable_irq
 .text.can_fifo_release
                0x0000000008004558       0x16 libopencm3/lib/stm32/can.stm32f1
                0x0000000008004558                can_fifo_release
 .text.can_receive
                0x000000000800456e       0xa0 libopencm3/lib/stm32/can.stm32f1
                0x000000000800456e                can_receive
 *fill*         0x000000000800460e        0x2 
 .text.exti_set_trigger
                0x0000000008004610       0x48 libopencm3/lib/stm32/common/exti_common_all.stm32f1
                0x0000000008004610                exti_set_trigger
 .text.exti_enable_request
                0x0000000008004658       0x1c libopencm3/lib/stm32/common/exti_common_all.stm32f1
                0x0000000008004658                exti_enable_request
 .text.exti_disable_request
                0x0000000008004674       0x20 libopencm3/lib/stm32/common/exti_common_all.stm32f1
                0x0000000008004674                exti_disable_request
 .text.exti_reset_request
                0x0000000008004694        0xc libopencm3/lib/stm32/common/exti_common_all.stm32f1
                0x0000000008004694                exti_reset_request
 .text.exti_select_source
                0x00000000080046a0       0xa0 libopencm3/lib/stm32/common/exti_common_all.stm32f1
                0x00000000080046a0                exti_select_source
 .text          0x0000000008004740       0xec /usr/lib/gcc/arm-none-eabi/12.2.1/../../../arm-none-eabi/lib/thumb/v7-m/nofp/libc.a(lib_a-memcpy.o)
                0x0000000008004740                memcpy
 .text          0x000000000800482c       0xa4 /usr/lib/gcc/arm-none-eabi/12.2.1/../../../arm-none-eabi/lib/thumb/v7-m/nofp/libc.a(lib_a-memset.o)
                0x000000000800482c                memset
 .text          0x00000000080048d0      0x100 /usr/lib/gcc/arm-none-eabi/12.2.1/../../../arm-none-eabi/lib/thumb/v7-m/nofp/libc.a(lib_a-snprintf.o)
                0x00000000080048d0                _snprintf_r
                0x000000000800494c                snprintf
 .text          0x00000000080049d0       0xbc /usr/lib/gcc/arm-none-eabi/12.2.1/../../../arm-none-eabi/lib/thumb/v7-m/nofp/libc.a(lib_a-strcpy.o)
                0x00000000080049d0                strcpy
 .text          0x0000000008004a8c       0x5c /usr/lib/gcc/arm-none-eabi/12.2.1/../../../arm-none-eabi/lib/thumb/v7-m/nofp/libc.a(lib_a-strlen-stub.o)
                0x0000000008004a8c                strlen
 .text          0x0000000008004ae8     0x1498 /usr/lib/gcc/arm-none-eabi/12.2.1/../../../arm-none-eabi/lib/thumb/v7-m/nofp/libc.a(lib_a-svfprintf.o)
                0x0000000008004ae8                _svfprintf_r
 .text          0x0000000008005f80      0xff4 /usr/lib/gcc/arm-none-eabi/12.2.1/../../../arm-none-eabi/lib/thumb/v7-m/nofp/libc.a(lib_a-dtoa.o)
                0x00000000080060ac                _dtoa_r
 .text          0x0000000008006f74       0x14 /usr/lib/gcc/arm-none-eabi/12.2.1/../../../arm-none-eabi/lib/thumb/v7-m/nofp/libc.a(lib_a-localeconv.o)
                0x0000000008006f74                __localeconv_l
                0x0000000008006f78                _localeconv_r
                0x0000000008006f80                localeconv
 .text          0x0000000008006f88      0x54c /usr/lib/gcc/arm-none-eabi/12.2.1/../../../arm-none-eabi/lib/thumb/v7-m/nofp/libc.a(lib_a-mallocr.o)
                0x0000000008006f88                _malloc_r
 .text          0x00000000080074d4       0x90 /usr/lib/gcc/arm-none-eabi/12.2.1/../../../arm-none-eabi/lib/thumb/v7-m/nofp/libc.a(lib_a-memchr-stub.o)
                0x00000000080074d4                memchr
 .text          0x0000000008007564        0x8 /usr/lib/gcc/arm-none-eabi/12.2.1/../../../arm-none-eabi/lib/thumb/v7-m/nofp/libc.a(lib_a-mlock.o)
                0x0000000008007564                __malloc_lock
                0x0000000008007568                __malloc_unlock
 .text          0x000000000800756c      0xa68 /usr/lib/gcc/arm-none-eabi/12.2.1/../../../arm-none-eabi/lib/thumb/v7-m/nofp/libc.a(lib_a-mprec.o)
                0x000000000800756c                _Balloc
                0x00000000080075b8                _Bfree
                0x00000000080075cc                __multadd
                0x0000000008007670                __s2b
                0x0000000008007724                __hi0bits
                0x0000000008007764                __lo0bits
                0x00000000080077bc                __i2b
                0x0000000008007818                __multiply
                0x0000000008007974                __pow5mult
                0x0000000008007a2c                __lshift
                0x0000000008007b18                __mcmp
                0x0000000008007b58                __mdiff
                0x0000000008007ca4                __ulp
                0x0000000008007ce8                __b2d
                0x0000000008007db8                __d2b
                0x0000000008007e7c                __ratio
                0x0000000008007edc                _mprec_log10
                0x0000000008007f14                __copybits
                0x0000000008007f74                __any_on
 .text          0x0000000008007fd4      0xb7c /usr/lib/gcc/arm-none-eabi/12.2.1/../../../arm-none-eabi/lib/thumb/v7-m/nofp/libc.a(lib_a-svfiprintf.o)
                0x0000000008007fd4                __ssprint_r
                0x00000000080080d0                _svfiprintf_r
 .text          0x0000000008008b50       0x4c /usr/lib/gcc/arm-none-eabi/12.2.1/../../../arm-none-eabi/lib/thumb/v7-m/nofp/libc.a(lib_a-assert.o)
                0x0000000008008b50                __assert_func
                0x0000000008008b90                __assert
 .text          0x0000000008008b9c       0x60 /usr/lib/gcc/arm-none-eabi/12.2.1/../../../arm-none-eabi/lib/thumb/v7-m/nofp/libc.a(lib_a-callocr.o)
                0x0000000008008b9c                _calloc_r
 .text          0x0000000008008bfc       0x44 /usr/lib/gcc/arm-none-eabi/12.2.1/../../../arm-none-eabi/lib/thumb/v7-m/nofp/libc.a(lib_a-fiprintf.o)
                0x0000000008008bfc                _fiprintf_r
                0x0000000008008c18                fiprintf
 .text          0x0000000008008c40      0x2a0 /usr/lib/gcc/arm-none-eabi/12.2.1/../../../arm-none-eabi/lib/thumb/v7-m/nofp/libc.a(lib_a-freer.o)
                0x0000000008008c40                _malloc_trim_r
                0x0000000008008ce0                _free_r
 .text          0x0000000008008ee0       0x8c /usr/lib/gcc/arm-none-eabi/12.2.1/../../../arm-none-eabi/lib/thumb/v7-m/nofp/libc.a(lib_a-locale.o)
                0x0000000008008ee0                _setlocale_r
                0x0000000008008f20                __locale_mb_cur_max
                0x0000000008008f2c                setlocale
 .text          0x0000000008008f6c       0x40 /usr/lib/gcc/arm-none-eabi/12.2.1/../../../arm-none-eabi/lib/thumb/v7-m/nofp/libc.a(lib_a-mbtowc_r.o)
                0x0000000008008f6c                _mbtowc_r
                0x0000000008008f80                __ascii_mbtowc
 .text          0x0000000008008fac       0xf8 /usr/lib/gcc/arm-none-eabi/12.2.1/../../../arm-none-eabi/lib/thumb/v7-m/nofp/libc.a(lib_a-memmove.o)
                0x0000000008008fac                memmove
 .text          0x00000000080090a4      0x3dc /usr/lib/gcc/arm-none-eabi/12.2.1/../../../arm-none-eabi/lib/thumb/v7-m/nofp/libc.a(lib_a-reallocr.o)
                0x00000000080090a4                _realloc_r
 .text          0x0000000008009480      0x1bc /usr/lib/gcc/arm-none-eabi/12.2.1/../../../arm-none-eabi/lib/thumb/v7-m/nofp/libc.a(lib_a-strcmp.o)
                0x0000000008009480                strcmp
 .text          0x000000000800963c      0xd48 /usr/lib/gcc/arm-none-eabi/12.2.1/../../../arm-none-eabi/lib/thumb/v7-m/nofp/libc.a(lib_a-vfiprintf.o)
                0x00000000080096b4                __sprint_r
                0x00000000080096c8                _vfiprintf_r
                0x000000000800a2fc                vfiprintf
 .text          0x000000000800a384       0x30 /usr/lib/gcc/arm-none-eabi/12.2.1/../../../arm-none-eabi/lib/thumb/v7-m/nofp/libc.a(lib_a-wctomb_r.o)
                0x000000000800a384                _wctomb_r
                0x000000000800a398                __ascii_wctomb
 .text          0x000000000800a3b4       0xd4 /usr/lib/gcc/arm-none-eabi/12.2.1/../../../arm-none-eabi/lib/thumb/v7-m/nofp/libc.a(lib_a-wsetup.o)
                0x000000000800a3b4                __swsetup_r
 .text          0x000000000800a488       0x10 /usr/lib/gcc/arm-none-eabi/12.2.1/../../../arm-none-eabi/lib/thumb/v7-m/nofp/libc.a(lib_a-abort.o)
                0x000000000800a488                abort
 .text          0x000000000800a498      0x1a0 /usr/lib/gcc/arm-none-eabi/12.2.1/../../../arm-none-eabi/lib/thumb/v7-m/nofp/libc.a(lib_a-fflush.o)
                0x000000000800a498                __sflush_r
                0x000000000800a5bc                _fflush_r
                0x000000000800a5e8                fflush
 .text          0x000000000800a638      0x214 /usr/lib/gcc/arm-none-eabi/12.2.1/../../../arm-none-eabi/lib/thumb/v7-m/nofp/libc.a(lib_a-findfp.o)
                0x000000000800a63c                _cleanup_r
                0x000000000800a720                __sfmoreglue
                0x000000000800a750                __sfp
                0x000000000800a7f8                _cleanup
                0x000000000800a80c                __sinit
                0x000000000800a814                __sfp_lock_acquire
                0x000000000800a818                __sfp_lock_release
                0x000000000800a81c                __sinit_lock_acquire
                0x000000000800a820                __sinit_lock_release
                0x000000000800a824                __fp_lock_all
                0x000000000800a838                __fp_unlock_all
 .text          0x000000000800a84c      0x104 /usr/lib/gcc/arm-none-eabi/12.2.1/../../../arm-none-eabi/lib/thumb/v7-m/nofp/libc.a(lib_a-fputwc.o)
                0x000000000800a84c                __fputwc
                0x000000000800a8ec                _fputwc_r
                0x000000000800a910                fputwc
 .text          0x000000000800a950      0x2f0 /usr/lib/gcc/arm-none-eabi/12.2.1/../../../arm-none-eabi/lib/thumb/v7-m/nofp/libc.a(lib_a-fvwrite.o)
                0x000000000800a950                __sfvwrite_r
 .text          0x000000000800ac40       0x88 /usr/lib/gcc/arm-none-eabi/12.2.1/../../../arm-none-eabi/lib/thumb/v7-m/nofp/libc.a(lib_a-fwalk.o)
                0x000000000800ac40                _fwalk
                0x000000000800ac80                _fwalk_reent
 .text          0x000000000800acc8      0x140 /usr/lib/gcc/arm-none-eabi/12.2.1/../../../arm-none-eabi/lib/thumb/v7-m/nofp/libc.a(lib_a-makebuf.o)
                0x000000000800acc8                __smakebuf_r
                0x000000000800ada8                __swhatbuf_r
 .text          0x000000000800ae08      0x28c /usr/lib/gcc/arm-none-eabi/12.2.1/../../../arm-none-eabi/lib/thumb/v7-m/nofp/libc.a(lib_a-signal.o)
                0x000000000800ae08                _init_signal_r
                0x000000000800ae38                _signal_r
                0x000000000800ae84                _raise_r
                0x000000000800aedc                __sigtramp_r
                0x000000000800af44                raise
                0x000000000800afa0                signal
                0x000000000800aff4                _init_signal
                0x000000000800b02c                __sigtramp
 .text          0x000000000800b094       0x2c /usr/lib/gcc/arm-none-eabi/12.2.1/../../../arm-none-eabi/lib/thumb/v7-m/nofp/libc.a(lib_a-signalr.o)
                0x000000000800b094                _kill_r
                0x000000000800b0bc                _getpid_r
 .text          0x000000000800b0c0       0x90 /usr/lib/gcc/arm-none-eabi/12.2.1/../../../arm-none-eabi/lib/thumb/v7-m/nofp/libc.a(lib_a-stdio.o)
                0x000000000800b0c0                __sread
                0x000000000800b0e4                __seofread
                0x000000000800b0e8                __swrite
                0x000000000800b128                __sseek
                0x000000000800b148                __sclose
 .text          0x000000000800b150       0xc4 /usr/lib/gcc/arm-none-eabi/12.2.1/../../../arm-none-eabi/lib/thumb/v7-m/nofp/libc.a(lib_a-wbuf.o)
                0x000000000800b150                __swbuf_r
                0x000000000800b200                __swbuf
 .text          0x000000000800b214       0x88 /usr/lib/gcc/arm-none-eabi/12.2.1/../../../arm-none-eabi/lib/thumb/v7-m/nofp/libc.a(lib_a-wcrtomb.o)
                0x000000000800b214                _wcrtomb_r
                0x000000000800b250                wcrtomb
 .text          0x000000000800b29c       0x2c /usr/lib/gcc/arm-none-eabi/12.2.1/../../../arm-none-eabi/lib/thumb/v7-m/nofp/libc.a(lib_a-writer.o)
                0x000000000800b29c                _write_r
 .text          0x000000000800b2c8       0x24 /usr/lib/gcc/arm-none-eabi/12.2.1/../../../arm-none-eabi/lib/thumb/v7-m/nofp/libc.a(lib_a-closer.o)
                0x000000000800b2c8                _close_r
 .text          0x000000000800b2ec       0xd4 /usr/lib/gcc/arm-none-eabi/12.2.1/../../../arm-none-eabi/lib/thumb/v7-m/nofp/libc.a(lib_a-fclose.o)
                0x000000000800b350                _fclose_r
                0x000000000800b384                fclose
 .text          0x000000000800b3c0       0x28 /usr/lib/gcc/arm-none-eabi/12.2.1/../../../arm-none-eabi/lib/thumb/v7-m/nofp/libc.a(lib_a-fstatr.o)
                0x000000000800b3c0                _fstat_r
 .text          0x000000000800b3e8       0x24 /usr/lib/gcc/arm-none-eabi/12.2.1/../../../arm-none-eabi/lib/thumb/v7-m/nofp/libc.a(lib_a-isattyr.o)
                0x000000000800b3e8                _isatty_r
 .text          0x000000000800b40c       0x2c /usr/lib/gcc/arm-none-eabi/12.2.1/../../../arm-none-eabi/lib/thumb/v7-m/nofp/libc.a(lib_a-lseekr.o)
                0x000000000800b40c                _lseek_r
 .text          0x000000000800b438       0x2c /usr/lib/gcc/arm-none-eabi/12.2.1/../../../arm-none-eabi/lib/thumb/v7-m/nofp/libc.a(lib_a-readr.o)
                0x000000000800b438                _read_r
 .text          0x000000000800b464      0x378 /usr/lib/gcc/arm-none-eabi/12.2.1/thumb/v7-m/nofp/libgcc.a(_arm_addsubdf3.o)
                0x000000000800b464                __aeabi_drsub
                0x000000000800b46c                __aeabi_dsub
                0x000000000800b46c                __subdf3
                0x000000000800b470                __adddf3
                0x000000000800b470                __aeabi_dadd
                0x000000000800b6e8                __aeabi_ui2d
                0x000000000800b6e8                __floatunsidf
                0x000000000800b708                __floatsidf
                0x000000000800b708                __aeabi_i2d
                0x000000000800b72c                __extendsfdf2
                0x000000000800b72c                __aeabi_f2d
                0x000000000800b770                __aeabi_ul2d
                0x000000000800b770                __floatundidf
                0x000000000800b780                __floatdidf
                0x000000000800b780                __aeabi_l2d
 .text          0x000000000800b7dc      0x424 /usr/lib/gcc/arm-none-eabi/12.2.1/thumb/v7-m/nofp/libgcc.a(_arm_muldivdf3.o)
                0x000000000800b7dc                __aeabi_dmul
                0x000000000800b7dc                __muldf3
                0x000000000800ba30                __aeabi_ddiv
                0x000000000800ba30                __divdf3
 .text          0x000000000800bc00      0x110 /usr/lib/gcc/arm-none-eabi/12.2.1/thumb/v7-m/nofp/libgcc.a(_arm_cmpdf2.o)
                0x000000000800bc00                __gtdf2
                0x000000000800bc00                __gedf2
                0x000000000800bc08                __ltdf2
                0x000000000800bc08                __ledf2
                0x000000000800bc10                __cmpdf2
                0x000000000800bc10                __eqdf2
                0x000000000800bc10                __nedf2
                0x000000000800bc8c                __aeabi_cdrcmple
                0x000000000800bc9c                __aeabi_cdcmple
                0x000000000800bc9c                __aeabi_cdcmpeq
                0x000000000800bcac                __aeabi_dcmpeq
                0x000000000800bcc0                __aeabi_dcmplt
                0x000000000800bcd4                __aeabi_dcmple
                0x000000000800bce8                __aeabi_dcmpge
                0x000000000800bcfc                __aeabi_dcmpgt
 .text          0x000000000800bd10       0x2c /usr/lib/gcc/arm-none-eabi/12.2.1/thumb/v7-m/nofp/libgcc.a(_arm_unorddf2.o)
                0x000000000800bd10                __aeabi_dcmpun
                0x000000000800bd10                __unorddf2
 .text          0x000000000800bd3c       0x50 /usr/lib/gcc/arm-none-eabi/12.2.1/thumb/v7-m/nofp/libgcc.a(_arm_fixdfsi.o)
                0x000000000800bd3c                __fixdfsi
                0x000000000800bd3c                __aeabi_d2iz
 .text          0x000000000800bd8c       0x40 /usr/lib/gcc/arm-none-eabi/12.2.1/thumb/v7-m/nofp/libgcc.a(_arm_fixunsdfsi.o)
                0x000000000800bd8c                __fixunsdfsi
                0x000000000800bd8c                __aeabi_d2uiz
 .text          0x000000000800bdcc      0x21c /usr/lib/gcc/arm-none-eabi/12.2.1/thumb/v7-m/nofp/libgcc.a(_arm_addsubsf3.o)
                0x000000000800bdcc                __aeabi_frsub
                0x000000000800bdd4                __subsf3
                0x000000000800bdd4                __aeabi_fsub
                0x000000000800bdd8                __aeabi_fadd
                0x000000000800bdd8                __addsf3
                0x000000000800bf38                __aeabi_ui2f
                0x000000000800bf38                __floatunsisf
                0x000000000800bf40                __aeabi_i2f
                0x000000000800bf40                __floatsisf
                0x000000000800bf5c                __floatundisf
                0x000000000800bf5c                __aeabi_ul2f
                0x000000000800bf6c                __floatdisf
                0x000000000800bf6c                __aeabi_l2f
 .text          0x000000000800bfe8      0x2a0 /usr/lib/gcc/arm-none-eabi/12.2.1/thumb/v7-m/nofp/libgcc.a(_arm_muldivsf3.o)
                0x000000000800bfe8                __mulsf3
                0x000000000800bfe8                __aeabi_fmul
                0x000000000800c150                __divsf3
                0x000000000800c150                __aeabi_fdiv
 .text          0x000000000800c288       0x4c /usr/lib/gcc/arm-none-eabi/12.2.1/thumb/v7-m/nofp/libgcc.a(_arm_fixsfsi.o)
                0x000000000800c288                __fixsfsi
                0x000000000800c288                __aeabi_f2iz
 .text          0x000000000800c2d4       0x40 /usr/lib/gcc/arm-none-eabi/12.2.1/thumb/v7-m/nofp/libgcc.a(_arm_fixunssfsi.o)
                0x000000000800c2d4                __aeabi_f2uiz
                0x000000000800c2d4                __fixunssfsi
 .text          0x000000000800c314       0x30 /usr/lib/gcc/arm-none-eabi/12.2.1/thumb/v7-m/nofp/libgcc.a(_aeabi_uldivmod.o)
                0x000000000800c314                __aeabi_uldivmod
 .text          0x000000000800c344      0x2c0 /usr/lib/gcc/arm-none-eabi/12.2.1/thumb/v7-m/nofp/libgcc.a(_udivmoddi4.o)
                0x000000000800c344                __udivmoddi4
 .text          0x000000000800c604        0x4 /usr/lib/gcc/arm-none-eabi/12.2.1/thumb/v7-m/nofp/libgcc.a(_dvmd_tls.o)
                0x000000000800c604                __aeabi_ldiv0
                0x000000000800c604                __aeabi_idiv0
 .text          0x000000000800c608       0x10 /usr/lib/gcc/arm-none-eabi/12.2.1/../../../arm-none-eabi/lib/thumb/v7-m/nofp/libnosys.a(close.o)
                0x000000000800c608                _close
 .text          0x000000000800c618       0x10 /usr/lib/gcc/arm-none-eabi/12.2.1/../../../arm-none-eabi/lib/thumb/v7-m/nofp/libnosys.a(fstat.o)
                0x000000000800c618                _fstat
 .text          0x000000000800c628       0x10 /usr/lib/gcc/arm-none-eabi/12.2.1/../../../arm-none-eabi/lib/thumb/v7-m/nofp/libnosys.a(getpid.o)
                0x000000000800c628                _getpid
 .text          0x000000000800c638       0x10 /usr/lib/gcc/arm-none-eabi/12.2.1/../../../arm-none-eabi/lib/thumb/v7-m/nofp/libnosys.a(isatty.o)
                0x000000000800c638                _isatty
 .text          0x000000000800c648       0x10 /usr/lib/gcc/arm-none-eabi/12.2.1/../../../arm-none-eabi/lib/thumb/v7-m/nofp/libnosys.a(kill.o)
                0x000000000800c648                _kill
 .text          0x000000000800c658       0x10 /usr/lib/gcc/arm-none-eabi/12.2.1/../../../arm-none-eabi/lib/thumb/v7-m/nofp/libnosys.a(lseek.o)
                0x000000000800c658                _lseek
 .text          0x000000000800c668       0x10 /usr/lib/gcc/arm-none-eabi/12.2.1/../../../arm-none-eabi/lib/thumb/v7-m/nofp/libnosys.a(read.o)
                0x000000000800c668                _read
 .text          0x000000000800c678       0x10 /usr/lib/gcc/arm-none-eabi/12.2.1/../../../arm-none-eabi/lib/thumb/v7-m/nofp/libnosys.a(write.o)
                0x000000000800c678                _write
 .text          0x000000000800c688        0x4 /usr/lib/gcc/arm-none-eabi/12.2.1/../../../arm-none-eabi/lib/thumb/v7-m/nofp/libnosys.a(_exit.o)
                0x000000000800c688                _exit
                0x000000000800c68c                . = ALIGN (0x4)
 *(.rodata*)
 .rodata.clr_rscreen.str1.1
                0x000000000800c68c        0x5 main.vo
 .rodata.print_line.str1.1
                0x000000000800c691       0x17 main.vo
 .rodata.clr_screen.str1.1
                0x000000000800c6a8        0x5 main.vo
 .rodata.print_sniffer.str1.1
                0x000000000800c6ad       0x85 main.vo
                                         0x96 (size before relaxing)
 .rodata.print_debug.str1.1
                0x000000000800c732      0x24f main.vo
                                        0x252 (size before relaxing)
 .rodata.main.str1.1
                0x000000000800c981        0x7 main.vo
 .rodata.str1.1
                0x000000000800c988       0xa7 main.vo
 *fill*         0x000000000800ca2f        0x1 
 .rodata.CSWTCH.48
                0x000000000800ca30       0x20 main.vo
 .rodata.CSWTCH.47
                0x000000000800ca50       0x10 main.vo
 .rodata.CSWTCH.46
                0x000000000800ca60       0x1c main.vo
 .rodata.canbox_cmd_process.str1.1
                0x000000000800ca7c       0x11 canbox.vo
 .rodata        0x000000000800ca8d       0x1b canbox.vo
 .rodata.speeds
                0x000000000800caa8       0x50 volvo_od2/fw/hw_can.vo
 .rodata.str1.4
                0x000000000800caf8       0x42 /usr/lib/gcc/arm-none-eabi/12.2.1/../../../arm-none-eabi/lib/thumb/v7-m/nofp/libc.a(lib_a-svfprintf.o)
 *fill*         0x000000000800cb3a        0x2 
 .rodata        0x000000000800cb3c       0x20 /usr/lib/gcc/arm-none-eabi/12.2.1/../../../arm-none-eabi/lib/thumb/v7-m/nofp/libc.a(lib_a-svfprintf.o)
 .rodata.str1.4
                0x000000000800cb5c       0x56 /usr/lib/gcc/arm-none-eabi/12.2.1/../../../arm-none-eabi/lib/thumb/v7-m/nofp/libc.a(lib_a-dtoa.o)
                                         0x5a (size before relaxing)
 *fill*         0x000000000800cbb2        0x2 
 .rodata        0x000000000800cbb4        0x4 /usr/lib/gcc/arm-none-eabi/12.2.1/../../../arm-none-eabi/lib/thumb/v7-m/nofp/libc.a(lib_a-impure.o)
                0x000000000800cbb4                _global_impure_ptr
 .rodata.str1.4
                0x000000000800cbb8       0x33 /usr/lib/gcc/arm-none-eabi/12.2.1/../../../arm-none-eabi/lib/thumb/v7-m/nofp/libc.a(lib_a-mprec.o)
                                         0x47 (size before relaxing)
 *fill*         0x000000000800cbeb        0x5 
 .rodata        0x000000000800cbf0      0x128 /usr/lib/gcc/arm-none-eabi/12.2.1/../../../arm-none-eabi/lib/thumb/v7-m/nofp/libc.a(lib_a-mprec.o)
                0x000000000800cc00                __mprec_tens
                0x000000000800ccc8                __mprec_tinytens
                0x000000000800ccf0                __mprec_bigtens
 .rodata.str1.4
                0x000000000800cd18       0x2f /usr/lib/gcc/arm-none-eabi/12.2.1/../../../arm-none-eabi/lib/thumb/v7-m/nofp/libc.a(lib_a-svfiprintf.o)
 .rodata        0x000000000800cd18       0x20 /usr/lib/gcc/arm-none-eabi/12.2.1/../../../arm-none-eabi/lib/thumb/v7-m/nofp/libc.a(lib_a-svfiprintf.o)
 .rodata.str1.4
                0x000000000800cd38       0x3f /usr/lib/gcc/arm-none-eabi/12.2.1/../../../arm-none-eabi/lib/thumb/v7-m/nofp/libc.a(lib_a-assert.o)
                                         0x43 (size before relaxing)
 *fill*         0x000000000800cd77        0x1 
 .rodata.str1.4
                0x000000000800cd78        0xe /usr/lib/gcc/arm-none-eabi/12.2.1/../../../arm-none-eabi/lib/thumb/v7-m/nofp/libc.a(lib_a-locale.o)
                                         0x12 (size before relaxing)
 .rodata.str1.4
                0x000000000800cd86       0x2f /usr/lib/gcc/arm-none-eabi/12.2.1/../../../arm-none-eabi/lib/thumb/v7-m/nofp/libc.a(lib_a-vfiprintf.o)
 *fill*         0x000000000800cd86        0x2 
 .rodata        0x000000000800cd88       0x20 /usr/lib/gcc/arm-none-eabi/12.2.1/../../../arm-none-eabi/lib/thumb/v7-m/nofp/libc.a(lib_a-vfiprintf.o)
 .rodata        0x000000000800cda8      0x101 /usr/lib/gcc/arm-none-eabi/12.2.1/../../../arm-none-eabi/lib/thumb/v7-m/nofp/libc.a(lib_a-ctype_.o)
                0x000000000800cda8                _ctype_
                0x000000000800ceac                . = ALIGN (0x4)
 *fill*         0x000000000800cea9        0x3 

.glue_7         0x000000000800ceac        0x0
 .glue_7        0x000000000800ceac        0x0 linker stubs

.glue_7t        0x000000000800ceac        0x0
 .glue_7t       0x000000000800ceac        0x0 linker stubs

.vfp11_veneer   0x000000000800ceac        0x0
 .vfp11_veneer  0x000000000800ceac        0x0 linker stubs

.v4_bx          0x000000000800ceac        0x0
 .v4_bx         0x000000000800ceac        0x0 linker stubs

.iplt           0x000000000800ceac        0x0
 .iplt          0x000000000800ceac        0x0 main.vo

.preinit_array  0x000000000800ceac        0x0
                0x000000000800ceac                . = ALIGN (0x4)
                0x000000000800ceac                __preinit_array_start = .
 *(.preinit_array)
                0x000000000800ceac                __preinit_array_end = .

.init_array     0x000000000800ceac        0x0
                0x000000000800ceac                . = ALIGN (0x4)
                0x000000000800ceac                __init_array_start = .
 *(SORT_BY_NAME(.init_array.*))
 *(.init_array)
                0x000000000800ceac                __init_array_end = .

.fini_array     0x000000000800ceac        0x0
                0x000000000800ceac                . = ALIGN (0x4)
                0x000000000800ceac                __fini_array_start = .
 *(.fini_array)
 *(SORT_BY_NAME(.fini_array.*))
                0x000000000800ceac                __fini_array_end = .

.ARM.extab
 *(.ARM.extab*)

.ARM.exidx      0x000000000800ceac        0x8
                0x000000000800ceac                __exidx_start = .
 *(.ARM.exidx*)
 .ARM.exidx     0x000000000800ceac        0x8 /usr/lib/gcc/arm-none-eabi/12.2.1/thumb/v7-m/nofp/libgcc.a(_udivmoddi4.o)
                0x000000000800ceb4                __exidx_end = .

.rel.dyn        0x000000000800ceb4        0x0
 .rel.iplt      0x000000000800ceb4        0x0 main.vo
                0x000000000800ceb4                . = ALIGN (0x4)
                0x000000000800ceb4                _etext = .

.data           0x0000000020000000     0x1414 load address 0x000000000800ceb4
                0x0000000020000000                _data = .
 *(.data*)
 .data.max_show_sniff_num
                0x0000000020000000        0x4 main.vo
                0x0000000020000000                max_show_sniff_num
 .data.key_cb   0x0000000020000004       0x40 main.vo
                0x0000000020000004                key_cb
 .data.conf     0x0000000020000044       0x10 conf.vo
                0x0000000020000044                conf
 .data.toyota_premio_26x_ms
                0x0000000020000054       0x80 car.vo
                0x0000000020000054                toyota_premio_26x_ms
 .data.q3_2015_ms
                0x00000000200000d4       0xe0 car.vo
 .data.skoda_fabia_ms
                0x00000000200001b4       0x90 car.vo
                0x00000000200001b4                skoda_fabia_ms
 .data.xc90_2007my_ms
                0x0000000020000244       0x80 car.vo
                0x0000000020000244                xc90_2007my_ms
 .data.lr2_2013my_ms
                0x00000000200002c4       0x40 car.vo
                0x00000000200002c4                lr2_2013my_ms
 .data.lr2_2007my_ms
                0x0000000020000304       0x70 car.vo
 .data.anymsg_desc
                0x0000000020000374       0x10 car.vo
                0x0000000020000374                anymsg_desc
 .data.key_state
                0x0000000020000384       0x14 car.vo
 .data.car_air_state
                0x0000000020000398       0x12 car.vo
 *fill*         0x00000000200003aa        0x2 
 .data.carstate
                0x00000000200003ac       0x4c car.vo
 .data.can1     0x00000000200003f8      0x5dc volvo_od2/fw/hw_can.vo
 .data.ill      0x00000000200009d4        0xc volvo_od2/fw/hw_gpio.vo
 .data.acc      0x00000000200009e0        0xc volvo_od2/fw/hw_gpio.vo
 .data.park     0x00000000200009ec        0xc volvo_od2/fw/hw_gpio.vo
 .data.rear     0x00000000200009f8        0xc volvo_od2/fw/hw_gpio.vo
 .data.usart1   0x0000000020000a04       0x58 volvo_od2/fw/hw_usart.vo
 .data.rcc_ahb_frequency
                0x0000000020000a5c        0x4 libopencm3/lib/stm32/f1/rcc.stm32f1
                0x0000000020000a5c                rcc_ahb_frequency
 .data.rcc_apb2_frequency
                0x0000000020000a60        0x4 libopencm3/lib/stm32/f1/rcc.stm32f1
                0x0000000020000a60                rcc_apb2_frequency
 .data.rcc_apb1_frequency
                0x0000000020000a64        0x4 libopencm3/lib/stm32/f1/rcc.stm32f1
                0x0000000020000a64                rcc_apb1_frequency
 .data          0x0000000020000a68      0x430 /usr/lib/gcc/arm-none-eabi/12.2.1/../../../arm-none-eabi/lib/thumb/v7-m/nofp/libc.a(lib_a-impure.o)
                0x0000000020000a68                _impure_ptr
 .data          0x0000000020000e98      0x410 /usr/lib/gcc/arm-none-eabi/12.2.1/../../../arm-none-eabi/lib/thumb/v7-m/nofp/libc.a(lib_a-mallocr.o)
                0x0000000020000e98                __malloc_av_
                0x00000000200012a0                __malloc_sbrk_base
                0x00000000200012a4                __malloc_trim_threshold
 .data          0x00000000200012a8      0x16c /usr/lib/gcc/arm-none-eabi/12.2.1/../../../arm-none-eabi/lib/thumb/v7-m/nofp/libc.a(lib_a-locale.o)
                0x00000000200012a8                __global_locale
                0x0000000020001414                . = ALIGN (0x4)
                0x0000000020001414                _edata = .
                0x000000000800ceb4                _data_loadaddr = LOADADDR (.data)

.igot.plt       0x0000000020001414        0x0 load address 0x000000000800e2c8
 .igot.plt      0x0000000020001414        0x0 main.vo

.bss            0x0000000020001414      0x2c4 load address 0x000000000800e2c8
 *(.bss*)
 .bss.wakeups   0x0000000020001414        0x4 main.vo
                0x0000000020001414                wakeups
 .bss.sniffer_on
                0x0000000020001418        0x1 main.vo
                0x0000000020001418                sniffer_on
 .bss.msg_idx   0x0000000020001419        0x1 main.vo
                0x0000000020001419                msg_idx
 *fill*         0x000000002000141a        0x2 
 .bss.debug_on_cnt
                0x000000002000141c        0x4 main.vo
                0x000000002000141c                debug_on_cnt
 .bss.debug_on  0x0000000020001420        0x1 main.vo
                0x0000000020001420                debug_on
 *fill*         0x0000000020001421        0x3 
 .bss.rear_on_delay
                0x0000000020001424        0x4 main.vo
 .bss.rear_off_delay
                0x0000000020001428        0x4 main.vo
 .bss.park_is_on.0
                0x000000002000142c        0x1 canbox.vo
 .bss.low_state.1
                0x000000002000142d        0x1 canbox.vo
 .bss.park_is_on.2
                0x000000002000142e        0x1 canbox.vo
 .bss.rx_state  0x000000002000142f        0x1 canbox.vo
 .bss.rx_idx    0x0000000020001430        0x1 canbox.vo
 .bss.rx_buffer
                0x0000000020001431       0x20 canbox.vo
 *fill*         0x0000000020001451        0x1 
 .bss.div_5ms.0
                0x0000000020001452        0x2 tick.vo
 .bss.div_100ms.1
                0x0000000020001454        0x2 tick.vo
 .bss.div_250ms.2
                0x0000000020001456        0x2 tick.vo
 .bss.div_1000ms.3
                0x0000000020001458        0x2 tick.vo
 *fill*         0x000000002000145a        0x2 
 .bss.timer     0x000000002000145c       0x14 tick.vo
                0x000000002000145c                timer
 .bss.usart_rx_ring_buffer
                0x0000000020001470       0x20 hw.vo
 .bss.usart_tx_ring_buffer
                0x0000000020001490      0x200 hw.vo
 .bss._heap_end
                0x0000000020001690        0x4 sbrk.vo
 .bss._cur_brk  0x0000000020001694        0x4 sbrk.vo
 .bss.can_isr_cnt
                0x0000000020001698        0x4 volvo_od2/fw/hw_can.vo
                0x0000000020001698                can_isr_cnt
 .bss.usart_isr_cnt
                0x000000002000169c        0x4 volvo_od2/fw/hw_usart.vo
                0x000000002000169c                usart_isr_cnt
 .bss           0x00000000200016a0       0x34 /usr/lib/gcc/arm-none-eabi/12.2.1/../../../arm-none-eabi/lib/thumb/v7-m/nofp/libc.a(lib_a-mallocr.o)
                0x00000000200016a0                __malloc_top_pad
                0x00000000200016a4                __malloc_current_mallinfo
                0x00000000200016cc                __malloc_max_sbrked_mem
                0x00000000200016d0                __malloc_max_total_mem
 .bss           0x00000000200016d4        0x4 /usr/lib/gcc/arm-none-eabi/12.2.1/../../../arm-none-eabi/lib/thumb/v7-m/nofp/libc.a(lib_a-reent.o)
                0x00000000200016d4                errno
 *(COMMON)
                0x00000000200016d8                . = ALIGN (0x4)
                0x00000000200016d8                _ebss = .

/DISCARD/
 *(.eh_frame)
                0x00000000200016d8                . = ALIGN (0x4)
                0x00000000200016d8                end = .
                0x0000000020004000                PROVIDE (_stack = (ORIGIN (ram) + LENGTH (ram)))
OUTPUT(volvo_od2.elf elf32-littlearm)
LOAD linker stubs

.comment        0x0000000000000000       0x59
 .comment       0x0000000000000000       0x26 main.vo
                                         0x27 (size before relaxing)
 .comment       0x0000000000000026       0x27 canbox.vo
 .comment       0x0000000000000026       0x27 ring.vo
 .comment       0x0000000000000026       0x27 conf.vo
 .comment       0x0000000000000026       0x27 car.vo
 .comment       0x0000000000000026       0x27 tick.vo
 .comment       0x0000000000000026       0x27 hw.vo
 .comment       0x0000000000000026       0x27 sbrk.vo
 .comment       0x0000000000000026       0x27 volvo_od2/fw/hw_clock.vo
 .comment       0x0000000000000026       0x27 volvo_od2/fw/hw_can.vo
 .comment       0x0000000000000026       0x27 volvo_od2/fw/hw_gpio.vo
 .comment       0x0000000000000026       0x27 volvo_od2/fw/hw_tick.vo
 .comment       0x0000000000000026       0x27 volvo_od2/fw/hw_usart.vo
 .comment       0x0000000000000026       0x27 volvo_od2/fw/hw_sleep.vo
 .comment       0x0000000000000026       0x27 volvo_od2/fw/hw_conf.vo
 .comment       0x0000000000000026       0x27 libopencm3/lib/stm32/f1/gpio.stm32f1
 .comment       0x0000000000000026       0x27 libopencm3/lib/stm32/f1/rcc.stm32f1
 .comment       0x0000000000000026       0x27 libopencm3/lib/stm32/f1/flash.stm32f1
 .comment       0x0000000000000026       0x27 libopencm3/lib/stm32/common/gpio_common_all.stm32f1
 .comment       0x0000000000000026       0x27 libopencm3/lib/stm32/common/usart_common_all.stm32f1
 .comment       0x0000000000000026       0x27 libopencm3/lib/stm32/common/usart_common_f124.stm32f1
 .comment       0x0000000000000026       0x27 libopencm3/lib/stm32/common/rcc_common_all.stm32f1
 .comment       0x0000000000000026       0x27 libopencm3/lib/stm32/common/pwr_common_all.stm32f1
 .comment       0x0000000000000026       0x27 libopencm3/lib/cm3/vector.stm32f1
 .comment       0x0000000000000026       0x27 libopencm3/lib/cm3/systick.stm32f1
 .comment       0x0000000000000026       0x27 libopencm3/lib/cm3/nvic.stm32f1
 .comment       0x0000000000000026       0x27 libopencm3/lib/stm32/common/flash_common_f01.stm32f1
 .comment       0x0000000000000026       0x27 libopencm3/lib/stm32/can.stm32f1
 .comment       0x0000000000000026       0x27 libopencm3/lib/stm32/common/exti_common_all.stm32f1
 .comment       0x0000000000000026       0x33 /usr/lib/gcc/arm-none-eabi/12.2.1/../../../arm-none-eabi/lib/thumb/v7-m/nofp/libc.a(lib_a-memset.o)
                                         0x34 (size before relaxing)
 .comment       0x0000000000000059       0x34 /usr/lib/gcc/arm-none-eabi/12.2.1/../../../arm-none-eabi/lib/thumb/v7-m/nofp/libc.a(lib_a-snprintf.o)
 .comment       0x0000000000000059       0x34 /usr/lib/gcc/arm-none-eabi/12.2.1/../../../arm-none-eabi/lib/thumb/v7-m/nofp/libc.a(lib_a-strcpy.o)
 .comment       0x0000000000000059       0x34 /usr/lib/gcc/arm-none-eabi/12.2.1/../../../arm-none-eabi/lib/thumb/v7-m/nofp/libc.a(lib_a-strlen-stub.o)
 .comment       0x0000000000000059       0x34 /usr/lib/gcc/arm-none-eabi/12.2.1/../../../arm-none-eabi/lib/thumb/v7-m/nofp/libc.a(lib_a-svfprintf.o)
 .comment       0x0000000000000059       0x34 /usr/lib/gcc/arm-none-eabi/12.2.1/../../../arm-none-eabi/lib/thumb/v7-m/nofp/libc.a(lib_a-dtoa.o)
 .comment       0x0000000000000059       0x34 /usr/lib/gcc/arm-none-eabi/12.2.1/../../../arm-none-eabi/lib/thumb/v7-m/nofp/libc.a(lib_a-impure.o)
 .comment       0x0000000000000059       0x34 /usr/lib/gcc/arm-none-eabi/12.2.1/../../../arm-none-eabi/lib/thumb/v7-m/nofp/libc.a(lib_a-localeconv.o)
 .comment       0x0000000000000059       0x34 /usr/lib/gcc/arm-none-eabi/12.2.1/../../../arm-none-eabi/lib/thumb/v7-m/nofp/libc.a(lib_a-mallocr.o)
 .comment       0x0000000000000059       0x34 /usr/lib/gcc/arm-none-eabi/12.2.1/../../../arm-none-eabi/lib/thumb/v7-m/nofp/libc.a(lib_a-memchr-stub.o)
 .comment       0x0000000000000059       0x34 /usr/lib/gcc/arm-none-eabi/12.2.1/../../../arm-none-eabi/lib/thumb/v7-m/nofp/libc.a(lib_a-mlock.o)
 .comment       0x0000000000000059       0x34 /usr/lib/gcc/arm-none-eabi/12.2.1/../../../arm-none-eabi/lib/thumb/v7-m/nofp/libc.a(lib_a-mprec.o)
 .comment       0x0000000000000059       0x34 /usr/lib/gcc/arm-none-eabi/12.2.1/../../../arm-none-eabi/lib/thumb/v7-m/nofp/libc.a(lib_a-svfiprintf.o)
 .comment       0x0000000000000059       0x34 /usr/lib/gcc/arm-none-eabi/12.2.1/../../../arm-none-eabi/lib/thumb/v7-m/nofp/libc.a(lib_a-assert.o)
 .comment       0x0000000000000059       0x34 /usr/lib/gcc/arm-none-eabi/12.2.1/../../../arm-none-eabi/lib/thumb/v7-m/nofp/libc.a(lib_a-callocr.o)
 .comment       0x0000000000000059       0x34 /usr/lib/gcc/arm-none-eabi/12.2.1/../../../arm-none-eabi/lib/thumb/v7-m/nofp/libc.a(lib_a-fiprintf.o)
 .comment       0x0000000000000059       0x34 /usr/lib/gcc/arm-none-eabi/12.2.1/../../../arm-none-eabi/lib/thumb/v7-m/nofp/libc.a(lib_a-freer.o)
 .comment       0x0000000000000059       0x34 /usr/lib/gcc/arm-none-eabi/12.2.1/../../../arm-none-eabi/lib/thumb/v7-m/nofp/libc.a(lib_a-locale.o)
 .comment       0x0000000000000059       0x34 /usr/lib/gcc/arm-none-eabi/12.2.1/../../../arm-none-eabi/lib/thumb/v7-m/nofp/libc.a(lib_a-mbtowc_r.o)
 .comment       0x0000000000000059       0x34 /usr/lib/gcc/arm-none-eabi/12.2.1/../../../arm-none-eabi/lib/thumb/v7-m/nofp/libc.a(lib_a-memmove.o)
 .comment       0x0000000000000059       0x34 /usr/lib/gcc/arm-none-eabi/12.2.1/../../../arm-none-eabi/lib/thumb/v7-m/nofp/libc.a(lib_a-reallocr.o)
 .comment       0x0000000000000059       0x34 /usr/lib/gcc/arm-none-eabi/12.2.1/../../../arm-none-eabi/lib/thumb/v7-m/nofp/libc.a(lib_a-vfiprintf.o)
 .comment       0x0000000000000059       0x34 /usr/lib/gcc/arm-none-eabi/12.2.1/../../../arm-none-eabi/lib/thumb/v7-m/nofp/libc.a(lib_a-wctomb_r.o)
 .comment       0x0000000000000059       0x34 /usr/lib/gcc/arm-none-eabi/12.2.1/../../../arm-none-eabi/lib/thumb/v7-m/nofp/libc.a(lib_a-wsetup.o)
 .comment       0x0000000000000059       0x34 /usr/lib/gcc/arm-none-eabi/12.2.1/../../../arm-none-eabi/lib/thumb/v7-m/nofp/libc.a(lib_a-abort.o)
 .comment       0x0000000000000059       0x34 /usr/lib/gcc/arm-none-eabi/12.2.1/../../../arm-none-eabi/lib/thumb/v7-m/nofp/libc.a(lib_a-ctype_.o)
 .comment       0x0000000000000059       0x34 /usr/lib/gcc/arm-none-eabi/12.2.1/../../../arm-none-eabi/lib/thumb/v7-m/nofp/libc.a(lib_a-fflush.o)
 .comment       0x0000000000000059       0x34 /usr/lib/gcc/arm-none-eabi/12.2.1/../../../arm-none-eabi/lib/thumb/v7-m/nofp/libc.a(lib_a-findfp.o)
 .comment       0x0000000000000059       0x34 /usr/lib/gcc/arm-none-eabi/12.2.1/../../../arm-none-eabi/lib/thumb/v7-m/nofp/libc.a(lib_a-fputwc.o)
 .comment       0x0000000000000059       0x34 /usr/lib/gcc/arm-none-eabi/12.2.1/../../../arm-none-eabi/lib/thumb/v7-m/nofp/libc.a(lib_a-fvwrite.o)
 .comment       0x0000000000000059       0x34 /usr/lib/gcc/arm-none-eabi/12.2.1/../../../arm-none-eabi/lib/thumb/v7-m/nofp/libc.a(lib_a-fwalk.o)
 .comment       0x0000000000000059       0x34 /usr/lib/gcc/arm-none-eabi/12.2.1/../../../arm-none-eabi/lib/thumb/v7-m/nofp/libc.a(lib_a-makebuf.o)
 .comment       0x0000000000000059       0x34 /usr/lib/gcc/arm-none-eabi/12.2.1/../../../arm-none-eabi/lib/thumb/v7-m/nofp/libc.a(lib_a-signal.o)
 .comment       0x0000000000000059       0x34 /usr/lib/gcc/arm-none-eabi/12.2.1/../../../arm-none-eabi/lib/thumb/v7-m/nofp/libc.a(lib_a-signalr.o)
 .comment       0x0000000000000059       0x34 /usr/lib/gcc/arm-none-eabi/12.2.1/../../../arm-none-eabi/lib/thumb/v7-m/nofp/libc.a(lib_a-stdio.o)
 .comment       0x0000000000000059       0x34 /usr/lib/gcc/arm-none-eabi/12.2.1/../../../arm-none-eabi/lib/thumb/v7-m/nofp/libc.a(lib_a-wbuf.o)
 .comment       0x0000000000000059       0x34 /usr/lib/gcc/arm-none-eabi/12.2.1/../../../arm-none-eabi/lib/thumb/v7-m/nofp/libc.a(lib_a-wcrtomb.o)
 .comment       0x0000000000000059       0x34 /usr/lib/gcc/arm-none-eabi/12.2.1/../../../arm-none-eabi/lib/thumb/v7-m/nofp/libc.a(lib_a-writer.o)
 .comment       0x0000000000000059       0x34 /usr/lib/gcc/arm-none-eabi/12.2.1/../../../arm-none-eabi/lib/thumb/v7-m/nofp/libc.a(lib_a-closer.o)
 .comment       0x0000000000000059       0x34 /usr/lib/gcc/arm-none-eabi/12.2.1/../../../arm-none-eabi/lib/thumb/v7-m/nofp/libc.a(lib_a-fclose.o)
 .comment       0x0000000000000059       0x34 /usr/lib/gcc/arm-none-eabi/12.2.1/../../../arm-none-eabi/lib/thumb/v7-m/nofp/libc.a(lib_a-fstatr.o)
 .comment       0x0000000000000059       0x34 /usr/lib/gcc/arm-none-eabi/12.2.1/../../../arm-none-eabi/lib/thumb/v7-m/nofp/libc.a(lib_a-isattyr.o)
 .comment       0x0000000000000059       0x34 /usr/lib/gcc/arm-none-eabi/12.2.1/../../../arm-none-eabi/lib/thumb/v7-m/nofp/libc.a(lib_a-lseekr.o)
 .comment       0x0000000000000059       0x34 /usr/lib/gcc/arm-none-eabi/12.2.1/../../../arm-none-eabi/lib/thumb/v7-m/nofp/libc.a(lib_a-readr.o)
 .comment       0x0000000000000059       0x34 /usr/lib/gcc/arm-none-eabi/12.2.1/../../../arm-none-eabi/lib/thumb/v7-m/nofp/libc.a(lib_a-reent.o)
 .comment       0x0000000000000059       0x27 /usr/lib/gcc/arm-none-eabi/12.2.1/thumb/v7-m/nofp/libgcc.a(_udivmoddi4.o)
 .comment       0x0000000000000059       0x34 /usr/lib/gcc/arm-none-eabi/12.2.1/../../../arm-none-eabi/lib/thumb/v7-m/nofp/libnosys.a(close.o)
 .comment       0x0000000000000059       0x34 /usr/lib/gcc/arm-none-eabi/12.2.1/../../../arm-none-eabi/lib/thumb/v7-m/nofp/libnosys.a(fstat.o)
 .comment       0x0000000000000059       0x34 /usr/lib/gcc/arm-none-eabi/12.2.1/../../../arm-none-eabi/lib/thumb/v7-m/nofp/libnosys.a(getpid.o)
 .comment       0x0000000000000059       0x34 /usr/lib/gcc/arm-none-eabi/12.2.1/../../../arm-none-eabi/lib/thumb/v7-m/nofp/libnosys.a(isatty.o)
 .comment       0x0000000000000059       0x34 /usr/lib/gcc/arm-none-eabi/12.2.1/../../../arm-none-eabi/lib/thumb/v7-m/nofp/libnosys.a(kill.o)
 .comment       0x0000000000000059       0x34 /usr/lib/gcc/arm-none-eabi/12.2.1/../../../arm-none-eabi/lib/thumb/v7-m/nofp/libnosys.a(lseek.o)
 .comment       0x0000000000000059       0x34 /usr/lib/gcc/arm-none-eabi/12.2.1/../../../arm-none-eabi/lib/thumb/v7-m/nofp/libnosys.a(read.o)
 .comment       0x0000000000000059       0x34 /usr/lib/gcc/arm-none-eabi/12.2.1/../../../arm-none-eabi/lib/thumb/v7-m/nofp/libnosys.a(write.o)
 .comment       0x0000000000000059       0x34 /usr/lib/gcc/arm-none-eabi/12.2.1/../../../arm-none-eabi/lib/thumb/v7-m/nofp/libnosys.a(_exit.o)

.ARM.attributes
                0x0000000000000000       0x2b
 .ARM.attributes
                0x0000000000000000       0x2d main.vo
 .ARM.attributes
                0x000000000000002d       0x2d canbox.vo
 .ARM.attributes
                0x000000000000005a       0x2d ring.vo
 .ARM.attributes
                0x0000000000000087       0x2d conf.vo
 .ARM.attributes
                0x00000000000000b4       0x2d car.vo
 .ARM.attributes
                0x00000000000000e1       0x2d tick.vo
 .ARM.attributes
                0x000000000000010e       0x2d hw.vo
 .ARM.attributes
                0x000000000000013b       0x2d sbrk.vo
 .ARM.attributes
                0x0000000000000168       0x2d volvo_od2/fw/hw_clock.vo
 .ARM.attributes
                0x0000000000000195       0x2d volvo_od2/fw/hw_can.vo
 .ARM.attributes
                0x00000000000001c2       0x2d volvo_od2/fw/hw_gpio.vo
 .ARM.attributes
                0x00000000000001ef       0x2d volvo_od2/fw/hw_tick.vo
 .ARM.attributes
                0x000000000000021c       0x2d volvo_od2/fw/hw_usart.vo
 .ARM.attributes
                0x0000000000000249       0x2d volvo_od2/fw/hw_sleep.vo
 .ARM.attributes
                0x0000000000000276       0x2d volvo_od2/fw/hw_conf.vo
 .ARM.attributes
                0x00000000000002a3       0x2d libopencm3/lib/stm32/f1/gpio.stm32f1
 .ARM.attributes
                0x00000000000002d0       0x2d libopencm3/lib/stm32/f1/rcc.stm32f1
 .ARM.attributes
                0x00000000000002fd       0x2d libopencm3/lib/stm32/f1/flash.stm32f1
 .ARM.attributes
                0x000000000000032a       0x2d libopencm3/lib/stm32/common/gpio_common_all.stm32f1
 .ARM.attributes
                0x0000000000000357       0x2d libopencm3/lib/stm32/common/usart_common_all.stm32f1
 .ARM.attributes
                0x0000000000000384       0x2d libopencm3/lib/stm32/common/usart_common_f124.stm32f1
 .ARM.attributes
                0x00000000000003b1       0x2d libopencm3/lib/stm32/common/rcc_common_all.stm32f1
 .ARM.attributes
                0x00000000000003de       0x2d libopencm3/lib/stm32/common/pwr_common_all.stm32f1
 .ARM.attributes
                0x000000000000040b       0x2d libopencm3/lib/cm3/vector.stm32f1
 .ARM.attributes
                0x0000000000000438       0x2d libopencm3/lib/cm3/systick.stm32f1
 .ARM.attributes
                0x0000000000000465       0x2d libopencm3/lib/cm3/nvic.stm32f1
 .ARM.attributes
                0x0000000000000492       0x2d libopencm3/lib/stm32/common/flash_common_f01.stm32f1
 .ARM.attributes
                0x00000000000004bf       0x2d libopencm3/lib/stm32/can.stm32f1
 .ARM.attributes
                0x00000000000004ec       0x2d libopencm3/lib/stm32/common/exti_common_all.stm32f1
 .ARM.attributes
                0x0000000000000519       0x1b /usr/lib/gcc/arm-none-eabi/12.2.1/../../../arm-none-eabi/lib/thumb/v7-m/nofp/libc.a(lib_a-memcpy.o)
 .ARM.attributes
                0x0000000000000534       0x2d /usr/lib/gcc/arm-none-eabi/12.2.1/../../../arm-none-eabi/lib/thumb/v7-m/nofp/libc.a(lib_a-memset.o)
 .ARM.attributes
                0x0000000000000561       0x2d /usr/lib/gcc/arm-none-eabi/12.2.1/../../../arm-none-eabi/lib/thumb/v7-m/nofp/libc.a(lib_a-snprintf.o)
 .ARM.attributes
                0x000000000000058e       0x2d /usr/lib/gcc/arm-none-eabi/12.2.1/../../../arm-none-eabi/lib/thumb/v7-m/nofp/libc.a(lib_a-strcpy.o)
 .ARM.attributes
                0x00000000000005bb       0x2d /usr/lib/gcc/arm-none-eabi/12.2.1/../../../arm-none-eabi/lib/thumb/v7-m/nofp/libc.a(lib_a-strlen-stub.o)
 .ARM.attributes
                0x00000000000005e8       0x2d /usr/lib/gcc/arm-none-eabi/12.2.1/../../../arm-none-eabi/lib/thumb/v7-m/nofp/libc.a(lib_a-svfprintf.o)
 .ARM.attributes
                0x0000000000000615       0x2d /usr/lib/gcc/arm-none-eabi/12.2.1/../../../arm-none-eabi/lib/thumb/v7-m/nofp/libc.a(lib_a-dtoa.o)
 .ARM.attributes
                0x0000000000000642       0x2d /usr/lib/gcc/arm-none-eabi/12.2.1/../../../arm-none-eabi/lib/thumb/v7-m/nofp/libc.a(lib_a-impure.o)
 .ARM.attributes
                0x000000000000066f       0x2d /usr/lib/gcc/arm-none-eabi/12.2.1/../../../arm-none-eabi/lib/thumb/v7-m/nofp/libc.a(lib_a-localeconv.o)
 .ARM.attributes
                0x000000000000069c       0x2d /usr/lib/gcc/arm-none-eabi/12.2.1/../../../arm-none-eabi/lib/thumb/v7-m/nofp/libc.a(lib_a-mallocr.o)
 .ARM.attributes
                0x00000000000006c9       0x2d /usr/lib/gcc/arm-none-eabi/12.2.1/../../../arm-none-eabi/lib/thumb/v7-m/nofp/libc.a(lib_a-memchr-stub.o)
 .ARM.attributes
                0x00000000000006f6       0x2d /usr/lib/gcc/arm-none-eabi/12.2.1/../../../arm-none-eabi/lib/thumb/v7-m/nofp/libc.a(lib_a-mlock.o)
 .ARM.attributes
                0x0000000000000723       0x2d /usr/lib/gcc/arm-none-eabi/12.2.1/../../../arm-none-eabi/lib/thumb/v7-m/nofp/libc.a(lib_a-mprec.o)
 .ARM.attributes
                0x0000000000000750       0x2d /usr/lib/gcc/arm-none-eabi/12.2.1/../../../arm-none-eabi/lib/thumb/v7-m/nofp/libc.a(lib_a-svfiprintf.o)
 .ARM.attributes
                0x000000000000077d       0x2d /usr/lib/gcc/arm-none-eabi/12.2.1/../../../arm-none-eabi/lib/thumb/v7-m/nofp/libc.a(lib_a-assert.o)
 .ARM.attributes
                0x00000000000007aa       0x2d /usr/lib/gcc/arm-none-eabi/12.2.1/../../../arm-none-eabi/lib/thumb/v7-m/nofp/libc.a(lib_a-callocr.o)
 .ARM.attributes
                0x00000000000007d7       0x2d /usr/lib/gcc/arm-none-eabi/12.2.1/../../../arm-none-eabi/lib/thumb/v7-m/nofp/libc.a(lib_a-fiprintf.o)
 .ARM.attributes
                0x0000000000000804       0x2d /usr/lib/gcc/arm-none-eabi/12.2.1/../../../arm-none-eabi/lib/thumb/v7-m/nofp/libc.a(lib_a-freer.o)
 .ARM.attributes
                0x0000000000000831       0x2d /usr/lib/gcc/arm-none-eabi/12.2.1/../../../arm-none-eabi/lib/thumb/v7-m/nofp/libc.a(lib_a-locale.o)