Archive member included to satisfy reference by file (symbol)

/usr/lib/gcc/arm-none-eabi/12.2.1/../../../arm-none-eabi/lib/thumb/v6-m/nofp/libc.a(lib_a-atexit.o)
                              /usr/lib/gcc/arm-none-eabi/12.2.1/../../../arm-none-eabi/lib/thumb/v6-m/nofp/crt0.o (atexit)
/usr/lib/gcc/arm-none-eabi/12.2.1/../../../arm-none-eabi/lib/thumb/v6-m/nofp/libc.a(lib_a-exit.o)
                              /usr/lib/gcc/arm-none-eabi/12.2.1/../../../arm-none-eabi/lib/thumb/v6-m/nofp/crt0.o (exit)
/usr/lib/gcc/arm-none-eabi/12.2.1/../../../arm-none-eabi/lib/thumb/v6-m/nofp/libc.a(lib_a-fini.o)
                              /usr/lib/gcc/arm-none-eabi/12.2.1/../../../arm-none-eabi/lib/thumb/v6-m/nofp/crt0.o (__libc_fini_array)
/usr/lib/gcc/arm-none-eabi/12.2.1/../../../arm-none-eabi/lib/thumb/v6-m/nofp/libc.a(lib_a-impure.o)
                              /usr/lib/gcc/arm-none-eabi/12.2.1/../../../arm-none-eabi/lib/thumb/v6-m/nofp/libc.a(lib_a-exit.o) (_global_impure_ptr)
/usr/lib/gcc/arm-none-eabi/12.2.1/../../../arm-none-eabi/lib/thumb/v6-m/nofp/libc.a(lib_a-init.o)
                              /usr/lib/gcc/arm-none-eabi/12.2.1/../../../arm-none-eabi/lib/thumb/v6-m/nofp/crt0.o (__libc_init_array)
/usr/lib/gcc/arm-none-eabi/12.2.1/../../../arm-none-eabi/lib/thumb/v6-m/nofp/libc.a(lib_a-memcpy-stub.o)
                              main.vwo (memcpy)
/usr/lib/gcc/arm-none-eabi/12.2.1/../../../arm-none-eabi/lib/thumb/v6-m/nofp/libc.a(lib_a-memmove.o)
                              vw_nc03/fw/hw_can.vwo (memmove)
/usr/lib/gcc/arm-none-eabi/12.2.1/../../../arm-none-eabi/lib/thumb/v6-m/nofp/libc.a(lib_a-memset.o)
                              /usr/lib/gcc/arm-none-eabi/12.2.1/../../../arm-none-eabi/lib/thumb/v6-m/nofp/crt0.o (memset)
/usr/lib/gcc/arm-none-eabi/12.2.1/../../../arm-none-eabi/lib/thumb/v6-m/nofp/libc.a(lib_a-snprintf.o)
                              main.vwo (snprintf)
/usr/lib/gcc/arm-none-eabi/12.2.1/../../../arm-none-eabi/lib/thumb/v6-m/nofp/libc.a(lib_a-strcpy.o)
                              main.vwo (strcpy)
/usr/lib/gcc/arm-none-eabi/12.2.1/../../../arm-none-eabi/lib/thumb/v6-m/nofp/libc.a(lib_a-strlen-stub.o)
                              main.vwo (strlen)
/usr/lib/gcc/arm-none-eabi/12.2.1/../../../arm-none-eabi/lib/thumb/v6-m/nofp/libc.a(lib_a-svfprintf.o)
                              /usr/lib/gcc/arm-none-eabi/12.2.1/../../../arm-none-eabi/lib/thumb/v6-m/nofp/libc.a(lib_a-snprintf.o) (_svfprintf_r)
/usr/lib/gcc/arm-none-eabi/12.2.1/../../../arm-none-eabi/lib/thumb/v6-m/nofp/libc.a(lib_a-__atexit.o)
                              /usr/lib/gcc/arm-none-eabi/12.2.1/../../../arm-none-eabi/lib/thumb/v6-m/nofp/libc.a(lib_a-atexit.o) (__register_exitproc)
/usr/lib/gcc/arm-none-eabi/12.2.1/../../../arm-none-eabi/lib/thumb/v6-m/nofp/libc.a(lib_a-__call_atexit.o)
                              /usr/lib/gcc/arm-none-eabi/12.2.1/../../../arm-none-eabi/lib/thumb/v6-m/nofp/libc.a(lib_a-exit.o) (__call_exitprocs)
/usr/lib/gcc/arm-none-eabi/12.2.1/../../../arm-none-eabi/lib/thumb/v6-m/nofp/libc.a(lib_a-dtoa.o)
                              /usr/lib/gcc/arm-none-eabi/12.2.1/../../../arm-none-eabi/lib/thumb/v6-m/nofp/libc.a(lib_a-svfprintf.o) (_dtoa_r)
/usr/lib/gcc/arm-none-eabi/12.2.1/../../../arm-none-eabi/lib/thumb/v6-m/nofp/libc.a(lib_a-localeconv.o)
                              /usr/lib/gcc/arm-none-eabi/12.2.1/../../../arm-none-eabi/lib/thumb/v6-m/nofp/libc.a(lib_a-svfprintf.o) (_localeconv_r)
/usr/lib/gcc/arm-none-eabi/12.2.1/../../../arm-none-eabi/lib/thumb/v6-m/nofp/libc.a(lib_a-mallocr.o)
                              /usr/lib/gcc/arm-none-eabi/12.2.1/../../../arm-none-eabi/lib/thumb/v6-m/nofp/libc.a(lib_a-svfprintf.o) (_malloc_r)
/usr/lib/gcc/arm-none-eabi/12.2.1/../../../arm-none-eabi/lib/thumb/v6-m/nofp/libc.a(lib_a-memchr-stub.o)
                              /usr/lib/gcc/arm-none-eabi/12.2.1/../../../arm-none-eabi/lib/thumb/v6-m/nofp/libc.a(lib_a-svfprintf.o) (memchr)
/usr/lib/gcc/arm-none-eabi/12.2.1/../../../arm-none-eabi/lib/thumb/v6-m/nofp/libc.a(lib_a-mlock.o)
                              /usr/lib/gcc/arm-none-eabi/12.2.1/../../../arm-none-eabi/lib/thumb/v6-m/nofp/libc.a(lib_a-mallocr.o) (__malloc_lock)
/usr/lib/gcc/arm-none-eabi/12.2.1/../../../arm-none-eabi/lib/thumb/v6-m/nofp/libc.a(lib_a-mprec.o)
                              /usr/lib/gcc/arm-none-eabi/12.2.1/../../../arm-none-eabi/lib/thumb/v6-m/nofp/libc.a(lib_a-dtoa.o) (_Balloc)
/usr/lib/gcc/arm-none-eabi/12.2.1/../../../arm-none-eabi/lib/thumb/v6-m/nofp/libc.a(lib_a-svfiprintf.o)
                              /usr/lib/gcc/arm-none-eabi/12.2.1/../../../arm-none-eabi/lib/thumb/v6-m/nofp/libc.a(lib_a-svfprintf.o) (__ssprint_r)
/usr/lib/gcc/arm-none-eabi/12.2.1/../../../arm-none-eabi/lib/thumb/v6-m/nofp/libc.a(lib_a-assert.o)
                              /usr/lib/gcc/arm-none-eabi/12.2.1/../../../arm-none-eabi/lib/thumb/v6-m/nofp/libc.a(lib_a-dtoa.o) (__assert_func)
[...]
Memory Configuration

Name             Origin             Length             Attributes
FLASH            0x0000000000000000 0x0000000000011000 xr
RAM              0x0000000020000000 0x0000000000002000 xrw
*default*        0x0000000000000000 0xffffffffffffffff

Linker script and memory map

LOAD /usr/lib/gcc/arm-none-eabi/12.2.1/thumb/v6-m/nofp/crti.o
LOAD /usr/lib/gcc/arm-none-eabi/12.2.1/thumb/v6-m/nofp/crtbegin.o
LOAD /usr/lib/gcc/arm-none-eabi/12.2.1/../../../arm-none-eabi/lib/thumb/v6-m/nofp/crt0.o
LOAD main.vwo
LOAD canbox.vwo
LOAD ring.vwo
LOAD conf.vwo
LOAD car.vwo
LOAD tick.vwo
LOAD hw.vwo
LOAD sbrk.vwo
LOAD vw_nc03/fw/hw_clock.vwo
LOAD vw_nc03/fw/hw_can.vwo
LOAD vw_nc03/fw/hw_gpio.vwo
LOAD vw_nc03/fw/hw_tick.vwo
LOAD vw_nc03/fw/hw_usart.vwo
LOAD vw_nc03/fw/hw_sleep.vwo
LOAD vw_nc03/fw/hw_conf.vwo
LOAD vw_nc03/fw/nuc131bsp/Library/StdDriver/src/sys.vwo
LOAD vw_nc03/fw/nuc131bsp/Library/StdDriver/src/clk.vwo
LOAD vw_nc03/fw/nuc131bsp/Library/StdDriver/src/gpio.vwo
LOAD vw_nc03/fw/nuc131bsp/Library/StdDriver/src/uart.vwo
LOAD vw_nc03/fw/nuc131bsp/Library/StdDriver/src/can.vwo
LOAD vw_nc03/fw/nuc131bsp/Library/StdDriver/src/fmc.vwo
LOAD vw_nc03/fw/nuc131bsp/Library/Device/Nuvoton/NUC131/Source/system_NUC131.vwo
LOAD vw_nc03/fw/nuc131bsp/Library/Device/Nuvoton/NUC131/Source/GCC/startup_NUC131.o
LOAD /usr/lib/gcc/arm-none-eabi/12.2.1/../../../arm-none-eabi/lib/thumb/v6-m/nofp/libc.a
LOAD /usr/lib/gcc/arm-none-eabi/12.2.1/../../../arm-none-eabi/lib/thumb/v6-m/nofp/libm.a
START GROUP
LOAD /usr/lib/gcc/arm-none-eabi/12.2.1/thumb/v6-m/nofp/libgcc.a
LOAD /usr/lib/gcc/arm-none-eabi/12.2.1/../../../arm-none-eabi/lib/thumb/v6-m/nofp/libc.a
END GROUP
LOAD /usr/lib/gcc/arm-none-eabi/12.2.1/thumb/v6-m/nofp/crtend.o
LOAD /usr/lib/gcc/arm-none-eabi/12.2.1/thumb/v6-m/nofp/crtn.o
START GROUP
LOAD /usr/lib/gcc/arm-none-eabi/12.2.1/thumb/v6-m/nofp/libgcc.a
LOAD /usr/lib/gcc/arm-none-eabi/12.2.1/../../../arm-none-eabi/lib/thumb/v6-m/nofp/libc.a
LOAD /usr/lib/gcc/arm-none-eabi/12.2.1/../../../arm-none-eabi/lib/thumb/v6-m/nofp/libm.a
LOAD /usr/lib/gcc/arm-none-eabi/12.2.1/../../../arm-none-eabi/lib/thumb/v6-m/nofp/libnosys.a
END GROUP

.text           0x0000000000000000     0xf824
 *(.vectors)
 .vectors       0x0000000000000000       0xc0 vw_nc03/fw/nuc131bsp/Library/Device/Nuvoton/NUC131/Source/GCC/startup_NUC131.o
                0x0000000000000000                __Vectors
                0x00000000000000c0                __Vectors_End = .
                0x00000000000000c0                __Vectors_Size = (__Vectors_End - __Vectors)
                0x0000000020001708                __end__ = .
 *(.text*)
 .text          0x00000000000000c0       0x98 /usr/lib/gcc/arm-none-eabi/12.2.1/thumb/v6-m/nofp/crtbegin.o
 .text          0x0000000000000158       0x74 /usr/lib/gcc/arm-none-eabi/12.2.1/../../../arm-none-eabi/lib/thumb/v6-m/nofp/crt0.o
                0x0000000000000158                _stack_init
                0x0000000000000164                _mainCRTStartup
                0x0000000000000164                _start
 .text.clr_rscreen
                0x00000000000001cc       0x34 main.vwo
 .text.print_line
                0x0000000000000200       0x2c main.vwo
 .text.clr_screen
                0x000000000000022c       0x34 main.vwo
 .text.get_rear_delay_state
                0x0000000000000260       0x2c main.vwo
                0x0000000000000260                get_rear_delay_state
 .text.print_sniffer
                0x000000000000028c      0x120 main.vwo
                0x000000000000028c                print_sniffer
 .text.print_debug
                0x00000000000003ac      0x3c8 main.vwo
                0x00000000000003ac                print_debug
 .text.startup.main
                0x0000000000000774      0x304 main.vwo
                0x0000000000000774                main
 .text.snd_canbox_msg
                0x0000000000000a78       0x4e canbox.vwo
 .text.snd_canbox_hiworld_msg
                0x0000000000000ac6       0x52 canbox.vwo
 .text.canbox_raise_vw_radar_process
                0x0000000000000b18      0x2a8 canbox.vwo
                0x0000000000000b18                canbox_raise_vw_radar_process
 .text.canbox_raise_vw_wheel_process
                0x0000000000000dc0       0x7c canbox.vwo
                0x0000000000000dc0                canbox_raise_vw_wheel_process
 .text.canbox_raise_vw_door_process
                0x0000000000000e3c       0xba canbox.vwo
                0x0000000000000e3c                canbox_raise_vw_door_process
 *fill*         0x0000000000000ef6        0x2 
 .text.canbox_raise_vw_vehicle_info
                0x0000000000000ef8       0xa0 canbox.vwo
                0x0000000000000ef8                canbox_raise_vw_vehicle_info
 .text.canbox_raise_vw_ac_process
                0x0000000000000f98      0x230 canbox.vwo
                0x0000000000000f98                canbox_raise_vw_ac_process
 .text.canbox_raise_vw_mqb_door_process
                0x00000000000011c8       0x7e canbox.vwo
                0x00000000000011c8                canbox_raise_vw_mqb_door_process
 *fill*         0x0000000000001246        0x2 
 .text.canbox_hiworld_vw_mqb_wheel_process
                0x0000000000001248       0xa0 canbox.vwo
                0x0000000000001248                canbox_hiworld_vw_mqb_wheel_process
 .text.canbox_hiworld_vw_mqb_radar_process
                0x00000000000012e8      0x1a0 canbox.vwo
                0x00000000000012e8                canbox_hiworld_vw_mqb_radar_process
 .text.canbox_hiworld_vw_mqb_door_process
                0x0000000000001488       0x72 canbox.vwo
                0x0000000000001488                canbox_hiworld_vw_mqb_door_process
 .text.canbox_inc_volume
                0x00000000000014fa       0x38 canbox.vwo
                0x00000000000014fa                canbox_inc_volume
 .text.canbox_dec_volume
                0x0000000000001532       0x38 canbox.vwo
                0x0000000000001532                canbox_dec_volume
 .text.canbox_prev
                0x000000000000156a       0x4e canbox.vwo
                0x000000000000156a                canbox_prev
 .text.canbox_next
                0x00000000000015b8       0x4e canbox.vwo
                0x00000000000015b8                canbox_next
 .text.canbox_mode
                0x0000000000001606       0x38 canbox.vwo
                0x0000000000001606                canbox_mode
 .text.canbox_cont
                0x000000000000163e       0x38 canbox.vwo
                0x000000000000163e                canbox_cont
 .text.canbox_mici
                0x0000000000001676       0x38 canbox.vwo
                0x0000000000001676                canbox_mici
 .text.canbox_pickup
                0x00000000000016ae       0x38 canbox.vwo
                0x00000000000016ae                canbox_pickup
 .text.canbox_hangup
                0x00000000000016e6       0x38 canbox.vwo
                0x00000000000016e6                canbox_hangup
 .text.canbox_nav_enter
                0x000000000000171e        0x8 canbox.vwo
                0x000000000000171e                canbox_nav_enter
 .text.canbox_nav_back
                0x0000000000001726       0x38 canbox.vwo
                0x0000000000001726                canbox_nav_back
 .text.canbox_nav_up
                0x000000000000175e        0x2 canbox.vwo
                0x000000000000175e                canbox_nav_up
 .text.canbox_nav_down
                0x0000000000001760       0x10 canbox.vwo
                0x0000000000001760                canbox_nav_down
 .text.canbox_nav_left
                0x0000000000001770        0x8 canbox.vwo
                0x0000000000001770                canbox_nav_left
 .text.canbox_nav_right
                0x0000000000001778        0x8 canbox.vwo
                0x0000000000001778                canbox_nav_right
 .text.canbox_cmd_process
                0x0000000000001780       0xdc canbox.vwo
                0x0000000000001780                canbox_cmd_process
 .text.canbox_process
                0x000000000000185c       0x74 canbox.vwo
                0x000000000000185c                canbox_process
 .text.canbox_park_process
                0x00000000000018d0       0x4c canbox.vwo
                0x00000000000018d0                canbox_park_process
 .text.ring_init
                0x000000000000191c        0xe ring.vwo
                0x000000000000191c                ring_init
 .text.ring_write_ch
                0x000000000000192a       0x3a ring.vwo
                0x000000000000192a                ring_write_ch
 .text.ring_write
                0x0000000000001964       0x24 ring.vwo
                0x0000000000001964                ring_write
 .text.ring_read_ch
                0x0000000000001988       0x28 ring.vwo
                0x0000000000001988                ring_read_ch
 .text.conf_write
                0x00000000000019b0       0x90 conf.vwo
                0x00000000000019b0                conf_write
 .text.conf_read
                0x0000000000001a40       0xb0 conf.vwo
                0x0000000000001a40                conf_read
 .text.conf_get_car
                0x0000000000001af0        0xc conf.vwo
                0x0000000000001af0                conf_get_car
 .text.conf_set_car
                0x0000000000001afc       0x10 conf.vwo
                0x0000000000001afc                conf_set_car
 .text.conf_get_illum
                0x0000000000001b0c        0xc conf.vwo
                0x0000000000001b0c                conf_get_illum
 .text.conf_set_illum
                0x0000000000001b18       0x10 conf.vwo
                0x0000000000001b18                conf_set_illum
 .text.conf_get_rear_delay
                0x0000000000001b28        0xc conf.vwo
                0x0000000000001b28                conf_get_rear_delay
 .text.conf_set_rear_delay
                0x0000000000001b34       0x14 conf.vwo
                0x0000000000001b34                conf_set_rear_delay
 .text.conf_get_canbox
                0x0000000000001b48        0xc conf.vwo
                0x0000000000001b48                conf_get_canbox
 .text.conf_set_canbox
                0x0000000000001b54       0x10 conf.vwo
                0x0000000000001b54                conf_set_canbox
 .text.conf_get_idx
                0x0000000000001b64        0xc conf.vwo
                0x0000000000001b64                conf_get_idx
 .text.in_process
                0x0000000000001b70       0xa2 car.vwo
 .text.is_timeout
                0x0000000000001c12       0x14 car.vwo
                0x0000000000001c12                is_timeout
 *fill*         0x0000000000001c26        0x2 
 .text.anymsg_handler
                0x0000000000001c28       0x1c car.vwo
 .text.lr2_2013my_ms_4a6_handler
                0x0000000000001c44      0x174 car.vwo
 .text.lr2_2013my_ms_b8_handler
                0x0000000000001db8       0x78 car.vwo
 .text.lr2_2013my_ms_10_handler
                0x0000000000001e30       0x44 car.vwo
 .text.xc90_2007my_ms_acc_handler
                0x0000000000001e74       0x30 car.vwo
 .text.xc90_2007my_ms_gear_handler
                0x0000000000001ea4       0x34 car.vwo
 .text.xc90_2007my_ms_lsm1_handler
                0x0000000000001ed8       0x40 car.vwo
 .text.xc90_2007my_ms_wheel_handler
                0x0000000000001f18       0x50 car.vwo
 .text.xc90_2007my_ms_swm_handler
                0x0000000000001f68      0x1bc car.vwo
 .text.xc90_2007my_ms_lsm0_handler
                0x0000000000002124       0x38 car.vwo
 .text.skoda_fabia_ms_taho_handler
                0x000000000000215c       0x24 car.vwo
 .text.skoda_fabia_ms_aircon_handler
                0x0000000000002180       0x20 car.vwo
 .text.skoda_fabia_ms_acc_handler
                0x00000000000021a0       0x38 car.vwo
 .text.skoda_fabia_ms_gear_handler
                0x00000000000021d8       0x3c car.vwo
 .text.skoda_fabia_ms_park_handler
                0x0000000000002214       0x20 car.vwo
 .text.skoda_fabia_ms_wheel_handler
                0x0000000000002234       0x20 car.vwo
 .text.skoda_fabia_ms_swm_handler
                0x0000000000002254       0x64 car.vwo
 .text.skoda_fabia_ms_illum_handler
                0x00000000000022b8       0x28 car.vwo
 .text.toyota_premio_26x_ms_temp_handler
                0x00000000000022e0       0x20 car.vwo
 .text.toyota_premio_26x_ms_tacho_handler
                0x0000000000002300       0x30 car.vwo
 .text.toyota_premio_26x_ms_odometer
                0x0000000000002330       0x28 car.vwo
 .text.toyota_premio_26x_ms_drive_mode_handler
                0x0000000000002358       0x4c car.vwo
 .text.toyota_premio_26x_ms_light_handler
                0x00000000000023a4       0x50 car.vwo
 .text.toyota_premio_26x_ms_ign_brake_doors_handler
                0x00000000000023f4       0x94 car.vwo
 .text.toyota_premio_26x_ms_speed_handler
                0x0000000000002488       0x30 car.vwo
 .text.toyota_premio_26x_ms_wheel_handler
                0x00000000000024b8       0x6c car.vwo
 .text.q3_2015_ms_3E3_handler
                0x0000000000002524       0x54 car.vwo
 .text.q3_2015_ms_3E1_handler
                0x0000000000002578       0x38 car.vwo
 .text.q3_2015_ms_6DA_handler
                0x00000000000025b0      0x1c4 car.vwo
 .text.q3_2015_ms_621_handler
                0x0000000000002774       0x5c car.vwo
 .text.q3_2015_ms_35b_handler
                0x00000000000027d0       0x54 car.vwo
 .text.q3_2015_ms_3c3_handler
                0x0000000000002824       0x50 car.vwo
 .text.q3_2015_ms_635_handler
                0x0000000000002874       0x40 car.vwo
 .text.q3_2015_ms_5BF_handler
                0x00000000000028b4      0x128 car.vwo
 .text.q3_2015_ms_359_handler
                0x00000000000029dc       0x64 car.vwo
 .text.q3_2015_ms_470_handler
                0x0000000000002a40       0x70 car.vwo
 .text.q3_2015_ms_571_handler
                0x0000000000002ab0       0x44 car.vwo
 .text.q3_2015_ms_65D_handler
                0x0000000000002af4       0x2c car.vwo
 .text.q3_2015_ms_65F_handler
                0x0000000000002b20       0x4c car.vwo
 .text.q3_2015_ms_2c3_handler
                0x0000000000002b6c       0x2c car.vwo
 .text.lr2_2007my_ms_405_handler
                0x0000000000002b98       0x4c car.vwo
 .text.lr2_2013my_ms_405_handler
                0x0000000000002be4        0x8 car.vwo
 .text.lr2_2007my_ms_2a0_handler
                0x0000000000002bec       0x44 car.vwo
 .text.lr2_2007my_ms_188_handler
                0x0000000000002c30      0x174 car.vwo
 .text.lr2_2007my_ms_110_handler
                0x0000000000002da4       0x3c car.vwo
 .text.lr2_2007my_ms_fd_handler
                0x0000000000002de0       0x30 car.vwo
 .text.lr2_2007my_ms_7e_handler
                0x0000000000002e10       0x60 car.vwo
 .text.lr2_2007my_ms_6c_handler
                0x0000000000002e70       0x44 car.vwo
 .text.xc90_2007my_ms_rem_handler
                0x0000000000002eb4       0xd4 car.vwo
 .text.skoda_fabia_ms_rem_handler
                0x0000000000002f88       0xd0 car.vwo
 .text.car_get_next_car
                0x0000000000003058       0x14 car.vwo
                0x0000000000003058                car_get_next_car
 .text.car_init
                0x000000000000306c       0x50 car.vwo
                0x000000000000306c                car_init
 .text.car_get_car
                0x00000000000030bc        0xc car.vwo
                0x00000000000030bc                car_get_car
 .text.car_process
                0x00000000000030c8       0x70 car.vwo
                0x00000000000030c8                car_process
 .text.car_get_acc
                0x0000000000003138       0x10 car.vwo
                0x0000000000003138                car_get_acc
 .text.car_get_ign
                0x0000000000003148       0x10 car.vwo
                0x0000000000003148                car_get_ign
 .text.car_get_illum
                0x0000000000003158       0x10 car.vwo
                0x0000000000003158                car_get_illum
 .text.car_get_park_lights
                0x0000000000003168       0x10 car.vwo
                0x0000000000003168                car_get_park_lights
 .text.car_get_near_lights
                0x0000000000003178       0x10 car.vwo
                0x0000000000003178                car_get_near_lights
 .text.car_get_radar
                0x0000000000003188       0x10 car.vwo
                0x0000000000003188                car_get_radar
 .text.car_get_wheel
                0x0000000000003198       0x10 car.vwo
                0x0000000000003198                car_get_wheel
 .text.car_get_vin
                0x00000000000031a8       0x38 car.vwo
                0x00000000000031a8                car_get_vin
 .text.car_get_odometer
                0x00000000000031e0        0xc car.vwo
                0x00000000000031e0                car_get_odometer
 .text.car_get_selector
                0x00000000000031ec        0xc car.vwo
                0x00000000000031ec                car_get_selector
 .text.car_get_door_fl
                0x00000000000031f8       0x10 car.vwo
                0x00000000000031f8                car_get_door_fl
 .text.car_get_door_fr
                0x0000000000003208       0x10 car.vwo
                0x0000000000003208                car_get_door_fr
 .text.car_get_door_rl
                0x0000000000003218       0x10 car.vwo
                0x0000000000003218                car_get_door_rl
 .text.car_get_door_rr
                0x0000000000003228       0x10 car.vwo
                0x0000000000003228                car_get_door_rr
 .text.car_get_bonnet
                0x0000000000003238       0x10 car.vwo
                0x0000000000003238                car_get_bonnet
 .text.car_get_tailgate
                0x0000000000003248       0x10 car.vwo
                0x0000000000003248                car_get_tailgate
 .text.car_get_park_break
                0x0000000000003258       0x10 car.vwo
                0x0000000000003258                car_get_park_break
 .text.car_get_low_washer
                0x0000000000003268       0x10 car.vwo
                0x0000000000003268                car_get_low_washer
 .text.car_get_ds_belt
                0x0000000000003278       0x10 car.vwo
                0x0000000000003278                car_get_ds_belt
 .text.car_get_taho
                0x0000000000003288        0xc car.vwo
                0x0000000000003288                car_get_taho
 .text.car_get_speed
                0x0000000000003294        0xc car.vwo
                0x0000000000003294                car_get_speed
 .text.car_get_voltage
                0x00000000000032a0        0xc car.vwo
                0x00000000000032a0                car_get_voltage
 .text.car_get_temp
                0x00000000000032ac        0xc car.vwo
                0x00000000000032ac                car_get_temp
 .text.car_get_low_voltage
                0x00000000000032b8       0x10 car.vwo
                0x00000000000032b8                car_get_low_voltage
 .text.car_get_low_fuel_level
                0x00000000000032c8       0x10 car.vwo
                0x00000000000032c8                car_get_low_fuel_level
 .text.car_get_air_ac
                0x00000000000032d8       0x10 car.vwo
                0x00000000000032d8                car_get_air_ac
 .text.car_get_air_ac_max
                0x00000000000032e8       0x10 car.vwo
                0x00000000000032e8                car_get_air_ac_max
 .text.car_get_air_recycling
                0x00000000000032f8       0x10 car.vwo
                0x00000000000032f8                car_get_air_recycling
 .text.car_get_air_recycling_max
                0x0000000000003308       0x10 car.vwo
                0x0000000000003308                car_get_air_recycling_max
 .text.car_get_air_recycling_min
                0x0000000000003318       0x10 car.vwo
                0x0000000000003318                car_get_air_recycling_min
 .text.car_get_air_dual
                0x0000000000003328       0x10 car.vwo
                0x0000000000003328                car_get_air_dual
 .text.car_get_air_rear
                0x0000000000003338       0x10 car.vwo
                0x0000000000003338                car_get_air_rear
 .text.car_get_air_rear_lock
                0x0000000000003348       0x10 car.vwo
                0x0000000000003348                car_get_air_rear_lock
 .text.car_get_air_aqs
                0x0000000000003358       0x10 car.vwo
                0x0000000000003358                car_get_air_aqs
 .text.car_get_air_wind
                0x0000000000003368       0x10 car.vwo
                0x0000000000003368                car_get_air_wind
 .text.car_get_air_middle
                0x0000000000003378       0x10 car.vwo
                0x0000000000003378                car_get_air_middle
 .text.car_get_air_floor
                0x0000000000003388       0x10 car.vwo
                0x0000000000003388                car_get_air_floor
 .text.car_get_air_powerfull
                0x0000000000003398       0x10 car.vwo
                0x0000000000003398                car_get_air_powerfull
 .text.car_get_air_fanspeed
                0x00000000000033a8       0x10 car.vwo
                0x00000000000033a8                car_get_air_fanspeed
 .text.car_get_air_l_temp
                0x00000000000033b8       0x10 car.vwo
                0x00000000000033b8                car_get_air_l_temp
 .text.car_get_air_r_temp
                0x00000000000033c8       0x10 car.vwo
                0x00000000000033c8                car_get_air_r_temp
 .text.car_get_air_l_seat
                0x00000000000033d8       0x10 car.vwo
                0x00000000000033d8                car_get_air_l_seat
 .text.car_get_air_r_seat
                0x00000000000033e8       0x10 car.vwo
                0x00000000000033e8                car_get_air_r_seat
 .text.hw_systick_callback
                0x00000000000033f8       0x90 tick.vwo
                0x00000000000033f8                hw_systick_callback
 .text.hw_setup
                0x0000000000003488       0x44 hw.vwo
                0x0000000000003488                hw_setup
 .text.hw_sleep
                0x00000000000034cc       0x24 hw.vwo
                0x00000000000034cc                hw_sleep
 .text.__local_ram
                0x00000000000034f0       0x14 sbrk.vwo
                0x00000000000034f0                local_heap_setup
 .text._sbrk_r  0x0000000000003504       0x38 sbrk.vwo
                0x0000000000003504                _sbrk_r
 .text.SYS_Init
                0x000000000000353c       0x24 vw_nc03/fw/hw_clock.vwo
                0x000000000000353c                SYS_Init
 .text.hw_clock_setup
                0x0000000000003560       0x28 vw_nc03/fw/hw_clock.vwo
                0x0000000000003560                hw_clock_setup
 .text.hw_can_get_mscan
                0x0000000000003588        0x8 vw_nc03/fw/hw_can.vwo
                0x0000000000003588                hw_can_get_mscan
 .text.hw_can_rcv_msg
                0x0000000000003590       0x94 vw_nc03/fw/hw_can.vwo
                0x0000000000003590                hw_can_rcv_msg
 .text.CAN0_IRQHandler
                0x0000000000003624       0x7c vw_nc03/fw/hw_can.vwo
                0x0000000000003624                CAN0_IRQHandler
 .text.hw_can_get_msg_nums
                0x00000000000036a0        0xc vw_nc03/fw/hw_can.vwo
                0x00000000000036a0                hw_can_get_msg_nums
 .text.hw_can_get_pack_nums
                0x00000000000036ac        0x4 vw_nc03/fw/hw_can.vwo
                0x00000000000036ac                hw_can_get_pack_nums
 .text.hw_can_get_msg
                0x00000000000036b0       0x28 vw_nc03/fw/hw_can.vwo
                0x00000000000036b0                hw_can_get_msg
 .text.hw_can_setup
                0x00000000000036d8       0xec vw_nc03/fw/hw_can.vwo
                0x00000000000036d8                hw_can_setup
 .text.hw_can_set_speed
                0x00000000000037c4       0x18 vw_nc03/fw/hw_can.vwo
                0x00000000000037c4                hw_can_set_speed
 .text.hw_can_disable
                0x00000000000037dc       0x18 vw_nc03/fw/hw_can.vwo
                0x00000000000037dc                hw_can_disable
 .text.hw_can_clr
                0x00000000000037f4       0x10 vw_nc03/fw/hw_can.vwo
                0x00000000000037f4                hw_can_clr
 .text.hw_can_sleep
                0x0000000000003804       0x38 vw_nc03/fw/hw_can.vwo
                0x0000000000003804                hw_can_sleep
 .text.GPCDEF_IRQHandler
                0x000000000000383c       0x2c vw_nc03/fw/hw_can.vwo
                0x000000000000383c                GPCDEF_IRQHandler
 .text.hw_gpio_set
                0x0000000000003868        0xc vw_nc03/fw/hw_gpio.vwo
                0x0000000000003868                hw_gpio_set
 .text.hw_gpio_clr
                0x0000000000003874        0xc vw_nc03/fw/hw_gpio.vwo
                0x0000000000003874                hw_gpio_clr
 .text.hw_gpio_set_float
                0x0000000000003880        0xc vw_nc03/fw/hw_gpio.vwo
                0x0000000000003880                hw_gpio_set_float
 .text.hw_gpio_setup
                0x000000000000388c       0x3c vw_nc03/fw/hw_gpio.vwo
                0x000000000000388c                hw_gpio_setup
 .text.hw_gpio_disable
                0x00000000000038c8       0x2c vw_nc03/fw/hw_gpio.vwo
                0x00000000000038c8                hw_gpio_disable
 .text.hw_gpio_rear_on
                0x00000000000038f4       0x10 vw_nc03/fw/hw_gpio.vwo
                0x00000000000038f4                hw_gpio_rear_on
 .text.hw_gpio_rear_off
                0x0000000000003904       0x10 vw_nc03/fw/hw_gpio.vwo
                0x0000000000003904                hw_gpio_rear_off
 .text.hw_gpio_acc_on
                0x0000000000003914       0x10 vw_nc03/fw/hw_gpio.vwo
                0x0000000000003914                hw_gpio_acc_on
 .text.hw_gpio_acc_off
                0x0000000000003924       0x10 vw_nc03/fw/hw_gpio.vwo
                0x0000000000003924                hw_gpio_acc_off
 .text.hw_gpio_ill_on
                0x0000000000003934       0x10 vw_nc03/fw/hw_gpio.vwo
                0x0000000000003934                hw_gpio_ill_on
 .text.hw_gpio_ill_off
                0x0000000000003944       0x10 vw_nc03/fw/hw_gpio.vwo
                0x0000000000003944                hw_gpio_ill_off
 .text.hw_systick_setup
                0x0000000000003954       0x10 vw_nc03/fw/hw_tick.vwo
                0x0000000000003954                hw_systick_setup
 .text.hw_systick_disable
                0x0000000000003964        0x8 vw_nc03/fw/hw_tick.vwo
                0x0000000000003964                hw_systick_disable
 .text.SysTick_Handler
                0x000000000000396c        0x8 vw_nc03/fw/hw_tick.vwo
                0x000000000000396c                SysTick_Handler
 .text.hw_usart_write
                0x0000000000003974       0x18 vw_nc03/fw/hw_usart.vwo
                0x0000000000003974                hw_usart_write
 .text.hw_usart_read_ch
                0x000000000000398c        0xa vw_nc03/fw/hw_usart.vwo
                0x000000000000398c                hw_usart_read_ch
 *fill*         0x0000000000003996        0x2 
 .text.hw_usart_get
                0x0000000000003998        0x8 vw_nc03/fw/hw_usart.vwo
                0x0000000000003998                hw_usart_get
 .text.usart_isr
                0x00000000000039a0       0x60 vw_nc03/fw/hw_usart.vwo
                0x00000000000039a0                usart_isr
 .text.UART02_IRQHandler
                0x0000000000003a00       0x10 vw_nc03/fw/hw_usart.vwo
                0x0000000000003a00                UART02_IRQHandler
 .text.hw_usart_disable
                0x0000000000003a10       0x24 vw_nc03/fw/hw_usart.vwo
                0x0000000000003a10                hw_usart_disable
 .text.hw_usart_setup
                0x0000000000003a34       0x58 vw_nc03/fw/hw_usart.vwo
                0x0000000000003a34                hw_usart_setup
 .text.hw_cpu_sleep
                0x0000000000003a8c        0x8 vw_nc03/fw/hw_sleep.vwo
                0x0000000000003a8c                hw_cpu_sleep
 .text.SYS_UnlockReg
                0x0000000000003a94       0x20 vw_nc03/fw/hw_conf.vwo
 .text.FMC_Erase.isra.0
                0x0000000000003ab4       0x2c vw_nc03/fw/hw_conf.vwo
 .text.hw_conf_get_addr
                0x0000000000003ae0        0x6 vw_nc03/fw/hw_conf.vwo
                0x0000000000003ae0                hw_conf_get_addr
 .text.hw_conf_get_sz
                0x0000000000003ae6        0x6 vw_nc03/fw/hw_conf.vwo
                0x0000000000003ae6                hw_conf_get_sz
 .text.hw_conf_read_word
                0x0000000000003aec       0x20 vw_nc03/fw/hw_conf.vwo
                0x0000000000003aec                hw_conf_read_word
 .text.hw_conf_unlock
                0x0000000000003b0c        0xc vw_nc03/fw/hw_conf.vwo
                0x0000000000003b0c                hw_conf_unlock
 .text.hw_conf_lock
                0x0000000000003b18       0x14 vw_nc03/fw/hw_conf.vwo
                0x0000000000003b18                hw_conf_lock
 .text.hw_conf_erase
                0x0000000000003b2c       0x1c vw_nc03/fw/hw_conf.vwo
                0x0000000000003b2c                hw_conf_erase
 .text.hw_conf_write_word
                0x0000000000003b48       0x20 vw_nc03/fw/hw_conf.vwo
                0x0000000000003b48                hw_conf_write_word
 .text.hw_conf_setup
                0x0000000000003b68       0x60 vw_nc03/fw/hw_conf.vwo
                0x0000000000003b68                hw_conf_setup
 .text.SYS_ResetChip
                0x0000000000003bc8        0xe vw_nc03/fw/nuc131bsp/Library/StdDriver/src/sys.vwo
                0x0000000000003bc8                SYS_ResetChip
 *fill*         0x0000000000003bd6        0x2 
 .text.SYS_ResetModule
                0x0000000000003bd8       0x20 vw_nc03/fw/nuc131bsp/Library/StdDriver/src/sys.vwo
                0x0000000000003bd8                SYS_ResetModule
 .text.CLK_PowerDown
                0x0000000000003bf8       0x24 vw_nc03/fw/nuc131bsp/Library/StdDriver/src/clk.vwo
                0x0000000000003bf8                CLK_PowerDown
 .text.CLK_GetPCLKFreq
                0x0000000000003c1c       0x10 vw_nc03/fw/nuc131bsp/Library/StdDriver/src/clk.vwo
                0x0000000000003c1c                CLK_GetPCLKFreq
 .text.CLK_SetHCLK
                0x0000000000003c2c       0x4c vw_nc03/fw/nuc131bsp/Library/StdDriver/src/clk.vwo
                0x0000000000003c2c                CLK_SetHCLK
 .text.CLK_SetModuleClock
                0x0000000000003c78       0x68 vw_nc03/fw/nuc131bsp/Library/StdDriver/src/clk.vwo
                0x0000000000003c78                CLK_SetModuleClock
 .text.CLK_EnableXtalRC
                0x0000000000003ce0       0x10 vw_nc03/fw/nuc131bsp/Library/StdDriver/src/clk.vwo
                0x0000000000003ce0                CLK_EnableXtalRC
 .text.CLK_EnableModuleClock
                0x0000000000003cf0       0x34 vw_nc03/fw/nuc131bsp/Library/StdDriver/src/clk.vwo
                0x0000000000003cf0                CLK_EnableModuleClock
 .text.CLK_DisableModuleClock
                0x0000000000003d24       0x34 vw_nc03/fw/nuc131bsp/Library/StdDriver/src/clk.vwo
                0x0000000000003d24                CLK_DisableModuleClock
 .text.CLK_WaitClockReady
                0x0000000000003d58       0x24 vw_nc03/fw/nuc131bsp/Library/StdDriver/src/clk.vwo
                0x0000000000003d58                CLK_WaitClockReady
 .text.CLK_EnablePLL
                0x0000000000003d7c      0x1a8 vw_nc03/fw/nuc131bsp/Library/StdDriver/src/clk.vwo
                0x0000000000003d7c                CLK_EnablePLL
 .text.CLK_SetCoreClock
                0x0000000000003f24       0x80 vw_nc03/fw/nuc131bsp/Library/StdDriver/src/clk.vwo
                0x0000000000003f24                CLK_SetCoreClock
 .text.CLK_EnableSysTick
                0x0000000000003fa4       0x3c vw_nc03/fw/nuc131bsp/Library/StdDriver/src/clk.vwo
                0x0000000000003fa4                CLK_EnableSysTick
 .text.CLK_DisableSysTick
                0x0000000000003fe0        0xc vw_nc03/fw/nuc131bsp/Library/StdDriver/src/clk.vwo
                0x0000000000003fe0                CLK_DisableSysTick
 .text.GPIO_SetMode
                0x0000000000003fec       0x2c vw_nc03/fw/nuc131bsp/Library/StdDriver/src/gpio.vwo
                0x0000000000003fec                GPIO_SetMode
 .text.CLK_GetPLLClockFreq
                0x0000000000004018       0x58 vw_nc03/fw/nuc131bsp/Library/StdDriver/src/uart.vwo
 .text.UART_Close
                0x0000000000004070        0x6 vw_nc03/fw/nuc131bsp/Library/StdDriver/src/uart.vwo
                0x0000000000004070                UART_Close
 *fill*         0x0000000000004076        0x2 
 .text.UART_DisableInt
                0x0000000000004078       0x60 vw_nc03/fw/nuc131bsp/Library/StdDriver/src/uart.vwo
                0x0000000000004078                UART_DisableInt
 .text.UART_EnableInt
                0x00000000000040d8       0x60 vw_nc03/fw/nuc131bsp/Library/StdDriver/src/uart.vwo
                0x00000000000040d8                UART_EnableInt
 .text.UART_Open
                0x0000000000004138       0x90 vw_nc03/fw/nuc131bsp/Library/StdDriver/src/uart.vwo
                0x0000000000004138                UART_Open
 .text.can_update_spt
                0x00000000000041c8       0x4e vw_nc03/fw/nuc131bsp/Library/StdDriver/src/can.vwo
 .text.GetFreeIF
                0x0000000000004216       0x1e vw_nc03/fw/nuc131bsp/Library/StdDriver/src/can.vwo
 .text.CAN_EnterInitMode
                0x0000000000004234       0x12 vw_nc03/fw/nuc131bsp/Library/StdDriver/src/can.vwo
                0x0000000000004234                CAN_EnterInitMode
 .text.CAN_LeaveInitMode
                0x0000000000004246       0x12 vw_nc03/fw/nuc131bsp/Library/StdDriver/src/can.vwo
                0x0000000000004246                CAN_LeaveInitMode
 .text.CAN_IsNewDataReceived
                0x0000000000004258       0x16 vw_nc03/fw/nuc131bsp/Library/StdDriver/src/can.vwo
                0x0000000000004258                CAN_IsNewDataReceived
 *fill*         0x000000000000426e        0x2 
 .text.CAN_BasicReceiveMsg
                0x0000000000004270       0xa8 vw_nc03/fw/nuc131bsp/Library/StdDriver/src/can.vwo
                0x0000000000004270                CAN_BasicReceiveMsg
 .text.CAN_SetRxMsgObjAndMsk
                0x0000000000004318       0xac vw_nc03/fw/nuc131bsp/Library/StdDriver/src/can.vwo
                0x0000000000004318                CAN_SetRxMsgObjAndMsk
 .text.CAN_ReadMsgObj
                0x00000000000043c4       0xb4 vw_nc03/fw/nuc131bsp/Library/StdDriver/src/can.vwo
                0x00000000000043c4                CAN_ReadMsgObj
 .text.CAN_SetBaudRate
                0x0000000000004478      0x14c vw_nc03/fw/nuc131bsp/Library/StdDriver/src/can.vwo
                0x0000000000004478                CAN_SetBaudRate
 .text.CAN_Open
                0x00000000000045c4       0x1c vw_nc03/fw/nuc131bsp/Library/StdDriver/src/can.vwo
                0x00000000000045c4                CAN_Open
 .text.CAN_EnableInt
                0x00000000000045e0       0x20 vw_nc03/fw/nuc131bsp/Library/StdDriver/src/can.vwo
                0x00000000000045e0                CAN_EnableInt
 .text.CAN_DisableInt
                0x0000000000004600       0x20 vw_nc03/fw/nuc131bsp/Library/StdDriver/src/can.vwo
                0x0000000000004600                CAN_DisableInt
 .text.CAN_Close
                0x0000000000004620        0xa vw_nc03/fw/nuc131bsp/Library/StdDriver/src/can.vwo
                0x0000000000004620                CAN_Close
 .text.CAN_Receive
                0x000000000000462a       0x22 vw_nc03/fw/nuc131bsp/Library/StdDriver/src/can.vwo
                0x000000000000462a                CAN_Receive
 .text.CAN_CLR_INT_PENDING_BIT
                0x000000000000464c       0x3a vw_nc03/fw/nuc131bsp/Library/StdDriver/src/can.vwo
                0x000000000000464c                CAN_CLR_INT_PENDING_BIT
 *fill*         0x0000000000004686        0x2 
 .text.FMC_Close
                0x0000000000004688       0x10 vw_nc03/fw/nuc131bsp/Library/StdDriver/src/fmc.vwo
                0x0000000000004688                FMC_Close
 .text.FMC_EnableAPUpdate
                0x0000000000004698       0x10 vw_nc03/fw/nuc131bsp/Library/StdDriver/src/fmc.vwo
                0x0000000000004698                FMC_EnableAPUpdate
 .text.FMC_EnableConfigUpdate
                0x00000000000046a8       0x10 vw_nc03/fw/nuc131bsp/Library/StdDriver/src/fmc.vwo
                0x00000000000046a8                FMC_EnableConfigUpdate
 .text.FMC_GetBootSource
                0x00000000000046b8       0x10 vw_nc03/fw/nuc131bsp/Library/StdDriver/src/fmc.vwo
                0x00000000000046b8                FMC_GetBootSource
 .text.FMC_Open
                0x00000000000046c8       0x10 vw_nc03/fw/nuc131bsp/Library/StdDriver/src/fmc.vwo
                0x00000000000046c8                FMC_Open
 .text.FMC_ReadConfig
                0x00000000000046d8       0x38 vw_nc03/fw/nuc131bsp/Library/StdDriver/src/fmc.vwo
                0x00000000000046d8                FMC_ReadConfig
 .text.FMC_WriteConfig
                0x0000000000004710       0x58 vw_nc03/fw/nuc131bsp/Library/StdDriver/src/fmc.vwo
                0x0000000000004710                FMC_WriteConfig
 .text.SystemCoreClockUpdate
                0x0000000000004768       0xa0 vw_nc03/fw/nuc131bsp/Library/Device/Nuvoton/NUC131/Source/system_NUC131.vwo
                0x0000000000004768                SystemCoreClockUpdate
 .text.SystemInit
                0x0000000000004808        0x2 vw_nc03/fw/nuc131bsp/Library/Device/Nuvoton/NUC131/Source/system_NUC131.vwo
                0x0000000000004808                SystemInit
 *fill*         0x000000000000480a        0x2 
 .text          0x000000000000480c       0x34 vw_nc03/fw/nuc131bsp/Library/Device/Nuvoton/NUC131/Source/GCC/startup_NUC131.o
                0x000000000000480c                Reset_Handler
                0x0000000000004834                BRAKE0_IRQHandler
                0x0000000000004834                I2C0_IRQHandler
                0x0000000000004834                HardFault_Handler
                0x0000000000004834                PWM1_IRQHandler
                0x0000000000004834                PendSV_Handler
                0x0000000000004834                NMI_Handler
                0x0000000000004834                I2C1_IRQHandler
                0x0000000000004834                UART1_IRQHandler
                0x0000000000004834                CAN1_IRQHandler
                0x0000000000004834                CKD_IRQHandler
                0x0000000000004834                BRAKE1_IRQHandler
                0x0000000000004834                TMR0_IRQHandler
                0x0000000000004834                RTC_IRQHandler
                0x0000000000004834                PWRWU_IRQHandler
                0x0000000000004834                UART5_IRQHandler
                0x0000000000004834                BPWM1_IRQHandler
                0x0000000000004834                EINT1_IRQHandler
                0x0000000000004834                UART4_IRQHandler
                0x0000000000004834                Default_Handler
                0x0000000000004834                ADC_IRQHandler
                0x0000000000004834                TMR2_IRQHandler
                0x0000000000004834                BPWM0_IRQHandler
                0x0000000000004834                BOD_IRQHandler
                0x0000000000004834                WDT_IRQHandler
                0x0000000000004834                SVC_Handler
                0x0000000000004834                GPAB_IRQHandler
                0x0000000000004834                EINT0_IRQHandler
                0x0000000000004834                PWM0_IRQHandler
                0x0000000000004834                TMR3_IRQHandler
                0x0000000000004834                SPI0_IRQHandler
                0x0000000000004834                UART3_IRQHandler
                0x0000000000004834                TMR1_IRQHandler
 .text          0x0000000000004840       0x10 /usr/lib/gcc/arm-none-eabi/12.2.1/../../../arm-none-eabi/lib/thumb/v6-m/nofp/libc.a(lib_a-atexit.o)
                0x0000000000004840                atexit
 .text          0x0000000000004850       0x20 /usr/lib/gcc/arm-none-eabi/12.2.1/../../../arm-none-eabi/lib/thumb/v6-m/nofp/libc.a(lib_a-exit.o)
                0x0000000000004850                exit
 .text          0x0000000000004870       0x28 /usr/lib/gcc/arm-none-eabi/12.2.1/../../../arm-none-eabi/lib/thumb/v6-m/nofp/libc.a(lib_a-fini.o)
                0x0000000000004870                __libc_fini_array
 .text          0x0000000000004898       0x44 /usr/lib/gcc/arm-none-eabi/12.2.1/../../../arm-none-eabi/lib/thumb/v6-m/nofp/libc.a(lib_a-init.o)
                0x0000000000004898                __libc_init_array
 .text          0x00000000000048dc       0xa4 /usr/lib/gcc/arm-none-eabi/12.2.1/../../../arm-none-eabi/lib/thumb/v6-m/nofp/libc.a(lib_a-memcpy-stub.o)
                0x00000000000048dc                memcpy
 .text          0x0000000000004980       0xac /usr/lib/gcc/arm-none-eabi/12.2.1/../../../arm-none-eabi/lib/thumb/v6-m/nofp/libc.a(lib_a-memmove.o)
                0x0000000000004980                memmove
 .text          0x0000000000004a2c       0xa8 /usr/lib/gcc/arm-none-eabi/12.2.1/../../../arm-none-eabi/lib/thumb/v6-m/nofp/libc.a(lib_a-memset.o)
                0x0000000000004a2c                memset
 .text          0x0000000000004ad4      0x100 /usr/lib/gcc/arm-none-eabi/12.2.1/../../../arm-none-eabi/lib/thumb/v6-m/nofp/libc.a(lib_a-snprintf.o)
                0x0000000000004ad4                _snprintf_r
                0x0000000000004b50                snprintf
 .text          0x0000000000004bd4       0x10 /usr/lib/gcc/arm-none-eabi/12.2.1/../../../arm-none-eabi/lib/thumb/v6-m/nofp/libc.a(lib_a-strcpy.o)
                0x0000000000004bd4                strcpy
 .text          0x0000000000004be4       0x5c /usr/lib/gcc/arm-none-eabi/12.2.1/../../../arm-none-eabi/lib/thumb/v6-m/nofp/libc.a(lib_a-strlen-stub.o)
                0x0000000000004be4                strlen
 .text          0x0000000000004c40     0x15f0 /usr/lib/gcc/arm-none-eabi/12.2.1/../../../arm-none-eabi/lib/thumb/v6-m/nofp/libc.a(lib_a-svfprintf.o)
                0x0000000000004c40                _svfprintf_r
 .text          0x0000000000006230       0x88 /usr/lib/gcc/arm-none-eabi/12.2.1/../../../arm-none-eabi/lib/thumb/v6-m/nofp/libc.a(lib_a-__atexit.o)
                0x0000000000006230                __register_exitproc
 .text          0x00000000000062b8       0xe0 /usr/lib/gcc/arm-none-eabi/12.2.1/../../../arm-none-eabi/lib/thumb/v6-m/nofp/libc.a(lib_a-__call_atexit.o)
                0x00000000000062b8                __call_exitprocs
 .text.startup  0x0000000000006398       0x18 /usr/lib/gcc/arm-none-eabi/12.2.1/../../../arm-none-eabi/lib/thumb/v6-m/nofp/libc.a(lib_a-__call_atexit.o)
 .text          0x00000000000063b0     0x1104 /usr/lib/gcc/arm-none-eabi/12.2.1/../../../arm-none-eabi/lib/thumb/v6-m/nofp/libc.a(lib_a-dtoa.o)
                0x00000000000064f8                _dtoa_r
 .text          0x00000000000074b4       0x14 /usr/lib/gcc/arm-none-eabi/12.2.1/../../../arm-none-eabi/lib/thumb/v6-m/nofp/libc.a(lib_a-localeconv.o)
                0x00000000000074b4                __localeconv_l
                0x00000000000074b8                _localeconv_r
                0x00000000000074c0                localeconv
 .text          0x00000000000074c8      0x574 /usr/lib/gcc/arm-none-eabi/12.2.1/../../../arm-none-eabi/lib/thumb/v6-m/nofp/libc.a(lib_a-mallocr.o)
                0x00000000000074c8                _malloc_r
 .text          0x0000000000007a3c       0x74 /usr/lib/gcc/arm-none-eabi/12.2.1/../../../arm-none-eabi/lib/thumb/v6-m/nofp/libc.a(lib_a-memchr-stub.o)
                0x0000000000007a3c                memchr
 .text          0x0000000000007ab0        0x8 /usr/lib/gcc/arm-none-eabi/12.2.1/../../../arm-none-eabi/lib/thumb/v6-m/nofp/libc.a(lib_a-mlock.o)
                0x0000000000007ab0                __malloc_lock
                0x0000000000007ab4                __malloc_unlock
 .text          0x0000000000007ab8      0xafc /usr/lib/gcc/arm-none-eabi/12.2.1/../../../arm-none-eabi/lib/thumb/v6-m/nofp/libc.a(lib_a-mprec.o)
                0x0000000000007ab8                _Balloc
                0x0000000000007b08                _Bfree
                0x0000000000007b1c                __multadd
                0x0000000000007bc4                __s2b
                0x0000000000007c74                __hi0bits
                0x0000000000007cac                __lo0bits
                0x0000000000007d08                __i2b
                0x0000000000007d68                __multiply
                0x0000000000007f0c                __pow5mult
                0x0000000000007fe4                __lshift
                0x00000000000080e0                __mcmp
                0x0000000000008114                __mdiff
                0x00000000000082a0                __ulp
                0x00000000000082e8                __b2d
                0x00000000000083b0                __d2b
                0x0000000000008488                __ratio
                0x00000000000084f0                _mprec_log10
                0x0000000000008524                __copybits
                0x0000000000008564                __any_on
 .text          0x00000000000085b4      0xbfc /usr/lib/gcc/arm-none-eabi/12.2.1/../../../arm-none-eabi/lib/thumb/v6-m/nofp/libc.a(lib_a-svfiprintf.o)
                0x00000000000085b4                __ssprint_r
                0x00000000000086c8                _svfiprintf_r
 .text          0x00000000000091b0       0x4c /usr/lib/gcc/arm-none-eabi/12.2.1/../../../arm-none-eabi/lib/thumb/v6-m/nofp/libc.a(lib_a-assert.o)
                0x00000000000091b0                __assert_func
                0x00000000000091f0                __assert
 .text          0x00000000000091fc       0x5c /usr/lib/gcc/arm-none-eabi/12.2.1/../../../arm-none-eabi/lib/thumb/v6-m/nofp/libc.a(lib_a-callocr.o)
                0x00000000000091fc                _calloc_r
 .text          0x0000000000009258       0x3c /usr/lib/gcc/arm-none-eabi/12.2.1/../../../arm-none-eabi/lib/thumb/v6-m/nofp/libc.a(lib_a-fiprintf.o)
                0x0000000000009258                _fiprintf_r
                0x0000000000009270                fiprintf
 .text          0x0000000000009294      0x260 /usr/lib/gcc/arm-none-eabi/12.2.1/../../../arm-none-eabi/lib/thumb/v6-m/nofp/libc.a(lib_a-freer.o)
                0x0000000000009294                _malloc_trim_r
                0x0000000000009330                _free_r
 .text          0x00000000000094f4       0x98 /usr/lib/gcc/arm-none-eabi/12.2.1/../../../arm-none-eabi/lib/thumb/v6-m/nofp/libc.a(lib_a-locale.o)
                0x00000000000094f4                _setlocale_r
                0x0000000000009538                __locale_mb_cur_max
                0x0000000000009548                setlocale
 .text          0x000000000000958c       0x44 /usr/lib/gcc/arm-none-eabi/12.2.1/../../../arm-none-eabi/lib/thumb/v6-m/nofp/libc.a(lib_a-mbtowc_r.o)
                0x000000000000958c                _mbtowc_r
                0x00000000000095a4                __ascii_mbtowc
 .text          0x00000000000095d0      0x354 /usr/lib/gcc/arm-none-eabi/12.2.1/../../../arm-none-eabi/lib/thumb/v6-m/nofp/libc.a(lib_a-reallocr.o)
                0x00000000000095d0                _realloc_r
 .text          0x0000000000009924       0x88 /usr/lib/gcc/arm-none-eabi/12.2.1/../../../arm-none-eabi/lib/thumb/v6-m/nofp/libc.a(lib_a-strcmp.o)
                0x0000000000009924                strcmp
 .text          0x00000000000099ac      0xdd8 /usr/lib/gcc/arm-none-eabi/12.2.1/../../../arm-none-eabi/lib/thumb/v6-m/nofp/libc.a(lib_a-vfiprintf.o)
                0x0000000000009a34                __sprint_r
                0x0000000000009a48                _vfiprintf_r
                0x000000000000a6f8                vfiprintf
 .text          0x000000000000a784       0x2c /usr/lib/gcc/arm-none-eabi/12.2.1/../../../arm-none-eabi/lib/thumb/v6-m/nofp/libc.a(lib_a-wctomb_r.o)
                0x000000000000a784                _wctomb_r
                0x000000000000a794                __ascii_wctomb
 .text          0x000000000000a7b0       0xdc /usr/lib/gcc/arm-none-eabi/12.2.1/../../../arm-none-eabi/lib/thumb/v6-m/nofp/libc.a(lib_a-wsetup.o)
                0x000000000000a7b0                __swsetup_r
 .text          0x000000000000a88c       0x10 /usr/lib/gcc/arm-none-eabi/12.2.1/../../../arm-none-eabi/lib/thumb/v6-m/nofp/libc.a(lib_a-abort.o)
                0x000000000000a88c                abort
 .text          0x000000000000a89c      0x1c0 /usr/lib/gcc/arm-none-eabi/12.2.1/../../../arm-none-eabi/lib/thumb/v6-m/nofp/libc.a(lib_a-fflush.o)
                0x000000000000a89c                __sflush_r
                0x000000000000a9dc                _fflush_r
                0x000000000000aa08                fflush
 .text          0x000000000000aa5c      0x248 /usr/lib/gcc/arm-none-eabi/12.2.1/../../../arm-none-eabi/lib/thumb/v6-m/nofp/libc.a(lib_a-findfp.o)
                0x000000000000aa60                _cleanup_r
                0x000000000000ab5c                __sfmoreglue
                0x000000000000ab8c                __sfp
                0x000000000000ac3c                _cleanup
                0x000000000000ac54                __sinit
                0x000000000000ac64                __sfp_lock_acquire
                0x000000000000ac68                __sfp_lock_release
                0x000000000000ac6c                __sinit_lock_acquire
                0x000000000000ac70                __sinit_lock_release
                0x000000000000ac74                __fp_lock_all
                0x000000000000ac8c                __fp_unlock_all
 .text          0x000000000000aca4       0xfc /usr/lib/gcc/arm-none-eabi/12.2.1/../../../arm-none-eabi/lib/thumb/v6-m/nofp/libc.a(lib_a-fputwc.o)
                0x000000000000aca4                __fputwc
                0x000000000000ad3c                _fputwc_r
                0x000000000000ad5c                fputwc
 .text          0x000000000000ada0      0x2f4 /usr/lib/gcc/arm-none-eabi/12.2.1/../../../arm-none-eabi/lib/thumb/v6-m/nofp/libc.a(lib_a-fvwrite.o)
                0x000000000000ada0                __sfvwrite_r
 .text          0x000000000000b094       0x88 /usr/lib/gcc/arm-none-eabi/12.2.1/../../../arm-none-eabi/lib/thumb/v6-m/nofp/libc.a(lib_a-fwalk.o)
                0x000000000000b094                _fwalk
                0x000000000000b0d4                _fwalk_reent
 .text          0x000000000000b11c      0x144 /usr/lib/gcc/arm-none-eabi/12.2.1/../../../arm-none-eabi/lib/thumb/v6-m/nofp/libc.a(lib_a-makebuf.o)
                0x000000000000b11c                __smakebuf_r
                0x000000000000b200                __swhatbuf_r
 .text          0x000000000000b260      0x2a0 /usr/lib/gcc/arm-none-eabi/12.2.1/../../../arm-none-eabi/lib/thumb/v6-m/nofp/libc.a(lib_a-signal.o)
                0x000000000000b260                _init_signal_r
                0x000000000000b294                _signal_r
                0x000000000000b2ec                _raise_r
                0x000000000000b348                __sigtramp_r
                0x000000000000b3a8                raise
                0x000000000000b408                signal
                0x000000000000b45c                _init_signal
                0x000000000000b498                __sigtramp
 .text          0x000000000000b500       0x30 /usr/lib/gcc/arm-none-eabi/12.2.1/../../../arm-none-eabi/lib/thumb/v6-m/nofp/libc.a(lib_a-signalr.o)
                0x000000000000b500                _kill_r
                0x000000000000b528                _getpid_r
 .text          0x000000000000b530       0xa4 /usr/lib/gcc/arm-none-eabi/12.2.1/../../../arm-none-eabi/lib/thumb/v6-m/nofp/libc.a(lib_a-stdio.o)
                0x000000000000b530                __sread
                0x000000000000b558                __seofread
                0x000000000000b55c                __swrite
                0x000000000000b59c                __sseek
                0x000000000000b5c8                __sclose
 .text          0x000000000000b5d4       0xe0 /usr/lib/gcc/arm-none-eabi/12.2.1/../../../arm-none-eabi/lib/thumb/v6-m/nofp/libc.a(lib_a-wbuf.o)
                0x000000000000b5d4                __swbuf_r
                0x000000000000b69c                __swbuf
 .text          0x000000000000b6b4       0x84 /usr/lib/gcc/arm-none-eabi/12.2.1/../../../arm-none-eabi/lib/thumb/v6-m/nofp/libc.a(lib_a-wcrtomb.o)
                0x000000000000b6b4                _wcrtomb_r
                0x000000000000b6f4                wcrtomb
 .text          0x000000000000b738       0x28 /usr/lib/gcc/arm-none-eabi/12.2.1/../../../arm-none-eabi/lib/thumb/v6-m/nofp/libc.a(lib_a-writer.o)
                0x000000000000b738                _write_r
 .text          0x000000000000b760       0x24 /usr/lib/gcc/arm-none-eabi/12.2.1/../../../arm-none-eabi/lib/thumb/v6-m/nofp/libc.a(lib_a-closer.o)
                0x000000000000b760                _close_r
 .text          0x000000000000b784       0xe8 /usr/lib/gcc/arm-none-eabi/12.2.1/../../../arm-none-eabi/lib/thumb/v6-m/nofp/libc.a(lib_a-fclose.o)
                0x000000000000b7f4                _fclose_r
                0x000000000000b82c                fclose
 .text          0x000000000000b86c       0x28 /usr/lib/gcc/arm-none-eabi/12.2.1/../../../arm-none-eabi/lib/thumb/v6-m/nofp/libc.a(lib_a-fstatr.o)
                0x000000000000b86c                _fstat_r
 .text          0x000000000000b894       0x24 /usr/lib/gcc/arm-none-eabi/12.2.1/../../../arm-none-eabi/lib/thumb/v6-m/nofp/libc.a(lib_a-isattyr.o)
                0x000000000000b894                _isatty_r
 .text          0x000000000000b8b8       0x28 /usr/lib/gcc/arm-none-eabi/12.2.1/../../../arm-none-eabi/lib/thumb/v6-m/nofp/libc.a(lib_a-lseekr.o)
                0x000000000000b8b8                _lseek_r
 .text          0x000000000000b8e0       0x28 /usr/lib/gcc/arm-none-eabi/12.2.1/../../../arm-none-eabi/lib/thumb/v6-m/nofp/libc.a(lib_a-readr.o)
                0x000000000000b8e0                _read_r
 .text          0x000000000000b908       0x14 /usr/lib/gcc/arm-none-eabi/12.2.1/thumb/v6-m/nofp/libgcc.a(_thumb1_case_sqi.o)
                0x000000000000b908                __gnu_thumb1_case_sqi
 .text          0x000000000000b91c       0x14 /usr/lib/gcc/arm-none-eabi/12.2.1/thumb/v6-m/nofp/libgcc.a(_thumb1_case_uqi.o)
                0x000000000000b91c                __gnu_thumb1_case_uqi
 .text          0x000000000000b930      0x114 /usr/lib/gcc/arm-none-eabi/12.2.1/thumb/v6-m/nofp/libgcc.a(_udivsi3.o)
                0x000000000000b930                __udivsi3
                0x000000000000b930                __aeabi_uidiv
                0x000000000000ba3c                __aeabi_uidivmod
 .text          0x000000000000ba44      0x1d4 /usr/lib/gcc/arm-none-eabi/12.2.1/thumb/v6-m/nofp/libgcc.a(_divsi3.o)
                0x000000000000ba44                __aeabi_idiv
                0x000000000000ba44                __divsi3
                0x000000000000bc10                __aeabi_idivmod
 .text          0x000000000000bc18        0x4 /usr/lib/gcc/arm-none-eabi/12.2.1/thumb/v6-m/nofp/libgcc.a(_dvmd_tls.o)
                0x000000000000bc18                __aeabi_ldiv0
                0x000000000000bc18                __aeabi_idiv0
 .text          0x000000000000bc1c       0x7c /usr/lib/gcc/arm-none-eabi/12.2.1/thumb/v6-m/nofp/libgcc.a(_arm_cmpdf2.o)
                0x000000000000bc1c                __aeabi_cdrcmple
                0x000000000000bc2c                __aeabi_cdcmple
                0x000000000000bc2c                __aeabi_cdcmpeq
                0x000000000000bc3c                __aeabi_dcmpeq
                0x000000000000bc48                __aeabi_dcmplt
                0x000000000000bc5c                __aeabi_dcmple
                0x000000000000bc70                __aeabi_dcmpgt
                0x000000000000bc84                __aeabi_dcmpge
 .text          0x000000000000bc98       0x40 /usr/lib/gcc/arm-none-eabi/12.2.1/thumb/v6-m/nofp/libgcc.a(_aeabi_uldivmod.o)
                0x000000000000bc98                __aeabi_uldivmod
 .text          0x000000000000bcd8       0x30 /usr/lib/gcc/arm-none-eabi/12.2.1/thumb/v6-m/nofp/libgcc.a(_fixunssfsi.o)
                0x000000000000bcd8                __aeabi_f2uiz
                0x000000000000bcd8                __fixunssfsi
 .text          0x000000000000bd08       0x3c /usr/lib/gcc/arm-none-eabi/12.2.1/thumb/v6-m/nofp/libgcc.a(_fixunsdfsi.o)
                0x000000000000bd08                __fixunsdfsi
                0x000000000000bd08                __aeabi_d2uiz
 .text          0x000000000000bd44      0x198 /usr/lib/gcc/arm-none-eabi/12.2.1/thumb/v6-m/nofp/libgcc.a(_udivmoddi4.o)
                0x000000000000bd44                __udivmoddi4
 .text          0x000000000000bedc      0x304 /usr/lib/gcc/arm-none-eabi/12.2.1/thumb/v6-m/nofp/libgcc.a(addsf3.o)
                0x000000000000bedc                __aeabi_fadd
 .text          0x000000000000c1e0      0x240 /usr/lib/gcc/arm-none-eabi/12.2.1/thumb/v6-m/nofp/libgcc.a(divsf3.o)
                0x000000000000c1e0                __aeabi_fdiv
 .text          0x000000000000c420      0x27c /usr/lib/gcc/arm-none-eabi/12.2.1/thumb/v6-m/nofp/libgcc.a(mulsf3.o)
                0x000000000000c420                __aeabi_fmul
 .text          0x000000000000c69c      0x324 /usr/lib/gcc/arm-none-eabi/12.2.1/thumb/v6-m/nofp/libgcc.a(subsf3.o)
                0x000000000000c69c                __aeabi_fsub
 .text          0x000000000000c9c0       0x40 /usr/lib/gcc/arm-none-eabi/12.2.1/thumb/v6-m/nofp/libgcc.a(fixsfsi.o)
                0x000000000000c9c0                __aeabi_f2iz
 .text          0x000000000000ca00       0x98 /usr/lib/gcc/arm-none-eabi/12.2.1/thumb/v6-m/nofp/libgcc.a(floatsisf.o)
                0x000000000000ca00                __aeabi_i2f
 .text          0x000000000000ca98       0x84 /usr/lib/gcc/arm-none-eabi/12.2.1/thumb/v6-m/nofp/libgcc.a(floatunsisf.o)
                0x000000000000ca98                __aeabi_ui2f
 .text          0x000000000000cb1c      0x6bc /usr/lib/gcc/arm-none-eabi/12.2.1/thumb/v6-m/nofp/libgcc.a(adddf3.o)
                0x000000000000cb1c                __aeabi_dadd
 .text          0x000000000000d1d8      0x638 /usr/lib/gcc/arm-none-eabi/12.2.1/thumb/v6-m/nofp/libgcc.a(divdf3.o)
                0x000000000000d1d8                __aeabi_ddiv
 .text          0x000000000000d810       0x88 /usr/lib/gcc/arm-none-eabi/12.2.1/thumb/v6-m/nofp/libgcc.a(eqdf2.o)
                0x000000000000d810                __eqdf2
                0x000000000000d810                __nedf2
 .text          0x000000000000d898       0xe8 /usr/lib/gcc/arm-none-eabi/12.2.1/thumb/v6-m/nofp/libgcc.a(gedf2.o)
                0x000000000000d898                __gtdf2
                0x000000000000d898                __gedf2
 .text          0x000000000000d980       0xe4 /usr/lib/gcc/arm-none-eabi/12.2.1/thumb/v6-m/nofp/libgcc.a(ledf2.o)
                0x000000000000d980                __ltdf2
                0x000000000000d980                __ledf2
 .text          0x000000000000da64      0x588 /usr/lib/gcc/arm-none-eabi/12.2.1/thumb/v6-m/nofp/libgcc.a(muldf3.o)
                0x000000000000da64                __aeabi_dmul
 .text          0x000000000000dfec      0x704 /usr/lib/gcc/arm-none-eabi/12.2.1/thumb/v6-m/nofp/libgcc.a(subdf3.o)
                0x000000000000dfec                __aeabi_dsub
 .text          0x000000000000e6f0       0x44 /usr/lib/gcc/arm-none-eabi/12.2.1/thumb/v6-m/nofp/libgcc.a(unorddf2.o)
                0x000000000000e6f0                __aeabi_dcmpun
 .text          0x000000000000e734       0x78 /usr/lib/gcc/arm-none-eabi/12.2.1/thumb/v6-m/nofp/libgcc.a(fixdfsi.o)
                0x000000000000e734                __aeabi_d2iz
 .text          0x000000000000e7ac       0x60 /usr/lib/gcc/arm-none-eabi/12.2.1/thumb/v6-m/nofp/libgcc.a(floatsidf.o)
                0x000000000000e7ac                __aeabi_i2d
 .text          0x000000000000e80c       0x4c /usr/lib/gcc/arm-none-eabi/12.2.1/thumb/v6-m/nofp/libgcc.a(floatunsidf.o)
                0x000000000000e80c                __aeabi_ui2d
 .text          0x000000000000e858       0x74 /usr/lib/gcc/arm-none-eabi/12.2.1/thumb/v6-m/nofp/libgcc.a(_arm_cmpsf2.o)
                0x000000000000e858                __aeabi_cfrcmple
                0x000000000000e860                __aeabi_cfcmple
                0x000000000000e860                __aeabi_cfcmpeq
                0x000000000000e870                __aeabi_fcmpeq
                0x000000000000e87c                __aeabi_fcmplt
                0x000000000000e890                __aeabi_fcmple
                0x000000000000e8a4                __aeabi_fcmpgt
                0x000000000000e8b8                __aeabi_fcmpge
 .text          0x000000000000e8cc       0x3c /usr/lib/gcc/arm-none-eabi/12.2.1/thumb/v6-m/nofp/libgcc.a(_clzsi2.o)
                0x000000000000e8cc                __clzsi2
 .text          0x000000000000e908       0x18 /usr/lib/gcc/arm-none-eabi/12.2.1/thumb/v6-m/nofp/libgcc.a(_clzdi2.o)
                0x000000000000e908                __clzdi2
 .text          0x000000000000e920       0x50 /usr/lib/gcc/arm-none-eabi/12.2.1/thumb/v6-m/nofp/libgcc.a(eqsf2.o)
                0x000000000000e920                __nesf2
                0x000000000000e920                __eqsf2
 .text          0x000000000000e970       0xa0 /usr/lib/gcc/arm-none-eabi/12.2.1/thumb/v6-m/nofp/libgcc.a(gesf2.o)
                0x000000000000e970                __gtsf2
                0x000000000000e970                __gesf2
 .text          0x000000000000ea10       0x9c /usr/lib/gcc/arm-none-eabi/12.2.1/thumb/v6-m/nofp/libgcc.a(lesf2.o)
                0x000000000000ea10                __lesf2
                0x000000000000ea10                __ltsf2
 .text          0x000000000000eaac       0x10 /usr/lib/gcc/arm-none-eabi/12.2.1/../../../arm-none-eabi/lib/thumb/v6-m/nofp/libnosys.a(close.o)
                0x000000000000eaac                _close
 .text          0x000000000000eabc       0x10 /usr/lib/gcc/arm-none-eabi/12.2.1/../../../arm-none-eabi/lib/thumb/v6-m/nofp/libnosys.a(fstat.o)
                0x000000000000eabc                _fstat
 .text          0x000000000000eacc       0x10 /usr/lib/gcc/arm-none-eabi/12.2.1/../../../arm-none-eabi/lib/thumb/v6-m/nofp/libnosys.a(getpid.o)
                0x000000000000eacc                _getpid
 .text          0x000000000000eadc       0x10 /usr/lib/gcc/arm-none-eabi/12.2.1/../../../arm-none-eabi/lib/thumb/v6-m/nofp/libnosys.a(isatty.o)
                0x000000000000eadc                _isatty
 .text          0x000000000000eaec       0x10 /usr/lib/gcc/arm-none-eabi/12.2.1/../../../arm-none-eabi/lib/thumb/v6-m/nofp/libnosys.a(kill.o)
                0x000000000000eaec                _kill
 .text          0x000000000000eafc       0x10 /usr/lib/gcc/arm-none-eabi/12.2.1/../../../arm-none-eabi/lib/thumb/v6-m/nofp/libnosys.a(lseek.o)
                0x000000000000eafc                _lseek
 .text          0x000000000000eb0c       0x10 /usr/lib/gcc/arm-none-eabi/12.2.1/../../../arm-none-eabi/lib/thumb/v6-m/nofp/libnosys.a(read.o)
                0x000000000000eb0c                _read
 .text          0x000000000000eb1c       0x10 /usr/lib/gcc/arm-none-eabi/12.2.1/../../../arm-none-eabi/lib/thumb/v6-m/nofp/libnosys.a(write.o)
                0x000000000000eb1c                _write
 .text          0x000000000000eb2c        0x4 /usr/lib/gcc/arm-none-eabi/12.2.1/../../../arm-none-eabi/lib/thumb/v6-m/nofp/libnosys.a(_exit.o)
                0x000000000000eb2c                _exit
 *(.init)
 .init          0x000000000000eb30        0x4 /usr/lib/gcc/arm-none-eabi/12.2.1/thumb/v6-m/nofp/crti.o
                0x000000000000eb30                _init
 .init          0x000000000000eb34        0x8 /usr/lib/gcc/arm-none-eabi/12.2.1/thumb/v6-m/nofp/crtn.o
 *(.fini)
 .fini          0x000000000000eb3c        0x4 /usr/lib/gcc/arm-none-eabi/12.2.1/thumb/v6-m/nofp/crti.o
                0x000000000000eb3c                _fini
 .fini          0x000000000000eb40        0x8 /usr/lib/gcc/arm-none-eabi/12.2.1/thumb/v6-m/nofp/crtn.o
 *crtbegin.o(.ctors)
 *crtbegin?.o(.ctors)
 *(EXCLUDE_FILE(*crtend.o *crtend?.o) .ctors)
 *(SORT_BY_NAME(.ctors.*))
 *(.ctors)
 *crtbegin.o(.dtors)
 *crtbegin?.o(.dtors)
 *(EXCLUDE_FILE(*crtend.o *crtend?.o) .dtors)
 *(SORT_BY_NAME(.dtors.*))
 *(.dtors)
 *(.rodata*)
 .rodata.clr_rscreen.str1.1
                0x000000000000eb48        0x5 main.vwo
 .rodata.print_line.str1.1
                0x000000000000eb4d       0x17 main.vwo
 .rodata.clr_screen.str1.1
                0x000000000000eb64        0x5 main.vwo
 .rodata.print_sniffer.str1.1
                0x000000000000eb69       0x85 main.vwo
                                         0x96 (size before relaxing)
 .rodata.print_debug.str1.1
                0x000000000000ebee      0x244 main.vwo
                                        0x247 (size before relaxing)
 .rodata.main.str1.1
                0x000000000000ee32        0x7 main.vwo
 .rodata.str1.1
                0x000000000000ee39       0xa7 main.vwo
 .rodata.CSWTCH.48
                0x000000000000eee0       0x20 main.vwo
 .rodata.CSWTCH.47
                0x000000000000ef00       0x10 main.vwo
 .rodata.CSWTCH.46
                0x000000000000ef10       0x1c main.vwo
 .rodata.canbox_cmd_process.str1.1
                0x000000000000ef2c       0x11 canbox.vwo
 .rodata        0x000000000000ef3d       0x1b canbox.vwo
 .rodata        0x000000000000ef58       0x20 vw_nc03/fw/nuc131bsp/Library/StdDriver/src/clk.vwo
 .rodata        0x000000000000ef78       0x10 vw_nc03/fw/nuc131bsp/Library/StdDriver/src/uart.vwo
 .rodata        0x000000000000ef88        0x4 /usr/lib/gcc/arm-none-eabi/12.2.1/../../../arm-none-eabi/lib/thumb/v6-m/nofp/libc.a(lib_a-impure.o)
                0x000000000000ef88                _global_impure_ptr
 .rodata.str1.4
                0x000000000000ef8c       0x42 /usr/lib/gcc/arm-none-eabi/12.2.1/../../../arm-none-eabi/lib/thumb/v6-m/nofp/libc.a(lib_a-svfprintf.o)
 *fill*         0x000000000000efce        0x2 
 .rodata        0x000000000000efd0      0x184 /usr/lib/gcc/arm-none-eabi/12.2.1/../../../arm-none-eabi/lib/thumb/v6-m/nofp/libc.a(lib_a-svfprintf.o)
 .rodata.str1.4
                0x000000000000f154       0x56 /usr/lib/gcc/arm-none-eabi/12.2.1/../../../arm-none-eabi/lib/thumb/v6-m/nofp/libc.a(lib_a-dtoa.o)
                                         0x5a (size before relaxing)
 *fill*         0x000000000000f1aa        0x2 
 .rodata.str1.4
                0x000000000000f1ac       0x33 /usr/lib/gcc/arm-none-eabi/12.2.1/../../../arm-none-eabi/lib/thumb/v6-m/nofp/libc.a(lib_a-mprec.o)
                                         0x47 (size before relaxing)
 *fill*         0x000000000000f1df        0x1 
 .rodata        0x000000000000f1e0      0x128 /usr/lib/gcc/arm-none-eabi/12.2.1/../../../arm-none-eabi/lib/thumb/v6-m/nofp/libc.a(lib_a-mprec.o)
                0x000000000000f1f0                __mprec_tinytens
                0x000000000000f218                __mprec_bigtens
                0x000000000000f240                __mprec_tens
 .rodata.str1.4
                0x000000000000f308       0x2f /usr/lib/gcc/arm-none-eabi/12.2.1/../../../arm-none-eabi/lib/thumb/v6-m/nofp/libc.a(lib_a-svfiprintf.o)
 .rodata        0x000000000000f308      0x184 /usr/lib/gcc/arm-none-eabi/12.2.1/../../../arm-none-eabi/lib/thumb/v6-m/nofp/libc.a(lib_a-svfiprintf.o)
 .rodata.str1.4
                0x000000000000f48c       0x3f /usr/lib/gcc/arm-none-eabi/12.2.1/../../../arm-none-eabi/lib/thumb/v6-m/nofp/libc.a(lib_a-assert.o)
                                         0x43 (size before relaxing)
 *fill*         0x000000000000f4cb        0x1 
 .rodata.str1.4
                0x000000000000f4cc        0xe /usr/lib/gcc/arm-none-eabi/12.2.1/../../../arm-none-eabi/lib/thumb/v6-m/nofp/libc.a(lib_a-locale.o)
                                         0x12 (size before relaxing)
 .rodata.str1.4
                0x000000000000f4da       0x2f /usr/lib/gcc/arm-none-eabi/12.2.1/../../../arm-none-eabi/lib/thumb/v6-m/nofp/libc.a(lib_a-vfiprintf.o)
 *fill*         0x000000000000f4da        0x2 
 .rodata        0x000000000000f4dc      0x184 /usr/lib/gcc/arm-none-eabi/12.2.1/../../../arm-none-eabi/lib/thumb/v6-m/nofp/libc.a(lib_a-vfiprintf.o)
 .rodata        0x000000000000f660      0x101 /usr/lib/gcc/arm-none-eabi/12.2.1/../../../arm-none-eabi/lib/thumb/v6-m/nofp/libc.a(lib_a-ctype_.o)
                0x000000000000f660                _ctype_
 *fill*         0x000000000000f761        0x3 
 .rodata        0x000000000000f764       0x7c /usr/lib/gcc/arm-none-eabi/12.2.1/thumb/v6-m/nofp/libgcc.a(divsf3.o)
 .rodata        0x000000000000f7e0       0x40 /usr/lib/gcc/arm-none-eabi/12.2.1/thumb/v6-m/nofp/libgcc.a(divdf3.o)
 *(.eh_frame*)
 .eh_frame      0x000000000000f820        0x0 /usr/lib/gcc/arm-none-eabi/12.2.1/thumb/v6-m/nofp/crtbegin.o
 .eh_frame      0x000000000000f820        0x4 /usr/lib/gcc/arm-none-eabi/12.2.1/thumb/v6-m/nofp/crtend.o

.glue_7         0x000000000000f824        0x0
 .glue_7        0x000000000000f824        0x0 linker stubs

.glue_7t        0x000000000000f824        0x0
 .glue_7t       0x000000000000f824        0x0 linker stubs

.vfp11_veneer   0x000000000000f824        0x0
 .vfp11_veneer  0x000000000000f824        0x0 linker stubs

.v4_bx          0x000000000000f824        0x0
 .v4_bx         0x000000000000f824        0x0 linker stubs

.iplt           0x000000000000f824        0x0
 .iplt          0x000000000000f824        0x0 /usr/lib/gcc/arm-none-eabi/12.2.1/thumb/v6-m/nofp/crtbegin.o

.ARM.extab
 *(.ARM.extab* .gnu.linkonce.armextab.*)
                0x000000000000f824                __exidx_start = .

.ARM.exidx      0x000000000000f824        0x8
 *(.ARM.exidx* .gnu.linkonce.armexidx.*)
 .ARM.exidx     0x000000000000f824        0x8 /usr/lib/gcc/arm-none-eabi/12.2.1/../../../arm-none-eabi/lib/thumb/v6-m/nofp/crt0.o
                                         0x10 (size before relaxing)
 .ARM.exidx     0x000000000000f82c        0x0 /usr/lib/gcc/arm-none-eabi/12.2.1/thumb/v6-m/nofp/libgcc.a(_udivmoddi4.o)
                                          0x8 (size before relaxing)
                0x000000000000f82c                __exidx_end = .
                0x000000000000f82c                __etext = .

.rel.dyn        0x000000000000f82c        0x0
 .rel.iplt      0x000000000000f82c        0x0 /usr/lib/gcc/arm-none-eabi/12.2.1/thumb/v6-m/nofp/crtbegin.o

.data           0x0000000020000000     0x1428 load address 0x000000000000f82c
                0x0000000020000000                __data_start__ = .
 *(vtable)
 *(.data*)
 .data.max_show_sniff_num
                0x0000000020000000        0x4 main.vwo
                0x0000000020000000                max_show_sniff_num
 .data.key_cb   0x0000000020000004       0x40 main.vwo
                0x0000000020000004                key_cb
 .data.conf     0x0000000020000044       0x10 conf.vwo
                0x0000000020000044                conf
 .data.toyota_premio_26x_ms
                0x0000000020000054       0x80 car.vwo
                0x0000000020000054                toyota_premio_26x_ms
 .data.q3_2015_ms
                0x00000000200000d4       0xe0 car.vwo
 .data.skoda_fabia_ms
                0x00000000200001b4       0x90 car.vwo
                0x00000000200001b4                skoda_fabia_ms
 .data.xc90_2007my_ms
                0x0000000020000244       0x70 car.vwo
                0x0000000020000244                xc90_2007my_ms
 .data.lr2_2013my_ms
                0x00000000200002b4       0x40 car.vwo
                0x00000000200002b4                lr2_2013my_ms
 .data.lr2_2007my_ms
                0x00000000200002f4       0x70 car.vwo
 .data.anymsg_desc
                0x0000000020000364       0x10 car.vwo
                0x0000000020000364                anymsg_desc
 .data.key_state
                0x0000000020000374       0x14 car.vwo
 .data.car_air_state
                0x0000000020000388       0x12 car.vwo
 *fill*         0x000000002000039a        0x2 
 .data.carstate
                0x000000002000039c       0x4c car.vwo
 .data.speeds   0x00000000200003e8       0x14 vw_nc03/fw/hw_can.vwo
                0x00000000200003e8                speeds
 .data.can0     0x00000000200003fc      0x5d0 vw_nc03/fw/hw_can.vwo
 .data.ill      0x00000000200009cc        0x8 vw_nc03/fw/hw_gpio.vwo
 .data.acc      0x00000000200009d4        0x8 vw_nc03/fw/hw_gpio.vwo
 .data.park     0x00000000200009dc        0x8 vw_nc03/fw/hw_gpio.vwo
 .data.rear     0x00000000200009e4        0x8 vw_nc03/fw/hw_gpio.vwo
 .data.usart0   0x00000000200009ec       0x54 vw_nc03/fw/hw_usart.vwo
 .data.gau32ClkSrcTbl
                0x0000000020000a40       0x20 vw_nc03/fw/nuc131bsp/Library/Device/Nuvoton/NUC131/Source/system_NUC131.vwo
                0x0000000020000a40                gau32ClkSrcTbl
 .data.PllClock
                0x0000000020000a60        0x4 vw_nc03/fw/nuc131bsp/Library/Device/Nuvoton/NUC131/Source/system_NUC131.vwo
                0x0000000020000a60                PllClock
 .data.CyclesPerUs
                0x0000000020000a64        0x4 vw_nc03/fw/nuc131bsp/Library/Device/Nuvoton/NUC131/Source/system_NUC131.vwo
                0x0000000020000a64                CyclesPerUs
 .data.SystemCoreClock
                0x0000000020000a68        0x4 vw_nc03/fw/nuc131bsp/Library/Device/Nuvoton/NUC131/Source/system_NUC131.vwo
                0x0000000020000a68                SystemCoreClock
 *fill*         0x0000000020000a6c        0x4 
 .data          0x0000000020000a70      0x430 /usr/lib/gcc/arm-none-eabi/12.2.1/../../../arm-none-eabi/lib/thumb/v6-m/nofp/libc.a(lib_a-impure.o)
                0x0000000020000a70                _impure_ptr
 .data          0x0000000020000ea0      0x410 /usr/lib/gcc/arm-none-eabi/12.2.1/../../../arm-none-eabi/lib/thumb/v6-m/nofp/libc.a(lib_a-mallocr.o)
                0x0000000020000ea0                __malloc_sbrk_base
                0x0000000020000ea4                __malloc_trim_threshold
                0x0000000020000ea8                __malloc_av_
 .data          0x00000000200012b0      0x16c /usr/lib/gcc/arm-none-eabi/12.2.1/../../../arm-none-eabi/lib/thumb/v6-m/nofp/libc.a(lib_a-locale.o)
                0x00000000200012b0                __global_locale
                0x000000002000141c                . = ALIGN (0x4)
                0x000000002000141c                PROVIDE (__preinit_array_start = .)
 *(.preinit_array)
                0x000000002000141c                PROVIDE (__preinit_array_end = .)
                0x000000002000141c                . = ALIGN (0x4)
                0x000000002000141c                PROVIDE (__init_array_start = .)
 *(SORT_BY_NAME(.init_array.*))
 .init_array.00000
                0x000000002000141c        0x4 /usr/lib/gcc/arm-none-eabi/12.2.1/../../../arm-none-eabi/lib/thumb/v6-m/nofp/libc.a(lib_a-__call_atexit.o)
 *(.init_array)
 .init_array    0x0000000020001420        0x4 /usr/lib/gcc/arm-none-eabi/12.2.1/thumb/v6-m/nofp/crtbegin.o
                0x0000000020001424                PROVIDE (__init_array_end = .)
                0x0000000020001424                . = ALIGN (0x4)
                0x0000000020001424                PROVIDE (__fini_array_start = .)
 *(SORT_BY_NAME(.fini_array.*))
 *(.fini_array)
 .fini_array    0x0000000020001424        0x4 /usr/lib/gcc/arm-none-eabi/12.2.1/thumb/v6-m/nofp/crtbegin.o
                0x0000000020001428                PROVIDE (__fini_array_end = .)
 *(.jcr*)
                0x0000000020001428                . = ALIGN (0x4)
                0x0000000020001428                __data_end__ = .

.tm_clone_table
                0x0000000020001428        0x0 load address 0x0000000000010c54
 .tm_clone_table
                0x0000000020001428        0x0 /usr/lib/gcc/arm-none-eabi/12.2.1/thumb/v6-m/nofp/crtbegin.o
 .tm_clone_table
                0x0000000020001428        0x0 /usr/lib/gcc/arm-none-eabi/12.2.1/thumb/v6-m/nofp/crtend.o

.igot.plt       0x0000000020001428        0x0 load address 0x0000000000010c54
 .igot.plt      0x0000000020001428        0x0 /usr/lib/gcc/arm-none-eabi/12.2.1/thumb/v6-m/nofp/crtbegin.o

.bss            0x0000000020001428      0x2e0 load address 0x0000000000010c54
                0x0000000020001428                . = ALIGN (0x4)
                0x0000000020001428                __bss_start__ = .
 *(.bss*)
 .bss           0x0000000020001428       0x1c /usr/lib/gcc/arm-none-eabi/12.2.1/thumb/v6-m/nofp/crtbegin.o
 .bss.wakeups   0x0000000020001444        0x4 main.vwo
                0x0000000020001444                wakeups
 .bss.sniffer_on
                0x0000000020001448        0x1 main.vwo
                0x0000000020001448                sniffer_on
 .bss.msg_idx   0x0000000020001449        0x1 main.vwo
                0x0000000020001449                msg_idx
 *fill*         0x000000002000144a        0x2 
 .bss.debug_on_cnt
                0x000000002000144c        0x4 main.vwo
                0x000000002000144c                debug_on_cnt
 .bss.debug_on  0x0000000020001450        0x1 main.vwo
                0x0000000020001450                debug_on
 *fill*         0x0000000020001451        0x3 
 .bss.rear_on_delay
                0x0000000020001454        0x4 main.vwo
 .bss.rear_off_delay
                0x0000000020001458        0x4 main.vwo
 .bss.park_is_on.0
                0x000000002000145c        0x1 canbox.vwo
 .bss.low_state.1
                0x000000002000145d        0x1 canbox.vwo
 .bss.park_is_on.2
                0x000000002000145e        0x1 canbox.vwo
 .bss.rx_state  0x000000002000145f        0x1 canbox.vwo
 .bss.rx_idx    0x0000000020001460        0x1 canbox.vwo
 .bss.rx_buffer
                0x0000000020001461       0x20 canbox.vwo
 *fill*         0x0000000020001481        0x1 
 .bss.div_5ms.0
                0x0000000020001482        0x2 tick.vwo
 .bss.div_100ms.1
                0x0000000020001484        0x2 tick.vwo
 .bss.div_250ms.2
                0x0000000020001486        0x2 tick.vwo
 .bss.div_1000ms.3
                0x0000000020001488        0x2 tick.vwo
 *fill*         0x000000002000148a        0x2 
 .bss.timer     0x000000002000148c       0x14 tick.vwo
                0x000000002000148c                timer
 .bss.usart_rx_ring_buffer
                0x00000000200014a0       0x20 hw.vwo
 .bss.usart_tx_ring_buffer
                0x00000000200014c0      0x200 hw.vwo
 .bss._heap_end
                0x00000000200016c0        0x4 sbrk.vwo
 .bss._cur_brk  0x00000000200016c4        0x4 sbrk.vwo
 .bss.can_isr_cnt
                0x00000000200016c8        0x4 vw_nc03/fw/hw_can.vwo
                0x00000000200016c8                can_isr_cnt
 .bss.usart_isr_cnt
                0x00000000200016cc        0x4 vw_nc03/fw/hw_usart.vwo
                0x00000000200016cc                usart_isr_cnt
 .bss           0x00000000200016d0       0x34 /usr/lib/gcc/arm-none-eabi/12.2.1/../../../arm-none-eabi/lib/thumb/v6-m/nofp/libc.a(lib_a-mallocr.o)
                0x00000000200016d0                __malloc_top_pad
                0x00000000200016d4                __malloc_current_mallinfo
                0x00000000200016fc                __malloc_max_sbrked_mem
                0x0000000020001700                __malloc_max_total_mem
 .bss           0x0000000020001704        0x4 /usr/lib/gcc/arm-none-eabi/12.2.1/../../../arm-none-eabi/lib/thumb/v6-m/nofp/libc.a(lib_a-reent.o)
                0x0000000020001704                errno
 *(COMMON)
                0x0000000020001708                . = ALIGN (0x4)
                0x0000000020001708                __bss_end__ = .

.heap           0x0000000020001708      0x100
                0x0000000020001708                __HeapBase = .
                0x0000000020001708                __end__ = .
                0x0000000020001708                end = __end__
 *(.heap*)
 .heap          0x0000000020001708      0x100 vw_nc03/fw/nuc131bsp/Library/Device/Nuvoton/NUC131/Source/GCC/startup_NUC131.o
                0x0000000020001808                __HeapLimit = .

.stack_dummy    0x0000000020001708      0x400
 *(.stack*)
 .stack         0x0000000020001708      0x400 vw_nc03/fw/nuc131bsp/Library/Device/Nuvoton/NUC131/Source/GCC/startup_NUC131.o
                0x0000000020002000                __StackTop = (ORIGIN (RAM) + LENGTH (RAM))
                0x0000000020001c00                __StackLimit = (__StackTop - SIZEOF (.stack_dummy))
                0x0000000020002000                PROVIDE (__stack = __StackTop)
                0x0000000000000001                ASSERT ((__StackLimit >= __HeapLimit), region RAM overflowed with stack)
OUTPUT(vw_nc03.elf elf32-littlearm)
LOAD linker stubs

.ARM.attributes
                0x0000000000000000       0x28
 .ARM.attributes
                0x0000000000000000       0x1e /usr/lib/gcc/arm-none-eabi/12.2.1/thumb/v6-m/nofp/crti.o
 .ARM.attributes
                0x000000000000001e       0x2c /usr/lib/gcc/arm-none-eabi/12.2.1/thumb/v6-m/nofp/crtbegin.o
 .ARM.attributes
                0x000000000000004a       0x1b /usr/lib/gcc/arm-none-eabi/12.2.1/../../../arm-none-eabi/lib/thumb/v6-m/nofp/crt0.o
 .ARM.attributes
                0x0000000000000065       0x2c main.vwo
 .ARM.attributes
                0x0000000000000091       0x2c canbox.vwo
 .ARM.attributes
                0x00000000000000bd       0x2c ring.vwo
 .ARM.attributes
                0x00000000000000e9       0x2c conf.vwo
 .ARM.attributes
                0x0000000000000115       0x2c car.vwo
 .ARM.attributes
                0x0000000000000141       0x2c tick.vwo
 .ARM.attributes
                0x000000000000016d       0x2c hw.vwo
 .ARM.attributes
                0x0000000000000199       0x2c sbrk.vwo
 .ARM.attributes
                0x00000000000001c5       0x2c vw_nc03/fw/hw_clock.vwo
 .ARM.attributes
                0x00000000000001f1       0x2c vw_nc03/fw/hw_can.vwo
 .ARM.attributes
                0x000000000000021d       0x2c vw_nc03/fw/hw_gpio.vwo
 .ARM.attributes
                0x0000000000000249       0x2c vw_nc03/fw/hw_tick.vwo
 .ARM.attributes
                0x0000000000000275       0x2c vw_nc03/fw/hw_usart.vwo
 .ARM.attributes
                0x00000000000002a1       0x2c vw_nc03/fw/hw_sleep.vwo
 .ARM.attributes
                0x00000000000002cd       0x2c vw_nc03/fw/hw_conf.vwo
 .ARM.attributes
                0x00000000000002f9       0x2c vw_nc03/fw/nuc131bsp/Library/StdDriver/src/sys.vwo
 .ARM.attributes
                0x0000000000000325       0x2c vw_nc03/fw/nuc131bsp/Library/StdDriver/src/clk.vwo
 .ARM.attributes
                0x0000000000000351       0x2c vw_nc03/fw/nuc131bsp/Library/StdDriver/src/gpio.vwo
 .ARM.attributes
                0x000000000000037d       0x2c vw_nc03/fw/nuc131bsp/Library/StdDriver/src/uart.vwo
 .ARM.attributes
                0x00000000000003a9       0x2c vw_nc03/fw/nuc131bsp/Library/StdDriver/src/can.vwo
 .ARM.attributes
                0x00000000000003d5       0x2c vw_nc03/fw/nuc131bsp/Library/StdDriver/src/fmc.vwo
 .ARM.attributes
                0x0000000000000401       0x2c vw_nc03/fw/nuc131bsp/Library/Device/Nuvoton/NUC131/Source/system_NUC131.vwo
 .ARM.attributes
                0x000000000000042d       0x1b vw_nc03/fw/nuc131bsp/Library/Device/Nuvoton/NUC131/Source/GCC/startup_NUC131.o
 .ARM.attributes
                0x0000000000000448       0x2c /usr/lib/gcc/arm-none-eabi/12.2.1/../../../arm-none-eabi/lib/thumb/v6-m/nofp/libc.a(lib_a-atexit.o)
 .ARM.attributes
                0x0000000000000474       0x2c /usr/lib/gcc/arm-none-eabi/12.2.1/../../../arm-none-eabi/lib/thumb/v6-m/nofp/libc.a(lib_a-exit.o)
 .ARM.attributes
                0x00000000000004a0       0x2c /usr/lib/gcc/arm-none-eabi/12.2.1/../../../arm-none-eabi/lib/thumb/v6-m/nofp/libc.a(lib_a-fini.o)
 .ARM.attributes
                0x00000000000004cc       0x2c /usr/lib/gcc/arm-none-eabi/12.2.1/../../../arm-none-eabi/lib/thumb/v6-m/nofp/libc.a(lib_a-impure.o)
 .ARM.attributes
                0x00000000000004f8       0x2c /usr/lib/gcc/arm-none-eabi/12.2.1/../../../arm-none-eabi/lib/thumb/v6-m/nofp/libc.a(lib_a-init.o)
 .ARM.attributes
                0x0000000000000524       0x2c /usr/lib/gcc/arm-none-eabi/12.2.1/../../../arm-none-eabi/lib/thumb/v6-m/nofp/libc.a(lib_a-memcpy-stub.o)
 .ARM.attributes
                0x0000000000000550       0x2c /usr/lib/gcc/arm-none-eabi/12.2.1/../../../arm-none-eabi/lib/thumb/v6-m/nofp/libc.a(lib_a-memmove.o)
 .ARM.attributes
                0x000000000000057c       0x2c /usr/lib/gcc/arm-none-eabi/12.2.1/../../../arm-none-eabi/lib/thumb/v6-m/nofp/libc.a(lib_a-memset.o)
 .ARM.attributes
                0x00000000000005a8       0x2c /usr/lib/gcc/arm-none-eabi/12.2.1/../../../arm-none-eabi/lib/thumb/v6-m/nofp/libc.a(lib_a-snprintf.o)
 .ARM.attributes
                0x00000000000005d4       0x2c /usr/lib/gcc/arm-none-eabi/12.2.1/../../../arm-none-eabi/lib/thumb/v6-m/nofp/libc.a(lib_a-strcpy.o)
 .ARM.attributes
                0x0000000000000600       0x2c /usr/lib/gcc/arm-none-eabi/12.2.1/../../../arm-none-eabi/lib/thumb/v6-m/nofp/libc.a(lib_a-strlen-stub.o)
 .ARM.attributes
                0x000000000000062c       0x2c /usr/lib/gcc/arm-none-eabi/12.2.1/../../../arm-none-eabi/lib/thumb/v6-m/nofp/libc.a(lib_a-svfprintf.o)
 .ARM.attributes
                0x0000000000000658       0x2c /usr/lib/gcc/arm-none-eabi/12.2.1/../../../arm-none-eabi/lib/thumb/v6-m/nofp/libc.a(lib_a-__atexit.o)
 .ARM.attributes
                0x0000000000000684       0x2c /usr/lib/gcc/arm-none-eabi/12.2.1/../../../arm-none-eabi/lib/thumb/v6-m/nofp/libc.a(lib_a-__call_atexit.o)
 .ARM.attributes
                0x00000000000006b0       0x2c /usr/lib/gcc/arm-none-eabi/12.2.1/../../../arm-none-eabi/lib/thumb/v6-m/nofp/libc.a(lib_a-dtoa.o)
 .ARM.attributes
                0x00000000000006dc       0x2c /usr/lib/gcc/arm-none-eabi/12.2.1/../../../arm-none-eabi/lib/thumb/v6-m/nofp/libc.a(lib_a-localeconv.o)
 .ARM.attributes
                0x0000000000000708       0x2c /usr/lib/gcc/arm-none-eabi/12.2.1/../../../arm-none-eabi/lib/thumb/v6-m/nofp/libc.a(lib_a-mallocr.o)
 .ARM.attributes
                0x0000000000000734       0x2c /usr/lib/gcc/arm-none-eabi/12.2.1/../../../arm-none-eabi/lib/thumb/v6-m/nofp/libc.a(lib_a-memchr-stub.o)
 .ARM.attributes
                0x0000000000000760       0x2c /usr/lib/gcc/arm-none-eabi/12.2.1/../../../arm-none-eabi/lib/thumb/v6-m/nofp/libc.a(lib_a-mlock.o)
 .ARM.attributes
                0x000000000000078c       0x2c /usr/lib/gcc/arm-none-eabi/12.2.1/../../../arm-none-eabi/lib/thumb/v6-m/nofp/libc.a(lib_a-mprec.o)
 .ARM.attributes
                0x00000000000007b8       0x2c /usr/lib/gcc/arm-none-eabi/12.2.1/../../../arm-none-eabi/lib/thumb/v6-m/nofp/libc.a(lib_a-svfiprintf.o)
 .ARM.attributes
                0x00000000000007e4       0x2c /usr/lib/gcc/arm-none-eabi/12.2.1/../../../arm-none-eabi/lib/thumb/v6-m/nofp/libc.a(lib_a-assert.o)
 .ARM.attributes
                0x0000000000000810       0x2c /usr/lib/gcc/arm-none-eabi/12.2.1/../../../arm-none-eabi/lib/thumb/v6-m/nofp/libc.a(lib_a-callocr.o)
 .ARM.attributes
                0x000000000000083c       0x2c /usr/lib/gcc/arm-none-eabi/12.2.1/../../../arm-none-eabi/lib/thumb/v6-m/nofp/libc.a(lib_a-fiprintf.o)
 .ARM.attributes
                0x0000000000000868       0x2c /usr/lib/gcc/arm-none-eabi/12.2.1/../../../arm-none-eabi/lib/thumb/v6-m/nofp/libc.a(lib_a-freer.o)
 .ARM.attributes
                0x0000000000000894       0x2c /usr/lib/gcc/arm-none-eabi/12.2.1/../../../arm-none-eabi/lib/thumb/v6-m/nofp/libc.a(lib_a-locale.o)
 .ARM.attributes
                0x00000000000008c0       0x2c /usr/lib/gcc/arm-none-eabi/12.2.1/../../../arm-none-eabi/lib/thumb/v6-m/nofp/libc.a(lib_a-mbtowc_r.o)
 .ARM.attributes
                0x00000000000008ec       0x2c /usr/lib/gcc/arm-none-eabi/12.2.1/../../../arm-none-eabi/lib/thumb/v6-m/nofp/libc.a(lib_a-reallocr.o)
 .ARM.attributes
                0x0000000000000918       0x1b /usr/lib/gcc/arm-none-eabi/12.2.1/../../../arm-none-eabi/lib/thumb/v6-m/nofp/libc.a(lib_a-strcmp.o)
 .ARM.attributes
                0x0000000000000933       0x2c /usr/lib/gcc/arm-none-eabi/12.2.1/../../../arm-none-eabi/lib/thumb/v6-m/nofp/libc.a(lib_a-vfiprintf.o)
 .ARM.attributes
                0x000000000000095f       0x2c /usr/lib/gcc/arm-none-eabi/12.2.1/../../../arm-none-eabi/lib/thumb/v6-m/nofp/libc.a(lib_a-wctomb_r.o)
 .ARM.attributes
                0x000000000000098b       0x2c /usr/lib/gcc/arm-none-eabi/12.2.1/../../../arm-none-eabi/lib/thumb/v6-m/nofp/libc.a(lib_a-wsetup.o)
 .ARM.attributes
                0x00000000000009b7       0x2c /usr/lib/gcc/arm-none-eabi/12.2.1/../../../arm-none-eabi/lib/thumb/v6-m/nofp/libc.a(lib_a-abort.o)
 .ARM.attributes
                0x00000000000009e3       0x2c /usr/lib/gcc/arm-none-eabi/12.2.1/../../../arm-none-eabi/lib/thumb/v6-m/nofp/libc.a(lib_a-ctype_.o)
 .ARM.attributes
                0x0000000000000a0f       0x2c /usr/lib/gcc/arm-none-eabi/12.2.1/../../../arm-none-eabi/lib/thumb/v6-m/nofp/libc.a(lib_a-fflush.o)
 .ARM.attributes
                0x0000000000000a3b       0x2c /usr/lib/gcc/arm-none-eabi/12.2.1/../../../arm-none-eabi/lib/thumb/v6-m/nofp/libc.a(lib_a-findfp.o)
 .ARM.attributes
                0x0000000000000a67       0x2c /usr/lib/gcc/arm-none-eabi/12.2.1/../../../arm-none-eabi/lib/thumb/v6-m/nofp/libc.a(lib_a-fputwc.o)
 .ARM.attributes
                0x0000000000000a93       0x2c /usr/lib/gcc/arm-none-eabi/12.2.1/../../../arm-none-eabi/lib/thumb/v6-m/nofp/libc.a(lib_a-fvwrite.o)
 .ARM.attributes
                0x0000000000000abf       0x2c /usr/lib/gcc/arm-none-eabi/12.2.1/../../../arm-none-eabi/lib/thumb/v6-m/nofp/libc.a(lib_a-fwalk.o)
 .ARM.attributes
                0x0000000000000aeb       0x2c /usr/lib/gcc/arm-none-eabi/12.2.1/../../../arm-none-eabi/lib/thumb/v6-m/nofp/libc.a(lib_a-makebuf.o)
 .ARM.attributes
                0x0000000000000b17       0x2c /usr/lib/gcc/arm-none-eabi/12.2.1/../../../arm-none-eabi/lib/thumb/v6-m/nofp/libc.a(lib_a-signal.o)
 .ARM.attributes
                0x0000000000000b43       0x2c /usr/lib/gcc/arm-none-eabi/12.2.1/../../../arm-none-eabi/lib/thumb/v6-m/nofp/libc.a(lib_a-signalr.o)
 .ARM.attributes
                0x0000000000000b6f       0x2c /usr/lib/gcc/arm-none-eabi/12.2.1/../../../arm-none-eabi/lib/thumb/v6-m/nofp/libc.a(lib_a-stdio.o)
 .ARM.attributes
                0x0000000000000b9b       0x2c /usr/lib/gcc/arm-none-eabi/12.2.1/../../../arm-none-eabi/lib/thumb/v6-m/nofp/libc.a(lib_a-wbuf.o)
 .ARM.attributes
                0x0000000000000bc7       0x2c /usr/lib/gcc/arm-none-eabi/12.2.1/../../../arm-none-eabi/lib/thumb/v6-m/nofp/libc.a(lib_a-wcrtomb.o)
 .ARM.attributes
                0x0000000000000bf3       0x2c /usr/lib/gcc/arm-none-eabi/12.2.1/../../../arm-none-eabi/lib/thumb/v6-m/nofp/libc.a(lib_a-writer.o)
 .ARM.attributes
                0x0000000000000c1f       0x2c /usr/lib/gcc/arm-none-eabi/12.2.1/../../../arm-none-eabi/lib/thumb/v6-m/nofp/libc.a(lib_a-closer.o)
 .ARM.attributes
                0x0000000000000c4b       0x2c /usr/lib/gcc/arm-none-eabi/12.2.1/../../../arm-none-eabi/lib/thumb/v6-m/nofp/libc.a(lib_a-fclose.o)
 .ARM.attributes
                0x0000000000000c77       0x2c /usr/lib/gcc/arm-none-eabi/12.2.1/../../../arm-none-eabi/lib/thumb/v6-m/nofp/libc.a(lib_a-fstatr.o)
 .ARM.attributes
                0x0000000000000ca3       0x2c /usr/lib/gcc/arm-none-eabi/12.2.1/../../../arm-none-eabi/lib/thumb/v6-m/nofp/libc.a(lib_a-isattyr.o)
 .ARM.attributes
                0x0000000000000ccf       0x2c /usr/lib/gcc/arm-none-eabi/12.2.1/../../../arm-none-eabi/lib/thumb/v6-m/nofp/libc.a(lib_a-lseekr.o)
 .ARM.attributes
                0x0000000000000cfb       0x2c /usr/lib/gcc/arm-none-eabi/12.2.1/../../../arm-none-eabi/lib/thumb/v6-m/nofp/libc.a(lib_a-readr.o)
 .ARM.attributes
                0x0000000000000d27       0x2c /usr/lib/gcc/arm-none-eabi/12.2.1/../../../arm-none-eabi/lib/thumb/v6-m/nofp/libc.a(lib_a-reent.o)
 .ARM.attributes
                0x0000000000000d53       0x1e /usr/lib/gcc/arm-none-eabi/12.2.1/thumb/v6-m/nofp/libgcc.a(_thumb1_case_sqi.o)
 .ARM.attributes
                0x0000000000000d71       0x1e /usr/lib/gcc/arm-none-eabi/12.2.1/thumb/v6-m/nofp/libgcc.a(_thumb1_case_uqi.o)
 .ARM.attributes
                0x0000000000000d8f       0x1e /usr/lib/gcc/arm-none-eabi/12.2.1/thumb/v6-m/nofp/libgcc.a(_udivsi3.o)
 .ARM.attributes
                0x0000000000000dad       0x1e /usr/lib/gcc/arm-none-eabi/12.2.1/thumb/v6-m/nofp/libgcc.a(_divsi3.o)
 .ARM.attributes
                0x0000000000000dcb       0x1e /usr/lib/gcc/arm-none-eabi/12.2.1/thumb/v6-m/nofp/libgcc.a(_dvmd_tls.o)
 .ARM.attributes
                0x0000000000000de9       0x1e /usr/lib/gcc/arm-none-eabi/12.2.1/thumb/v6-m/nofp/libgcc.a(_arm_cmpdf2.o)
 .ARM.attributes
                0x0000000000000e07       0x1e /usr/lib/gcc/arm-none-eabi/12.2.1/thumb/v6-m/nofp/libgcc.a(_aeabi_uldivmod.o)
 .ARM.attributes
                0x0000000000000e25       0x2c /usr/lib/gcc/arm-none-eabi/12.2.1/thumb/v6-m/nofp/libgcc.a(_fixunssfsi.o)
 .ARM.attributes
                0x0000000000000e51       0x2c /usr/lib/gcc/arm-none-eabi/12.2.1/thumb/v6-m/nofp/libgcc.a(_fixunsdfsi.o)
 .ARM.attributes
                0x0000000000000e7d       0x2c /usr/lib/gcc/arm-none-eabi/12.2.1/thumb/v6-m/nofp/libgcc.a(_udivmoddi4.o)
 .ARM.attributes
                0x0000000000000ea9       0x2c /usr/lib/gcc/arm-none-eabi/12.2.1/thumb/v6-m/nofp/libgcc.a(addsf3.o)
 .ARM.attributes
                0x0000000000000ed5       0x2c /usr/lib/gcc/arm-none-eabi/12.2.1/thumb/v6-m/nofp/libgcc.a(divsf3.o)
 .ARM.attributes
                0x0000000000000f01       0x2c /usr/lib/gcc/arm-none-eabi/12.2.1/thumb/v6-m/nofp/libgcc.a(mulsf3.o)
 .ARM.attributes
                0x0000000000000f2d       0x2c /usr/lib/gcc/arm-none-eabi/12.2.1/thumb/v6-m/nofp/libgcc.a(subsf3.o)
 .ARM.attributes
                0x0000000000000f59       0x2c /usr/lib/gcc/arm-none-eabi/12.2.1/thumb/v6-m/nofp/libgcc.a(fixsfsi.o)
 .ARM.attributes
                0x0000000000000f85       0x2c /usr/lib/gcc/arm-none-eabi/12.2.1/thumb/v6-m/nofp/libgcc.a(floatsisf.o)
 .ARM.attributes
                0x0000000000000fb1       0x2c /usr/lib/gcc/arm-none-eabi/12.2.1/thumb/v6-m/nofp/libgcc.a(floatunsisf.o)
 .ARM.attributes